[baseline-browser-mapping] The data in this module is over two months old.  To ensure accurate Baseline data, please update: `npm i baseline-browser-mapping@latest -D`
[baseline-browser-mapping] The data in this module is over two months old.  To ensure accurate Baseline data, please update: `npm i baseline-browser-mapping@latest -D`
[baseline-browser-mapping] The data in this module is over two months old.  To ensure accurate Baseline data, please update: `npm i baseline-browser-mapping@latest -D`
  console.warn
    MongoDB disconnected. Attempting to reconnect...

    [0m [90m 25 |[39m
     [90m 26 |[39m     mongoose[33m.[39mconnection[33m.[39mon([32m'disconnected'[39m[33m,[39m () [33m=>[39m {
    [31m[1m>[22m[39m[90m 27 |[39m       console[33m.[39mwarn([32m'MongoDB disconnected. Attempting to reconnect...'[39m)[33m;[39m
     [90m    |[39m               [31m[1m^[22m[39m
     [90m 28 |[39m     })[33m;[39m
     [90m 29 |[39m
     [90m 30 |[39m     mongoose[33m.[39mconnection[33m.[39mon([32m'reconnected'[39m[33m,[39m () [33m=>[39m {[0m

      at NativeConnection.warn (src/config/db.js:27:15)
      at NativeConnection.set (node_modules/mongoose/lib/connection.js:149:12)
      at NativeConnection.onClose (node_modules/mongoose/lib/connection.js:1319:19)
      at NativeConnection._close (node_modules/mongoose/lib/connection.js:1268:12)
          at async Promise.all (index 0)
      at Mongoose.disconnect (node_modules/mongoose/lib/mongoose.js:471:3)
      at Object.disconnect (tests/setup/mongodb-helper.js:64:7)
      at Object.<anonymous> (tests/integration/protected-routes.integration.test.js:14:5)

FAIL tests/integration/protected-routes.integration.test.js (36.878 s)
  Protected Routes - Integration Tests
    GET /api/profile
      ├ù deber├¡a permitir acceso con token v├ílido (30493 ms)
      ÔêÜ deber├¡a rechazar acceso sin token (448 ms)
      ÔêÜ deber├¡a rechazar acceso con token inv├ílido (48 ms)
    Rutas de Health Check
      ÔêÜ deber├¡a responder en la ruta de health check (48 ms)
      ÔêÜ deber├¡a responder en la ruta ra├¡z (42 ms)

  ÔùÅ Protected Routes - Integration Tests ÔÇ║ GET /api/profile ÔÇ║ deber├¡a permitir acceso con token v├ílido

    thrown: "Exceeded timeout of 30000 ms for a test.
    Add a timeout value to this test to increase the timeout, if this is a long-running test. See https://jestjs.io/docs/api#testname-fn-timeout."

      20 |
      21 |   describe('GET /api/profile', () => {
    > 22 |     it('deber├¡a permitir acceso con token v├ílido', async () => {
         |     ^
      23 |       const user = await User.create({
      24 |         email: 'test@example.com',
      25 |         name: 'Test User',

      at it (tests/integration/protected-routes.integration.test.js:22:5)
      at describe (tests/integration/protected-routes.integration.test.js:21:3)
      at Object.describe (tests/integration/protected-routes.integration.test.js:8:1)

  ÔùÅ Protected Routes - Integration Tests ÔÇ║ GET /api/profile ÔÇ║ deber├¡a permitir acceso con token v├ílido

    MongooseError: Can't call `openUri()` on an active connection with different connection strings. Make sure you aren't calling `mongoose.connect()` multiple times. See: https://mongoosejs.com/docs/connections.html#multiple_connections

       8 |
       9 |   try {
    > 10 |     await mongoose.connect(uri, {
         |                    ^
      11 |       serverSelectionTimeoutMS: 5000,
      12 |       socketTimeoutMS: 45000,
      13 |       maxPoolSize: 10,

      at NativeConnection.createClient (node_modules/mongoose/lib/drivers/node-mongodb-native/connection.js:251:13)
      at NativeConnection.openUri (node_modules/mongoose/lib/connection.js:1075:34)
      at Mongoose.connect (node_modules/mongoose/lib/mongoose.js:450:15)
      at connect (src/config/db.js:10:20)
      at connectDB (src/app.js:94:11)
      at Layer.handle [as handle_request] (node_modules/express/lib/router/layer.js:95:5)
      at trim_prefix (node_modules/express/lib/router/index.js:328:13)
      at node_modules/express/lib/router/index.js:286:9
      at Function.process_params (node_modules/express/lib/router/index.js:346:12)
      at next (node_modules/express/lib/router/index.js:280:10)
      at urlencodedParser (node_modules/body-parser/lib/types/urlencoded.js:91:7)
      at Layer.handle [as handle_request] (node_modules/express/lib/router/layer.js:95:5)
      at trim_prefix (node_modules/express/lib/router/index.js:328:13)
      at node_modules/express/lib/router/index.js:286:9
      at Function.process_params (node_modules/express/lib/router/index.js:346:12)
      at next (node_modules/express/lib/router/index.js:280:10)
      at jsonParser (node_modules/body-parser/lib/types/json.js:113:7)
      at Layer.handle [as handle_request] (node_modules/express/lib/router/layer.js:95:5)
      at trim_prefix (node_modules/express/lib/router/index.js:328:13)
      at node_modules/express/lib/router/index.js:286:9
      at Function.process_params (node_modules/express/lib/router/index.js:346:12)
      at next (node_modules/express/lib/router/index.js:280:10)
      at next (src/app.js:82:3)
      at Layer.handle [as handle_request] (node_modules/express/lib/router/layer.js:95:5)
      at trim_prefix (node_modules/express/lib/router/index.js:328:13)
      at node_modules/express/lib/router/index.js:286:9
      at Function.process_params (node_modules/express/lib/router/index.js:346:12)
      at next (node_modules/express/lib/router/index.js:280:10)
      at hpp (node_modules/hpp/lib/index.js:146:9)
      at Layer.handle [as handle_request] (node_modules/express/lib/router/layer.js:95:5)
      at trim_prefix (node_modules/express/lib/router/index.js:328:13)
      at node_modules/express/lib/router/index.js:286:9
      at Function.process_params (node_modules/express/lib/router/index.js:346:12)
      at next (node_modules/express/lib/router/index.js:280:10)
      at node_modules/express-mongo-sanitize/index.js:122:5
      at Layer.handle [as handle_request] (node_modules/express/lib/router/layer.js:95:5)
      at trim_prefix (node_modules/express/lib/router/index.js:328:13)
      at node_modules/express/lib/router/index.js:286:9
      at Function.process_params (node_modules/express/lib/router/index.js:346:12)
      at next (node_modules/express/lib/router/index.js:280:10)
      at node_modules/express-rate-limit/dist/index.cjs:942:7
      at node_modules/express-rate-limit/dist/index.cjs:825:5

FAIL tests/unit/utils/jwt.test.js
  JWT Utils - Unit Tests
    generateToken
      ├ù deber├¡a generar token JWT correctamente (14 ms)
    verifyToken
      ÔêÜ deber├¡a verificar token v├ílido (1 ms)
      ÔêÜ deber├¡a lanzar error para token expirado (15 ms)
      ÔêÜ deber├¡a lanzar error para token inv├ílido (2 ms)

  ÔùÅ JWT Utils - Unit Tests ÔÇ║ generateToken ÔÇ║ deber├¡a generar token JWT correctamente

    expect(jest.fn()).toHaveBeenCalledWith(...expected)

    - Expected
    + Received

      Object {
        "email": "test@example.com",
        "name": "Test User",
    +   "organization": null,
        "role": "employee",
        "userId": "507f1f77bcf86cd799439011",
      },
      "test-jwt-secret-for-testing-only-32-chars",
      {"expiresIn": "7d"},

    Number of calls: 1

      23 |       jwt.sign.mockReturnValue('fake-jwt-token');
      24 |       const token = generateToken(user);
    > 25 |       expect(jwt.sign).toHaveBeenCalledWith(
         |                        ^
      26 |         {
      27 |           userId: user._id,
      28 |           email: user.email,

      at Object.toHaveBeenCalledWith (tests/unit/utils/jwt.test.js:25:24)

  console.error
    Controller Error: AppError: Invalid email format
        at Function.badRequest (C:\Users\Javier\Documents\GitHub\TFGRepos\Back\tfg-backend\src\utils\AppError.js:20:12)
        at Validators.badRequest [as validateRegistrationData] (C:\Users\Javier\Documents\GitHub\TFGRepos\Back\tfg-backend\src\utils\validators.js:19:22)
        at validateRegistrationData (C:\Users\Javier\Documents\GitHub\TFGRepos\Back\tfg-backend\src\controllers\auth.controller.js:9:16)
        at Layer.handle [as handle_request] (C:\Users\Javier\Documents\GitHub\TFGRepos\Back\tfg-backend\node_modules\express\lib\router\layer.js:95:5)
        at next (C:\Users\Javier\Documents\GitHub\TFGRepos\Back\tfg-backend\node_modules\express\lib\router\route.js:149:13)
        at Route.dispatch (C:\Users\Javier\Documents\GitHub\TFGRepos\Back\tfg-backend\node_modules\express\lib\router\route.js:119:3)
        at Layer.handle [as handle_request] (C:\Users\Javier\Documents\GitHub\TFGRepos\Back\tfg-backend\node_modules\express\lib\router\layer.js:95:5)
        at C:\Users\Javier\Documents\GitHub\TFGRepos\Back\tfg-backend\node_modules\express\lib\router\index.js:284:15
        at Function.process_params (C:\Users\Javier\Documents\GitHub\TFGRepos\Back\tfg-backend\node_modules\express\lib\router\index.js:346:12)
        at next (C:\Users\Javier\Documents\GitHub\TFGRepos\Back\tfg-backend\node_modules\express\lib\router\index.js:280:10)
        at Function.handle (C:\Users\Javier\Documents\GitHub\TFGRepos\Back\tfg-backend\node_modules\express\lib\router\index.js:175:3)
        at router (C:\Users\Javier\Documents\GitHub\TFGRepos\Back\tfg-backend\node_modules\express\lib\router\index.js:47:12)
        at Layer.handle [as handle_request] (C:\Users\Javier\Documents\GitHub\TFGRepos\Back\tfg-backend\node_modules\express\lib\router\layer.js:95:5)
        at trim_prefix (C:\Users\Javier\Documents\GitHub\TFGRepos\Back\tfg-backend\node_modules\express\lib\router\index.js:328:13)
        at C:\Users\Javier\Documents\GitHub\TFGRepos\Back\tfg-backend\node_modules\express\lib\router\index.js:286:9
        at Function.process_params (C:\Users\Javier\Documents\GitHub\TFGRepos\Back\tfg-backend\node_modules\express\lib\router\index.js:346:12)
        at next (C:\Users\Javier\Documents\GitHub\TFGRepos\Back\tfg-backend\node_modules\express\lib\router\index.js:280:10)
        at C:\Users\Javier\Documents\GitHub\TFGRepos\Back\tfg-backend\node_modules\express\lib\router\index.js:646:15
        at next (C:\Users\Javier\Documents\GitHub\TFGRepos\Back\tfg-backend\node_modules\express\lib\router\index.js:265:14)
        at Function.handle (C:\Users\Javier\Documents\GitHub\TFGRepos\Back\tfg-backend\node_modules\express\lib\router\index.js:175:3)
        at router (C:\Users\Javier\Documents\GitHub\TFGRepos\Back\tfg-backend\node_modules\express\lib\router\index.js:47:12)
        at Layer.handle [as handle_request] (C:\Users\Javier\Documents\GitHub\TFGRepos\Back\tfg-backend\node_modules\express\lib\router\layer.js:95:5)
        at trim_prefix (C:\Users\Javier\Documents\GitHub\TFGRepos\Back\tfg-backend\node_modules\express\lib\router\index.js:328:13)
        at C:\Users\Javier\Documents\GitHub\TFGRepos\Back\tfg-backend\node_modules\express\lib\router\index.js:286:9
        at Function.process_params (C:\Users\Javier\Documents\GitHub\TFGRepos\Back\tfg-backend\node_modules\express\lib\router\index.js:346:12)
        at next (C:\Users\Javier\Documents\GitHub\TFGRepos\Back\tfg-backend\node_modules\express\lib\router\index.js:280:10)
        at next (C:\Users\Javier\Documents\GitHub\TFGRepos\Back\tfg-backend\src\app.js:97:3)
        at Layer.handle [as handle_request] (C:\Users\Javier\Documents\GitHub\TFGRepos\Back\tfg-backend\node_modules\express\lib\router\layer.js:95:5)
        at trim_prefix (C:\Users\Javier\Documents\GitHub\TFGRepos\Back\tfg-backend\node_modules\express\lib\router\index.js:328:13)
        at C:\Users\Javier\Documents\GitHub\TFGRepos\Back\tfg-backend\node_modules\express\lib\router\index.js:286:9
        at Function.process_params (C:\Users\Javier\Documents\GitHub\TFGRepos\Back\tfg-backend\node_modules\express\lib\router\index.js:346:12)
        at next (C:\Users\Javier\Documents\GitHub\TFGRepos\Back\tfg-backend\node_modules\express\lib\router\index.js:280:10)
        at urlencodedParser (C:\Users\Javier\Documents\GitHub\TFGRepos\Back\tfg-backend\node_modules\body-parser\lib\types\urlencoded.js:82:7)
        at Layer.handle [as handle_request] (C:\Users\Javier\Documents\GitHub\TFGRepos\Back\tfg-backend\node_modules\express\lib\router\layer.js:95:5)
        at trim_prefix (C:\Users\Javier\Documents\GitHub\TFGRepos\Back\tfg-backend\node_modules\express\lib\router\index.js:328:13)
        at C:\Users\Javier\Documents\GitHub\TFGRepos\Back\tfg-backend\node_modules\express\lib\router\index.js:286:9
        at Function.process_params (C:\Users\Javier\Documents\GitHub\TFGRepos\Back\tfg-backend\node_modules\express\lib\router\index.js:346:12)
        at next (C:\Users\Javier\Documents\GitHub\TFGRepos\Back\tfg-backend\node_modules\express\lib\router\index.js:280:10)
        at C:\Users\Javier\Documents\GitHub\TFGRepos\Back\tfg-backend\node_modules\body-parser\lib\read.js:137:5
        at AsyncResource.runInAsyncScope (node:async_hooks:206:9)
        at invokeCallback (C:\Users\Javier\Documents\GitHub\TFGRepos\Back\tfg-backend\node_modules\raw-body\index.js:238:16)
        at done (C:\Users\Javier\Documents\GitHub\TFGRepos\Back\tfg-backend\node_modules\raw-body\index.js:227:7)
        at IncomingMessage.onEnd (C:\Users\Javier\Documents\GitHub\TFGRepos\Back\tfg-backend\node_modules\raw-body\index.js:287:7)
        at IncomingMessage.emit (node:events:519:28)
        at endReadableNT (node:internal/streams/readable:1696:12)
        at processTicksAndRejections (node:internal/process/task_queues:82:21) {
      code: 'INVALID_EMAIL_FORMAT',
      status: 400,
      details: undefined
    }

    [0m [90m 36 |[39m     [36mreturn[39m[33m;[39m
     [90m 37 |[39m   }
    [31m[1m>[22m[39m[90m 38 |[39m   originalConsole[33m.[39merror([33m...[39margs)[33m;[39m
     [90m    |[39m                   [31m[1m^[22m[39m
     [90m 39 |[39m }[33m;[39m
     [90m 40 |[39m
     [90m 41 |[39m [90m// Timeout global para tests[39m[0m

      at console.error (tests/setup/test-setup.js:38:19)
      at ResponseHandler.error [as handleError] (src/utils/responseHandler.js:5:13)
      at handleError (src/controllers/auth.controller.js:19:28)
      at Layer.handle [as handle_request] (node_modules/express/lib/router/layer.js:95:5)
      at next (node_modules/express/lib/router/route.js:149:13)
      at Route.dispatch (node_modules/express/lib/router/route.js:119:3)
      at Layer.handle [as handle_request] (node_modules/express/lib/router/layer.js:95:5)
      at node_modules/express/lib/router/index.js:284:15
      at Function.process_params (node_modules/express/lib/router/index.js:346:12)
      at next (node_modules/express/lib/router/index.js:280:10)
      at Function.handle (node_modules/express/lib/router/index.js:175:3)
      at router (node_modules/express/lib/router/index.js:47:12)
      at Layer.handle [as handle_request] (node_modules/express/lib/router/layer.js:95:5)
      at trim_prefix (node_modules/express/lib/router/index.js:328:13)
      at node_modules/express/lib/router/index.js:286:9
      at Function.process_params (node_modules/express/lib/router/index.js:346:12)
      at next (node_modules/express/lib/router/index.js:280:10)
      at node_modules/express/lib/router/index.js:646:15
      at next (node_modules/express/lib/router/index.js:265:14)
      at Function.handle (node_modules/express/lib/router/index.js:175:3)
      at router (node_modules/express/lib/router/index.js:47:12)
      at Layer.handle [as handle_request] (node_modules/express/lib/router/layer.js:95:5)
      at trim_prefix (node_modules/express/lib/router/index.js:328:13)
      at node_modules/express/lib/router/index.js:286:9
      at Function.process_params (node_modules/express/lib/router/index.js:346:12)
      at next (node_modules/express/lib/router/index.js:280:10)
      at next (src/app.js:97:3)
      at Layer.handle [as handle_request] (node_modules/express/lib/router/layer.js:95:5)
      at trim_prefix (node_modules/express/lib/router/index.js:328:13)
      at node_modules/express/lib/router/index.js:286:9
      at Function.process_params (node_modules/express/lib/router/index.js:346:12)
      at next (node_modules/express/lib/router/index.js:280:10)
      at urlencodedParser (node_modules/body-parser/lib/types/urlencoded.js:82:7)
      at Layer.handle [as handle_request] (node_modules/express/lib/router/layer.js:95:5)
      at trim_prefix (node_modules/express/lib/router/index.js:328:13)
      at node_modules/express/lib/router/index.js:286:9
      at Function.process_params (node_modules/express/lib/router/index.js:346:12)
      at next (node_modules/express/lib/router/index.js:280:10)
      at node_modules/body-parser/lib/read.js:137:5
      at invokeCallback (node_modules/raw-body/index.js:238:16)
      at done (node_modules/raw-body/index.js:227:7)
      at IncomingMessage.onEnd (node_modules/raw-body/index.js:287:7)

  console.error
    Controller Error: AppError: All fields are required
        at Function.badRequest (C:\Users\Javier\Documents\GitHub\TFGRepos\Back\tfg-backend\src\utils\AppError.js:20:12)
        at Validators.badRequest [as validateRegistrationData] (C:\Users\Javier\Documents\GitHub\TFGRepos\Back\tfg-backend\src\utils\validators.js:15:22)
        at validateRegistrationData (C:\Users\Javier\Documents\GitHub\TFGRepos\Back\tfg-backend\src\controllers\auth.controller.js:9:16)
        at Layer.handle [as handle_request] (C:\Users\Javier\Documents\GitHub\TFGRepos\Back\tfg-backend\node_modules\express\lib\router\layer.js:95:5)
        at next (C:\Users\Javier\Documents\GitHub\TFGRepos\Back\tfg-backend\node_modules\express\lib\router\route.js:149:13)
        at Route.dispatch (C:\Users\Javier\Documents\GitHub\TFGRepos\Back\tfg-backend\node_modules\express\lib\router\route.js:119:3)
        at Layer.handle [as handle_request] (C:\Users\Javier\Documents\GitHub\TFGRepos\Back\tfg-backend\node_modules\express\lib\router\layer.js:95:5)
        at C:\Users\Javier\Documents\GitHub\TFGRepos\Back\tfg-backend\node_modules\express\lib\router\index.js:284:15
        at Function.process_params (C:\Users\Javier\Documents\GitHub\TFGRepos\Back\tfg-backend\node_modules\express\lib\router\index.js:346:12)
        at next (C:\Users\Javier\Documents\GitHub\TFGRepos\Back\tfg-backend\node_modules\express\lib\router\index.js:280:10)
        at Function.handle (C:\Users\Javier\Documents\GitHub\TFGRepos\Back\tfg-backend\node_modules\express\lib\router\index.js:175:3)
        at router (C:\Users\Javier\Documents\GitHub\TFGRepos\Back\tfg-backend\node_modules\express\lib\router\index.js:47:12)
        at Layer.handle [as handle_request] (C:\Users\Javier\Documents\GitHub\TFGRepos\Back\tfg-backend\node_modules\express\lib\router\layer.js:95:5)
        at trim_prefix (C:\Users\Javier\Documents\GitHub\TFGRepos\Back\tfg-backend\node_modules\express\lib\router\index.js:328:13)
        at C:\Users\Javier\Documents\GitHub\TFGRepos\Back\tfg-backend\node_modules\express\lib\router\index.js:286:9
        at Function.process_params (C:\Users\Javier\Documents\GitHub\TFGRepos\Back\tfg-backend\node_modules\express\lib\router\index.js:346:12)
        at next (C:\Users\Javier\Documents\GitHub\TFGRepos\Back\tfg-backend\node_modules\express\lib\router\index.js:280:10)
        at C:\Users\Javier\Documents\GitHub\TFGRepos\Back\tfg-backend\node_modules\express\lib\router\index.js:646:15
        at next (C:\Users\Javier\Documents\GitHub\TFGRepos\Back\tfg-backend\node_modules\express\lib\router\index.js:265:14)
        at Function.handle (C:\Users\Javier\Documents\GitHub\TFGRepos\Back\tfg-backend\node_modules\express\lib\router\index.js:175:3)
        at router (C:\Users\Javier\Documents\GitHub\TFGRepos\Back\tfg-backend\node_modules\express\lib\router\index.js:47:12)
        at Layer.handle [as handle_request] (C:\Users\Javier\Documents\GitHub\TFGRepos\Back\tfg-backend\node_modules\express\lib\router\layer.js:95:5)
        at trim_prefix (C:\Users\Javier\Documents\GitHub\TFGRepos\Back\tfg-backend\node_modules\express\lib\router\index.js:328:13)
        at C:\Users\Javier\Documents\GitHub\TFGRepos\Back\tfg-backend\node_modules\express\lib\router\index.js:286:9
        at Function.process_params (C:\Users\Javier\Documents\GitHub\TFGRepos\Back\tfg-backend\node_modules\express\lib\router\index.js:346:12)
        at next (C:\Users\Javier\Documents\GitHub\TFGRepos\Back\tfg-backend\node_modules\express\lib\router\index.js:280:10)
        at next (C:\Users\Javier\Documents\GitHub\TFGRepos\Back\tfg-backend\src\app.js:97:3)
        at Layer.handle [as handle_request] (C:\Users\Javier\Documents\GitHub\TFGRepos\Back\tfg-backend\node_modules\express\lib\router\layer.js:95:5)
        at trim_prefix (C:\Users\Javier\Documents\GitHub\TFGRepos\Back\tfg-backend\node_modules\express\lib\router\index.js:328:13)
        at C:\Users\Javier\Documents\GitHub\TFGRepos\Back\tfg-backend\node_modules\express\lib\router\index.js:286:9
        at Function.process_params (C:\Users\Javier\Documents\GitHub\TFGRepos\Back\tfg-backend\node_modules\express\lib\router\index.js:346:12)
        at next (C:\Users\Javier\Documents\GitHub\TFGRepos\Back\tfg-backend\node_modules\express\lib\router\index.js:280:10)
        at urlencodedParser (C:\Users\Javier\Documents\GitHub\TFGRepos\Back\tfg-backend\node_modules\body-parser\lib\types\urlencoded.js:82:7)
        at Layer.handle [as handle_request] (C:\Users\Javier\Documents\GitHub\TFGRepos\Back\tfg-backend\node_modules\express\lib\router\layer.js:95:5)
        at trim_prefix (C:\Users\Javier\Documents\GitHub\TFGRepos\Back\tfg-backend\node_modules\express\lib\router\index.js:328:13)
        at C:\Users\Javier\Documents\GitHub\TFGRepos\Back\tfg-backend\node_modules\express\lib\router\index.js:286:9
        at Function.process_params (C:\Users\Javier\Documents\GitHub\TFGRepos\Back\tfg-backend\node_modules\express\lib\router\index.js:346:12)
        at next (C:\Users\Javier\Documents\GitHub\TFGRepos\Back\tfg-backend\node_modules\express\lib\router\index.js:280:10)
        at C:\Users\Javier\Documents\GitHub\TFGRepos\Back\tfg-backend\node_modules\body-parser\lib\read.js:137:5
        at AsyncResource.runInAsyncScope (node:async_hooks:206:9)
        at invokeCallback (C:\Users\Javier\Documents\GitHub\TFGRepos\Back\tfg-backend\node_modules\raw-body\index.js:238:16)
        at done (C:\Users\Javier\Documents\GitHub\TFGRepos\Back\tfg-backend\node_modules\raw-body\index.js:227:7)
        at IncomingMessage.onEnd (C:\Users\Javier\Documents\GitHub\TFGRepos\Back\tfg-backend\node_modules\raw-body\index.js:287:7)
        at IncomingMessage.emit (node:events:519:28)
        at endReadableNT (node:internal/streams/readable:1696:12)
        at processTicksAndRejections (node:internal/process/task_queues:82:21) {
      code: 'MISSING_REQUIRED_FIELDS',
      status: 400,
      details: undefined
    }

    [0m [90m 36 |[39m     [36mreturn[39m[33m;[39m
     [90m 37 |[39m   }
    [31m[1m>[22m[39m[90m 38 |[39m   originalConsole[33m.[39merror([33m...[39margs)[33m;[39m
     [90m    |[39m                   [31m[1m^[22m[39m
     [90m 39 |[39m }[33m;[39m
     [90m 40 |[39m
     [90m 41 |[39m [90m// Timeout global para tests[39m[0m

      at console.error (tests/setup/test-setup.js:38:19)
      at ResponseHandler.error [as handleError] (src/utils/responseHandler.js:5:13)
      at handleError (src/controllers/auth.controller.js:19:28)
      at Layer.handle [as handle_request] (node_modules/express/lib/router/layer.js:95:5)
      at next (node_modules/express/lib/router/route.js:149:13)
      at Route.dispatch (node_modules/express/lib/router/route.js:119:3)
      at Layer.handle [as handle_request] (node_modules/express/lib/router/layer.js:95:5)
      at node_modules/express/lib/router/index.js:284:15
      at Function.process_params (node_modules/express/lib/router/index.js:346:12)
      at next (node_modules/express/lib/router/index.js:280:10)
      at Function.handle (node_modules/express/lib/router/index.js:175:3)
      at router (node_modules/express/lib/router/index.js:47:12)
      at Layer.handle [as handle_request] (node_modules/express/lib/router/layer.js:95:5)
      at trim_prefix (node_modules/express/lib/router/index.js:328:13)
      at node_modules/express/lib/router/index.js:286:9
      at Function.process_params (node_modules/express/lib/router/index.js:346:12)
      at next (node_modules/express/lib/router/index.js:280:10)
      at node_modules/express/lib/router/index.js:646:15
      at next (node_modules/express/lib/router/index.js:265:14)
      at Function.handle (node_modules/express/lib/router/index.js:175:3)
      at router (node_modules/express/lib/router/index.js:47:12)
      at Layer.handle [as handle_request] (node_modules/express/lib/router/layer.js:95:5)
      at trim_prefix (node_modules/express/lib/router/index.js:328:13)
      at node_modules/express/lib/router/index.js:286:9
      at Function.process_params (node_modules/express/lib/router/index.js:346:12)
      at next (node_modules/express/lib/router/index.js:280:10)
      at next (src/app.js:97:3)
      at Layer.handle [as handle_request] (node_modules/express/lib/router/layer.js:95:5)
      at trim_prefix (node_modules/express/lib/router/index.js:328:13)
      at node_modules/express/lib/router/index.js:286:9
      at Function.process_params (node_modules/express/lib/router/index.js:346:12)
      at next (node_modules/express/lib/router/index.js:280:10)
      at urlencodedParser (node_modules/body-parser/lib/types/urlencoded.js:82:7)
      at Layer.handle [as handle_request] (node_modules/express/lib/router/layer.js:95:5)
      at trim_prefix (node_modules/express/lib/router/index.js:328:13)
      at node_modules/express/lib/router/index.js:286:9
      at Function.process_params (node_modules/express/lib/router/index.js:346:12)
      at next (node_modules/express/lib/router/index.js:280:10)
      at node_modules/body-parser/lib/read.js:137:5
      at invokeCallback (node_modules/raw-body/index.js:238:16)
      at done (node_modules/raw-body/index.js:227:7)
      at IncomingMessage.onEnd (node_modules/raw-body/index.js:287:7)

  console.error
    Controller Error: AppError: All fields are required
        at Function.badRequest (C:\Users\Javier\Documents\GitHub\TFGRepos\Back\tfg-backend\src\utils\AppError.js:20:12)
        at Validators.badRequest [as validateRegistrationData] (C:\Users\Javier\Documents\GitHub\TFGRepos\Back\tfg-backend\src\utils\validators.js:15:22)
        at validateRegistrationData (C:\Users\Javier\Documents\GitHub\TFGRepos\Back\tfg-backend\src\controllers\auth.controller.js:9:16)
        at Layer.handle [as handle_request] (C:\Users\Javier\Documents\GitHub\TFGRepos\Back\tfg-backend\node_modules\express\lib\router\layer.js:95:5)
        at next (C:\Users\Javier\Documents\GitHub\TFGRepos\Back\tfg-backend\node_modules\express\lib\router\route.js:149:13)
        at Route.dispatch (C:\Users\Javier\Documents\GitHub\TFGRepos\Back\tfg-backend\node_modules\express\lib\router\route.js:119:3)
        at Layer.handle [as handle_request] (C:\Users\Javier\Documents\GitHub\TFGRepos\Back\tfg-backend\node_modules\express\lib\router\layer.js:95:5)
        at C:\Users\Javier\Documents\GitHub\TFGRepos\Back\tfg-backend\node_modules\express\lib\router\index.js:284:15
        at Function.process_params (C:\Users\Javier\Documents\GitHub\TFGRepos\Back\tfg-backend\node_modules\express\lib\router\index.js:346:12)
        at next (C:\Users\Javier\Documents\GitHub\TFGRepos\Back\tfg-backend\node_modules\express\lib\router\index.js:280:10)
        at Function.handle (C:\Users\Javier\Documents\GitHub\TFGRepos\Back\tfg-backend\node_modules\express\lib\router\index.js:175:3)
        at router (C:\Users\Javier\Documents\GitHub\TFGRepos\Back\tfg-backend\node_modules\express\lib\router\index.js:47:12)
        at Layer.handle [as handle_request] (C:\Users\Javier\Documents\GitHub\TFGRepos\Back\tfg-backend\node_modules\express\lib\router\layer.js:95:5)
        at trim_prefix (C:\Users\Javier\Documents\GitHub\TFGRepos\Back\tfg-backend\node_modules\express\lib\router\index.js:328:13)
        at C:\Users\Javier\Documents\GitHub\TFGRepos\Back\tfg-backend\node_modules\express\lib\router\index.js:286:9
        at Function.process_params (C:\Users\Javier\Documents\GitHub\TFGRepos\Back\tfg-backend\node_modules\express\lib\router\index.js:346:12)
        at next (C:\Users\Javier\Documents\GitHub\TFGRepos\Back\tfg-backend\node_modules\express\lib\router\index.js:280:10)
        at C:\Users\Javier\Documents\GitHub\TFGRepos\Back\tfg-backend\node_modules\express\lib\router\index.js:646:15
        at next (C:\Users\Javier\Documents\GitHub\TFGRepos\Back\tfg-backend\node_modules\express\lib\router\index.js:265:14)
        at Function.handle (C:\Users\Javier\Documents\GitHub\TFGRepos\Back\tfg-backend\node_modules\express\lib\router\index.js:175:3)
        at router (C:\Users\Javier\Documents\GitHub\TFGRepos\Back\tfg-backend\node_modules\express\lib\router\index.js:47:12)
        at Layer.handle [as handle_request] (C:\Users\Javier\Documents\GitHub\TFGRepos\Back\tfg-backend\node_modules\express\lib\router\layer.js:95:5)
        at trim_prefix (C:\Users\Javier\Documents\GitHub\TFGRepos\Back\tfg-backend\node_modules\express\lib\router\index.js:328:13)
        at C:\Users\Javier\Documents\GitHub\TFGRepos\Back\tfg-backend\node_modules\express\lib\router\index.js:286:9
        at Function.process_params (C:\Users\Javier\Documents\GitHub\TFGRepos\Back\tfg-backend\node_modules\express\lib\router\index.js:346:12)
        at next (C:\Users\Javier\Documents\GitHub\TFGRepos\Back\tfg-backend\node_modules\express\lib\router\index.js:280:10)
        at next (C:\Users\Javier\Documents\GitHub\TFGRepos\Back\tfg-backend\src\app.js:97:3)
        at Layer.handle [as handle_request] (C:\Users\Javier\Documents\GitHub\TFGRepos\Back\tfg-backend\node_modules\express\lib\router\layer.js:95:5)
        at trim_prefix (C:\Users\Javier\Documents\GitHub\TFGRepos\Back\tfg-backend\node_modules\express\lib\router\index.js:328:13)
        at C:\Users\Javier\Documents\GitHub\TFGRepos\Back\tfg-backend\node_modules\express\lib\router\index.js:286:9
        at Function.process_params (C:\Users\Javier\Documents\GitHub\TFGRepos\Back\tfg-backend\node_modules\express\lib\router\index.js:346:12)
        at next (C:\Users\Javier\Documents\GitHub\TFGRepos\Back\tfg-backend\node_modules\express\lib\router\index.js:280:10)
        at urlencodedParser (C:\Users\Javier\Documents\GitHub\TFGRepos\Back\tfg-backend\node_modules\body-parser\lib\types\urlencoded.js:82:7)
        at Layer.handle [as handle_request] (C:\Users\Javier\Documents\GitHub\TFGRepos\Back\tfg-backend\node_modules\express\lib\router\layer.js:95:5)
        at trim_prefix (C:\Users\Javier\Documents\GitHub\TFGRepos\Back\tfg-backend\node_modules\express\lib\router\index.js:328:13)
        at C:\Users\Javier\Documents\GitHub\TFGRepos\Back\tfg-backend\node_modules\express\lib\router\index.js:286:9
        at Function.process_params (C:\Users\Javier\Documents\GitHub\TFGRepos\Back\tfg-backend\node_modules\express\lib\router\index.js:346:12)
        at next (C:\Users\Javier\Documents\GitHub\TFGRepos\Back\tfg-backend\node_modules\express\lib\router\index.js:280:10)
        at C:\Users\Javier\Documents\GitHub\TFGRepos\Back\tfg-backend\node_modules\body-parser\lib\read.js:137:5
        at AsyncResource.runInAsyncScope (node:async_hooks:206:9)
        at invokeCallback (C:\Users\Javier\Documents\GitHub\TFGRepos\Back\tfg-backend\node_modules\raw-body\index.js:238:16)
        at done (C:\Users\Javier\Documents\GitHub\TFGRepos\Back\tfg-backend\node_modules\raw-body\index.js:227:7)
        at IncomingMessage.onEnd (C:\Users\Javier\Documents\GitHub\TFGRepos\Back\tfg-backend\node_modules\raw-body\index.js:287:7)
        at IncomingMessage.emit (node:events:519:28)
        at endReadableNT (node:internal/streams/readable:1696:12)
        at processTicksAndRejections (node:internal/process/task_queues:82:21) {
      code: 'MISSING_REQUIRED_FIELDS',
      status: 400,
      details: undefined
    }

    [0m [90m 36 |[39m     [36mreturn[39m[33m;[39m
     [90m 37 |[39m   }
    [31m[1m>[22m[39m[90m 38 |[39m   originalConsole[33m.[39merror([33m...[39margs)[33m;[39m
     [90m    |[39m                   [31m[1m^[22m[39m
     [90m 39 |[39m }[33m;[39m
     [90m 40 |[39m
     [90m 41 |[39m [90m// Timeout global para tests[39m[0m

      at console.error (tests/setup/test-setup.js:38:19)
      at ResponseHandler.error [as handleError] (src/utils/responseHandler.js:5:13)
      at handleError (src/controllers/auth.controller.js:19:28)
      at Layer.handle [as handle_request] (node_modules/express/lib/router/layer.js:95:5)
      at next (node_modules/express/lib/router/route.js:149:13)
      at Route.dispatch (node_modules/express/lib/router/route.js:119:3)
      at Layer.handle [as handle_request] (node_modules/express/lib/router/layer.js:95:5)
      at node_modules/express/lib/router/index.js:284:15
      at Function.process_params (node_modules/express/lib/router/index.js:346:12)
      at next (node_modules/express/lib/router/index.js:280:10)
      at Function.handle (node_modules/express/lib/router/index.js:175:3)
      at router (node_modules/express/lib/router/index.js:47:12)
      at Layer.handle [as handle_request] (node_modules/express/lib/router/layer.js:95:5)
      at trim_prefix (node_modules/express/lib/router/index.js:328:13)
      at node_modules/express/lib/router/index.js:286:9
      at Function.process_params (node_modules/express/lib/router/index.js:346:12)
      at next (node_modules/express/lib/router/index.js:280:10)
      at node_modules/express/lib/router/index.js:646:15
      at next (node_modules/express/lib/router/index.js:265:14)
      at Function.handle (node_modules/express/lib/router/index.js:175:3)
      at router (node_modules/express/lib/router/index.js:47:12)
      at Layer.handle [as handle_request] (node_modules/express/lib/router/layer.js:95:5)
      at trim_prefix (node_modules/express/lib/router/index.js:328:13)
      at node_modules/express/lib/router/index.js:286:9
      at Function.process_params (node_modules/express/lib/router/index.js:346:12)
      at next (node_modules/express/lib/router/index.js:280:10)
      at next (src/app.js:97:3)
      at Layer.handle [as handle_request] (node_modules/express/lib/router/layer.js:95:5)
      at trim_prefix (node_modules/express/lib/router/index.js:328:13)
      at node_modules/express/lib/router/index.js:286:9
      at Function.process_params (node_modules/express/lib/router/index.js:346:12)
      at next (node_modules/express/lib/router/index.js:280:10)
      at urlencodedParser (node_modules/body-parser/lib/types/urlencoded.js:82:7)
      at Layer.handle [as handle_request] (node_modules/express/lib/router/layer.js:95:5)
      at trim_prefix (node_modules/express/lib/router/index.js:328:13)
      at node_modules/express/lib/router/index.js:286:9
      at Function.process_params (node_modules/express/lib/router/index.js:346:12)
      at next (node_modules/express/lib/router/index.js:280:10)
      at node_modules/body-parser/lib/read.js:137:5
      at invokeCallback (node_modules/raw-body/index.js:238:16)
      at done (node_modules/raw-body/index.js:227:7)
      at IncomingMessage.onEnd (node_modules/raw-body/index.js:287:7)

  console.error
    Error confirmAccount: AppError: Invalid or expired token
        at Function.badRequest (C:\Users\Javier\Documents\GitHub\TFGRepos\Back\tfg-backend\src\utils\AppError.js:20:12)
        at AuthService.badRequest [as confirmAccount] (C:\Users\Javier\Documents\GitHub\TFGRepos\Back\tfg-backend\src\services\auth.service.js:192:22)
        at processTicksAndRejections (node:internal/process/task_queues:95:5)
        at exports.confirmAccount (C:\Users\Javier\Documents\GitHub\TFGRepos\Back\tfg-backend\src\controllers\auth.controller.js:48:5) {
      code: 'INVALID_OR_EXPIRED_TOKEN',
      status: 400,
      details: undefined
    }

    [0m [90m 36 |[39m     [36mreturn[39m[33m;[39m
     [90m 37 |[39m   }
    [31m[1m>[22m[39m[90m 38 |[39m   originalConsole[33m.[39merror([33m...[39margs)[33m;[39m
     [90m    |[39m                   [31m[1m^[22m[39m
     [90m 39 |[39m }[33m;[39m
     [90m 40 |[39m
     [90m 41 |[39m [90m// Timeout global para tests[39m[0m

      at console.error (tests/setup/test-setup.js:38:19)
      at error (src/controllers/auth.controller.js:54:13)

  console.error
    Controller Error: AppError: User not found
        at Function.notFound (C:\Users\Javier\Documents\GitHub\TFGRepos\Back\tfg-backend\src\utils\AppError.js:32:12)
        at AuthService.notFound [as resendConfirmationEmail] (C:\Users\Javier\Documents\GitHub\TFGRepos\Back\tfg-backend\src\services\auth.service.js:226:22)
        at processTicksAndRejections (node:internal/process/task_queues:95:5)
        at exports.sendConfirmation (C:\Users\Javier\Documents\GitHub\TFGRepos\Back\tfg-backend\src\controllers\auth.controller.js:29:20) {
      code: 'USER_NOT_FOUND',
      status: 404,
      details: undefined
    }

    [0m [90m 36 |[39m     [36mreturn[39m[33m;[39m
     [90m 37 |[39m   }
    [31m[1m>[22m[39m[90m 38 |[39m   originalConsole[33m.[39merror([33m...[39margs)[33m;[39m
     [90m    |[39m                   [31m[1m^[22m[39m
     [90m 39 |[39m }[33m;[39m
     [90m 40 |[39m
     [90m 41 |[39m [90m// Timeout global para tests[39m[0m

      at console.error (tests/setup/test-setup.js:38:19)
      at ResponseHandler.error [as handleError] (src/utils/responseHandler.js:5:13)
      at handleError (src/controllers/auth.controller.js:36:28)

  console.warn
    MongoDB disconnected. Attempting to reconnect...

    [0m [90m 25 |[39m
     [90m 26 |[39m     mongoose[33m.[39mconnection[33m.[39mon([32m'disconnected'[39m[33m,[39m () [33m=>[39m {
    [31m[1m>[22m[39m[90m 27 |[39m       console[33m.[39mwarn([32m'MongoDB disconnected. Attempting to reconnect...'[39m)[33m;[39m
     [90m    |[39m               [31m[1m^[22m[39m
     [90m 28 |[39m     })[33m;[39m
     [90m 29 |[39m
     [90m 30 |[39m     mongoose[33m.[39mconnection[33m.[39mon([32m'reconnected'[39m[33m,[39m () [33m=>[39m {[0m

      at NativeConnection.warn (src/config/db.js:27:15)
      at NativeConnection.set (node_modules/mongoose/lib/connection.js:149:12)
      at NativeConnection.onClose (node_modules/mongoose/lib/connection.js:1319:19)
      at NativeConnection._close (node_modules/mongoose/lib/connection.js:1268:12)
          at async Promise.all (index 0)
      at Mongoose.disconnect (node_modules/mongoose/lib/mongoose.js:471:3)
      at Object.disconnect (tests/setup/mongodb-helper.js:64:7)
      at Object.<anonymous> (tests/integration/auth.integration.test.js:18:5)

FAIL tests/integration/auth.integration.test.js (38.829 s)
  Auth - Integration Tests
    POST /auth/register
      ├ù deber├¡a registrar un usuario exitosamente (30344 ms)
      ÔêÜ deber├¡a rechazar registro con email duplicado (2381 ms)
      ÔêÜ deber├¡a rechazar datos inv├ílidos (336 ms)
    POST /auth/login
      ├ù deber├¡a hacer login exitosamente con usuario confirmado (65 ms)
      ├ù deber├¡a rechazar login con contrase├▒a incorrecta (67 ms)
    GET /auth/confirm
      ├ù deber├¡a confirmar cuenta con token v├ílido (65 ms)
      ÔêÜ deber├¡a rechazar token inv├ílido con redirecci├│n (75 ms)
    POST /auth/send-confirmation
      ├ù deber├¡a reenviar email de confirmaci├│n exitosamente (104 ms)

  ÔùÅ Auth - Integration Tests ÔÇ║ POST /auth/register ÔÇ║ deber├¡a registrar un usuario exitosamente

    thrown: "Exceeded timeout of 30000 ms for a test.
    Add a timeout value to this test to increase the timeout, if this is a long-running test. See https://jestjs.io/docs/api#testname-fn-timeout."

      25 |
      26 |   describe('POST /auth/register', () => {
    > 27 |     it('deber├¡a registrar un usuario exitosamente', async () => {
         |     ^
      28 |       const userData = {
      29 |         email: 'test@example.com',
      30 |         name: 'Test User',

      at it (tests/integration/auth.integration.test.js:27:5)
      at describe (tests/integration/auth.integration.test.js:26:3)
      at Object.describe (tests/integration/auth.integration.test.js:12:1)

  ÔùÅ Auth - Integration Tests ÔÇ║ POST /auth/register ÔÇ║ deber├¡a registrar un usuario exitosamente

    MongooseError: Can't call `openUri()` on an active connection with different connection strings. Make sure you aren't calling `mongoose.connect()` multiple times. See: https://mongoosejs.com/docs/connections.html#multiple_connections

       8 |
       9 |   try {
    > 10 |     await mongoose.connect(uri, {
         |                    ^
      11 |       serverSelectionTimeoutMS: 5000,
      12 |       socketTimeoutMS: 45000,
      13 |       maxPoolSize: 10,

      at NativeConnection.createClient (node_modules/mongoose/lib/drivers/node-mongodb-native/connection.js:251:13)
      at NativeConnection.openUri (node_modules/mongoose/lib/connection.js:1075:34)
      at Mongoose.connect (node_modules/mongoose/lib/mongoose.js:450:15)
      at connect (src/config/db.js:10:20)
      at connectDB (src/app.js:94:11)
      at Layer.handle [as handle_request] (node_modules/express/lib/router/layer.js:95:5)
      at trim_prefix (node_modules/express/lib/router/index.js:328:13)
      at node_modules/express/lib/router/index.js:286:9
      at Function.process_params (node_modules/express/lib/router/index.js:346:12)
      at next (node_modules/express/lib/router/index.js:280:10)
      at urlencodedParser (node_modules/body-parser/lib/types/urlencoded.js:82:7)
      at Layer.handle [as handle_request] (node_modules/express/lib/router/layer.js:95:5)
      at trim_prefix (node_modules/express/lib/router/index.js:328:13)
      at node_modules/express/lib/router/index.js:286:9
      at Function.process_params (node_modules/express/lib/router/index.js:346:12)
      at next (node_modules/express/lib/router/index.js:280:10)
      at node_modules/body-parser/lib/read.js:137:5
      at invokeCallback (node_modules/raw-body/index.js:238:16)
      at done (node_modules/raw-body/index.js:227:7)
      at IncomingMessage.onEnd (node_modules/raw-body/index.js:287:7)

  ÔùÅ Auth - Integration Tests ÔÇ║ POST /auth/login ÔÇ║ deber├¡a hacer login exitosamente con usuario confirmado

    MongoServerError: E11000 duplicate key error collection: test.users index: email_1 dup key: { email: "test@example.com" }

      at InsertOneOperation.handleOk (node_modules/mongodb/src/operations/insert.ts:79:13)
      at tryOperation (node_modules/mongodb/src/operations/execute_operation.ts:290:26)
      at executeOperation (node_modules/mongodb/src/operations/execute_operation.ts:119:12)
      at Collection.insertOne (node_modules/mongodb/src/collection.ts:294:12)

  ÔùÅ Auth - Integration Tests ÔÇ║ POST /auth/login ÔÇ║ deber├¡a rechazar login con contrase├▒a incorrecta

    MongoServerError: E11000 duplicate key error collection: test.users index: email_1 dup key: { email: "test@example.com" }

      at InsertOneOperation.handleOk (node_modules/mongodb/src/operations/insert.ts:79:13)
      at tryOperation (node_modules/mongodb/src/operations/execute_operation.ts:290:26)
      at executeOperation (node_modules/mongodb/src/operations/execute_operation.ts:119:12)
      at Collection.insertOne (node_modules/mongodb/src/collection.ts:294:12)

  ÔùÅ Auth - Integration Tests ÔÇ║ GET /auth/confirm ÔÇ║ deber├¡a confirmar cuenta con token v├ílido

    MongoServerError: E11000 duplicate key error collection: test.users index: email_1 dup key: { email: "test@example.com" }

      at InsertOneOperation.handleOk (node_modules/mongodb/src/operations/insert.ts:79:13)
      at tryOperation (node_modules/mongodb/src/operations/execute_operation.ts:290:26)
      at executeOperation (node_modules/mongodb/src/operations/execute_operation.ts:119:12)
      at Collection.insertOne (node_modules/mongodb/src/collection.ts:294:12)

  ÔùÅ Auth - Integration Tests ÔÇ║ POST /auth/send-confirmation ÔÇ║ deber├¡a reenviar email de confirmaci├│n exitosamente

    expected 200 "OK", got 404 "Not Found"

      191 |           name: 'Test User'
      192 |         })
    > 193 |         .expect(200);
          |          ^
      194 |       expect(response.body.success).toBe(true);
      195 |       expect(response.body.message).toContain('Confirmation email sent');
      196 |     });

      at Object.expect (tests/integration/auth.integration.test.js:193:10)
      ----
      at Test._assertStatus (node_modules/supertest/lib/test.js:309:14)
      at node_modules/supertest/lib/test.js:365:13
      at Test._assertFunction (node_modules/supertest/lib/test.js:342:13)
      at Test.assert (node_modules/supertest/lib/test.js:195:23)
      at localAssert (node_modules/supertest/lib/test.js:138:14)
      at Server.<anonymous> (node_modules/supertest/lib/test.js:152:11)

  console.warn
    MongoDB disconnected. Attempting to reconnect...

    [0m [90m 25 |[39m
     [90m 26 |[39m     mongoose[33m.[39mconnection[33m.[39mon([32m'disconnected'[39m[33m,[39m () [33m=>[39m {
    [31m[1m>[22m[39m[90m 27 |[39m       console[33m.[39mwarn([32m'MongoDB disconnected. Attempting to reconnect...'[39m)[33m;[39m
     [90m    |[39m               [31m[1m^[22m[39m
     [90m 28 |[39m     })[33m;[39m
     [90m 29 |[39m
     [90m 30 |[39m     mongoose[33m.[39mconnection[33m.[39mon([32m'reconnected'[39m[33m,[39m () [33m=>[39m {[0m

      at NativeConnection.warn (src/config/db.js:27:15)
      at NativeConnection.set (node_modules/mongoose/lib/connection.js:149:12)
      at NativeConnection.onClose (node_modules/mongoose/lib/connection.js:1319:19)
      at NativeConnection._close (node_modules/mongoose/lib/connection.js:1268:12)
          at async Promise.all (index 0)
      at Mongoose.disconnect (node_modules/mongoose/lib/mongoose.js:471:3)
      at Object.disconnect (tests/setup/mongodb-helper.js:64:7)
      at Object.<anonymous> (tests/integration/profile.integration.test.js:47:5)

FAIL tests/integration/profile.integration.test.js (39.12 s)
  Profile API Tests
    GET /api/profile
      ├ù should return user profile with valid token (30885 ms)
      ÔêÜ should return 401 without token (636 ms)
      ÔêÜ should return 401 with invalid token (80 ms)
    PATCH /api/profile
      ÔêÜ should update user name (225 ms)
      ÔêÜ should update country and timezone (138 ms)
      ÔêÜ should update flexible schedule (156 ms)
      ÔêÜ should update preferred working hours (142 ms)
      ÔêÜ should update notification preferences (163 ms)
      ÔêÜ should update multiple fields at once (148 ms)
      ÔêÜ should reject name that is too short (81 ms)
      ÔêÜ should reject invalid working hours format (74 ms)
      ÔêÜ should reject invalid flexible schedule type (75 ms)
      ÔêÜ should return error when no valid fields provided (82 ms)
      ├ù should not allow updating email (104 ms)
      ├ù should not allow updating role (101 ms)
      ÔêÜ should return 401 without token (72 ms)

  ÔùÅ Profile API Tests ÔÇ║ GET /api/profile ÔÇ║ should return user profile with valid token

    thrown: "Exceeded timeout of 30000 ms for a test.
    Add a timeout value to this test to increase the timeout, if this is a long-running test. See https://jestjs.io/docs/api#testname-fn-timeout."

      49 |
      50 |   describe('GET /api/profile', () => {
    > 51 |     it('should return user profile with valid token', async () => {
         |     ^
      52 |       const response = await request(app)
      53 |         .get('/api/profile')
      54 |         .set('Authorization', `Bearer ${authToken}`);

      at it (tests/integration/profile.integration.test.js:51:5)
      at describe (tests/integration/profile.integration.test.js:50:3)
      at Object.describe (tests/integration/profile.integration.test.js:8:1)

  ÔùÅ Profile API Tests ÔÇ║ GET /api/profile ÔÇ║ should return user profile with valid token

    MongooseError: Can't call `openUri()` on an active connection with different connection strings. Make sure you aren't calling `mongoose.connect()` multiple times. See: https://mongoosejs.com/docs/connections.html#multiple_connections

       8 |
       9 |   try {
    > 10 |     await mongoose.connect(uri, {
         |                    ^
      11 |       serverSelectionTimeoutMS: 5000,
      12 |       socketTimeoutMS: 45000,
      13 |       maxPoolSize: 10,

      at NativeConnection.createClient (node_modules/mongoose/lib/drivers/node-mongodb-native/connection.js:251:13)
      at NativeConnection.openUri (node_modules/mongoose/lib/connection.js:1075:34)
      at Mongoose.connect (node_modules/mongoose/lib/mongoose.js:450:15)
      at connect (src/config/db.js:10:20)
      at connectDB (src/app.js:94:11)
      at Layer.handle [as handle_request] (node_modules/express/lib/router/layer.js:95:5)
      at trim_prefix (node_modules/express/lib/router/index.js:328:13)
      at node_modules/express/lib/router/index.js:286:9
      at Function.process_params (node_modules/express/lib/router/index.js:346:12)
      at next (node_modules/express/lib/router/index.js:280:10)
      at urlencodedParser (node_modules/body-parser/lib/types/urlencoded.js:91:7)
      at Layer.handle [as handle_request] (node_modules/express/lib/router/layer.js:95:5)
      at trim_prefix (node_modules/express/lib/router/index.js:328:13)
      at node_modules/express/lib/router/index.js:286:9
      at Function.process_params (node_modules/express/lib/router/index.js:346:12)
      at next (node_modules/express/lib/router/index.js:280:10)
      at jsonParser (node_modules/body-parser/lib/types/json.js:113:7)
      at Layer.handle [as handle_request] (node_modules/express/lib/router/layer.js:95:5)
      at trim_prefix (node_modules/express/lib/router/index.js:328:13)
      at node_modules/express/lib/router/index.js:286:9
      at Function.process_params (node_modules/express/lib/router/index.js:346:12)
      at next (node_modules/express/lib/router/index.js:280:10)
      at next (src/app.js:82:3)
      at Layer.handle [as handle_request] (node_modules/express/lib/router/layer.js:95:5)
      at trim_prefix (node_modules/express/lib/router/index.js:328:13)
      at node_modules/express/lib/router/index.js:286:9
      at Function.process_params (node_modules/express/lib/router/index.js:346:12)
      at next (node_modules/express/lib/router/index.js:280:10)
      at hpp (node_modules/hpp/lib/index.js:146:9)
      at Layer.handle [as handle_request] (node_modules/express/lib/router/layer.js:95:5)
      at trim_prefix (node_modules/express/lib/router/index.js:328:13)
      at node_modules/express/lib/router/index.js:286:9
      at Function.process_params (node_modules/express/lib/router/index.js:346:12)
      at next (node_modules/express/lib/router/index.js:280:10)
      at node_modules/express-mongo-sanitize/index.js:122:5
      at Layer.handle [as handle_request] (node_modules/express/lib/router/layer.js:95:5)
      at trim_prefix (node_modules/express/lib/router/index.js:328:13)
      at node_modules/express/lib/router/index.js:286:9
      at Function.process_params (node_modules/express/lib/router/index.js:346:12)
      at next (node_modules/express/lib/router/index.js:280:10)
      at node_modules/express-rate-limit/dist/index.cjs:942:7
      at node_modules/express-rate-limit/dist/index.cjs:825:5

  ÔùÅ Profile API Tests ÔÇ║ PATCH /api/profile ÔÇ║ should not allow updating email

    TypeError: Cannot read properties of null (reading 'email')

      244 |       // Email no debe cambiar
      245 |       const user = await User.findById(testUser._id);
    > 246 |       expect(user.email).toBe('test@example.com');
          |                   ^
      247 |     });
      248 |
      249 |     it('should not allow updating role', async () => {

      at Object.email (tests/integration/profile.integration.test.js:246:19)

  ÔùÅ Profile API Tests ÔÇ║ PATCH /api/profile ÔÇ║ should not allow updating role

    TypeError: Cannot read properties of null (reading 'role')

      257 |       // Role no debe cambiar
      258 |       const user = await User.findById(testUser._id);
    > 259 |       expect(user.role).toBe('employee');
          |                   ^
      260 |     });
      261 |
      262 |     it('should return 401 without token', async () => {

      at Object.role (tests/integration/profile.integration.test.js:259:19)

  console.log
    Cleanup successful: deleted 5 unverified users

      at console.log (tests/setup/test-setup.js:28:19)

  console.warn
    MongoDB not ready (state: 0). Skipping cleanup attempt 1/3

    [0m [90m 24 |[39m         [90m// Check if MongoDB is connected[39m
     [90m 25 |[39m         [36mif[39m (mongoose[33m.[39mconnection[33m.[39mreadyState [33m!==[39m [35m1[39m) {
    [31m[1m>[22m[39m[90m 26 |[39m           console[33m.[39mwarn([32m`MongoDB not ready (state: ${mongoose.connection.readyState}). Skipping cleanup attempt ${attempt}/${this.maxRetries}`[39m)[33m;[39m
     [90m    |[39m                   [31m[1m^[22m[39m
     [90m 27 |[39m           [36mif[39m (attempt [33m<[39m [36mthis[39m[33m.[39mmaxRetries) {
     [90m 28 |[39m             [36mawait[39m [36mthis[39m[33m.[39mdelay([35m2000[39m [33m*[39m attempt)[33m;[39m
     [90m 29 |[39m             [36mcontinue[39m[33m;[39m[0m

      at CleanupUnverifiedUsersJob.warn [as execute] (src/jobs/cleanupUnverifiedUsers.js:26:19)
      at Object.execute (tests/unit/jobs/cleanupUnverifiedUsers.test.js:65:32)

  console.warn
    MongoDB not ready (state: 0). Skipping cleanup attempt 2/3

    [0m [90m 24 |[39m         [90m// Check if MongoDB is connected[39m
     [90m 25 |[39m         [36mif[39m (mongoose[33m.[39mconnection[33m.[39mreadyState [33m!==[39m [35m1[39m) {
    [31m[1m>[22m[39m[90m 26 |[39m           console[33m.[39mwarn([32m`MongoDB not ready (state: ${mongoose.connection.readyState}). Skipping cleanup attempt ${attempt}/${this.maxRetries}`[39m)[33m;[39m
     [90m    |[39m                   [31m[1m^[22m[39m
     [90m 27 |[39m           [36mif[39m (attempt [33m<[39m [36mthis[39m[33m.[39mmaxRetries) {
     [90m 28 |[39m             [36mawait[39m [36mthis[39m[33m.[39mdelay([35m2000[39m [33m*[39m attempt)[33m;[39m
     [90m 29 |[39m             [36mcontinue[39m[33m;[39m[0m

      at CleanupUnverifiedUsersJob.warn [as execute] (src/jobs/cleanupUnverifiedUsers.js:26:19)
      at Object.<anonymous> (tests/unit/jobs/cleanupUnverifiedUsers.test.js:65:22)

PASS tests/unit/models/user.model.test.js (6.101 s)
  User Model - Unit Tests
    Creaci├│n de Usuario
      ÔêÜ deber├¡a crear un usuario correctamente (97 ms)
      ÔêÜ deber├¡a rechazar email duplicado (134 ms)
      ÔêÜ deber├¡a rechazar email inv├ílido (40 ms)
      ÔêÜ deber├¡a convertir email a min├║sculas autom├íticamente (75 ms)
      ÔêÜ deber├¡a eliminar campos sensibles al convertir a JSON (70 ms)
    M├®todos de Instancia
      ÔêÜ deber├¡a comparar contrase├▒as correctamente (3108 ms)

  console.error
    Error creating project: Error: Organization not found
        at Object.<anonymous> (C:\Users\Javier\Documents\GitHub\TFGRepos\Back\tfg-backend\tests\unit\controllers\project.controller.test.js:139:21)
        at Promise.finally.completed (C:\Users\Javier\Documents\GitHub\TFGRepos\Back\tfg-backend\node_modules\jest-circus\build\jestAdapterInit.js:1557:28)
        at new Promise (<anonymous>)
        at callAsyncCircusFn (C:\Users\Javier\Documents\GitHub\TFGRepos\Back\tfg-backend\node_modules\jest-circus\build\jestAdapterInit.js:1497:10)
        at _callCircusTest (C:\Users\Javier\Documents\GitHub\TFGRepos\Back\tfg-backend\node_modules\jest-circus\build\jestAdapterInit.js:1007:40)
        at processTicksAndRejections (node:internal/process/task_queues:95:5)
        at _runTest (C:\Users\Javier\Documents\GitHub\TFGRepos\Back\tfg-backend\node_modules\jest-circus\build\jestAdapterInit.js:947:3)
        at C:\Users\Javier\Documents\GitHub\TFGRepos\Back\tfg-backend\node_modules\jest-circus\build\jestAdapterInit.js:849:7
        at _runTestsForDescribeBlock (C:\Users\Javier\Documents\GitHub\TFGRepos\Back\tfg-backend\node_modules\jest-circus\build\jestAdapterInit.js:862:11)
        at _runTestsForDescribeBlock (C:\Users\Javier\Documents\GitHub\TFGRepos\Back\tfg-backend\node_modules\jest-circus\build\jestAdapterInit.js:857:11)
        at _runTestsForDescribeBlock (C:\Users\Javier\Documents\GitHub\TFGRepos\Back\tfg-backend\node_modules\jest-circus\build\jestAdapterInit.js:857:11)
        at run (C:\Users\Javier\Documents\GitHub\TFGRepos\Back\tfg-backend\node_modules\jest-circus\build\jestAdapterInit.js:761:3)
        at runAndTransformResultsToJestFormat (C:\Users\Javier\Documents\GitHub\TFGRepos\Back\tfg-backend\node_modules\jest-circus\build\jestAdapterInit.js:1918:21)
        at jestAdapter (C:\Users\Javier\Documents\GitHub\TFGRepos\Back\tfg-backend\node_modules\jest-circus\build\runner.js:101:19)
        at runTestInternal (C:\Users\Javier\Documents\GitHub\TFGRepos\Back\tfg-backend\node_modules\jest-runner\build\testWorker.js:275:16)
        at runTest (C:\Users\Javier\Documents\GitHub\TFGRepos\Back\tfg-backend\node_modules\jest-runner\build\testWorker.js:343:7)
        at Object.worker (C:\Users\Javier\Documents\GitHub\TFGRepos\Back\tfg-backend\node_modules\jest-runner\build\testWorker.js:497:12)

    [0m [90m 36 |[39m     [36mreturn[39m[33m;[39m
     [90m 37 |[39m   }
    [31m[1m>[22m[39m[90m 38 |[39m   originalConsole[33m.[39merror([33m...[39margs)[33m;[39m
     [90m    |[39m                   [31m[1m^[22m[39m
     [90m 39 |[39m }[33m;[39m
     [90m 40 |[39m
     [90m 41 |[39m [90m// Timeout global para tests[39m[0m

      at console.error (tests/setup/test-setup.js:38:19)
      at ProjectController.error [as createProject] (src/controllers/project.controller.js:57:15)
      at Object.<anonymous> (tests/unit/controllers/project.controller.test.js:142:7)

  console.error
    Error creating project: Error: User not authorized
        at Object.<anonymous> (C:\Users\Javier\Documents\GitHub\TFGRepos\Back\tfg-backend\tests\unit\controllers\project.controller.test.js:152:21)
        at Promise.finally.completed (C:\Users\Javier\Documents\GitHub\TFGRepos\Back\tfg-backend\node_modules\jest-circus\build\jestAdapterInit.js:1557:28)
        at new Promise (<anonymous>)
        at callAsyncCircusFn (C:\Users\Javier\Documents\GitHub\TFGRepos\Back\tfg-backend\node_modules\jest-circus\build\jestAdapterInit.js:1497:10)
        at _callCircusTest (C:\Users\Javier\Documents\GitHub\TFGRepos\Back\tfg-backend\node_modules\jest-circus\build\jestAdapterInit.js:1007:40)
        at processTicksAndRejections (node:internal/process/task_queues:95:5)
        at _runTest (C:\Users\Javier\Documents\GitHub\TFGRepos\Back\tfg-backend\node_modules\jest-circus\build\jestAdapterInit.js:947:3)
        at C:\Users\Javier\Documents\GitHub\TFGRepos\Back\tfg-backend\node_modules\jest-circus\build\jestAdapterInit.js:849:7
        at _runTestsForDescribeBlock (C:\Users\Javier\Documents\GitHub\TFGRepos\Back\tfg-backend\node_modules\jest-circus\build\jestAdapterInit.js:862:11)
        at _runTestsForDescribeBlock (C:\Users\Javier\Documents\GitHub\TFGRepos\Back\tfg-backend\node_modules\jest-circus\build\jestAdapterInit.js:857:11)
        at _runTestsForDescribeBlock (C:\Users\Javier\Documents\GitHub\TFGRepos\Back\tfg-backend\node_modules\jest-circus\build\jestAdapterInit.js:857:11)
        at run (C:\Users\Javier\Documents\GitHub\TFGRepos\Back\tfg-backend\node_modules\jest-circus\build\jestAdapterInit.js:761:3)
        at runAndTransformResultsToJestFormat (C:\Users\Javier\Documents\GitHub\TFGRepos\Back\tfg-backend\node_modules\jest-circus\build\jestAdapterInit.js:1918:21)
        at jestAdapter (C:\Users\Javier\Documents\GitHub\TFGRepos\Back\tfg-backend\node_modules\jest-circus\build\runner.js:101:19)
        at runTestInternal (C:\Users\Javier\Documents\GitHub\TFGRepos\Back\tfg-backend\node_modules\jest-runner\build\testWorker.js:275:16)
        at runTest (C:\Users\Javier\Documents\GitHub\TFGRepos\Back\tfg-backend\node_modules\jest-runner\build\testWorker.js:343:7)
        at Object.worker (C:\Users\Javier\Documents\GitHub\TFGRepos\Back\tfg-backend\node_modules\jest-runner\build\testWorker.js:497:12)

    [0m [90m 36 |[39m     [36mreturn[39m[33m;[39m
     [90m 37 |[39m   }
    [31m[1m>[22m[39m[90m 38 |[39m   originalConsole[33m.[39merror([33m...[39margs)[33m;[39m
     [90m    |[39m                   [31m[1m^[22m[39m
     [90m 39 |[39m }[33m;[39m
     [90m 40 |[39m
     [90m 41 |[39m [90m// Timeout global para tests[39m[0m

      at console.error (tests/setup/test-setup.js:38:19)
      at ProjectController.error [as createProject] (src/controllers/project.controller.js:57:15)
      at Object.<anonymous> (tests/unit/controllers/project.controller.test.js:155:7)

  console.error
    Error creating project: Error: boom
        at Object.<anonymous> (C:\Users\Javier\Documents\GitHub\TFGRepos\Back\tfg-backend\tests\unit\controllers\project.controller.test.js:165:21)
        at Promise.finally.completed (C:\Users\Javier\Documents\GitHub\TFGRepos\Back\tfg-backend\node_modules\jest-circus\build\jestAdapterInit.js:1557:28)
        at new Promise (<anonymous>)
        at callAsyncCircusFn (C:\Users\Javier\Documents\GitHub\TFGRepos\Back\tfg-backend\node_modules\jest-circus\build\jestAdapterInit.js:1497:10)
        at _callCircusTest (C:\Users\Javier\Documents\GitHub\TFGRepos\Back\tfg-backend\node_modules\jest-circus\build\jestAdapterInit.js:1007:40)
        at processTicksAndRejections (node:internal/process/task_queues:95:5)
        at _runTest (C:\Users\Javier\Documents\GitHub\TFGRepos\Back\tfg-backend\node_modules\jest-circus\build\jestAdapterInit.js:947:3)
        at C:\Users\Javier\Documents\GitHub\TFGRepos\Back\tfg-backend\node_modules\jest-circus\build\jestAdapterInit.js:849:7
        at _runTestsForDescribeBlock (C:\Users\Javier\Documents\GitHub\TFGRepos\Back\tfg-backend\node_modules\jest-circus\build\jestAdapterInit.js:862:11)
        at _runTestsForDescribeBlock (C:\Users\Javier\Documents\GitHub\TFGRepos\Back\tfg-backend\node_modules\jest-circus\build\jestAdapterInit.js:857:11)
        at _runTestsForDescribeBlock (C:\Users\Javier\Documents\GitHub\TFGRepos\Back\tfg-backend\node_modules\jest-circus\build\jestAdapterInit.js:857:11)
        at run (C:\Users\Javier\Documents\GitHub\TFGRepos\Back\tfg-backend\node_modules\jest-circus\build\jestAdapterInit.js:761:3)
        at runAndTransformResultsToJestFormat (C:\Users\Javier\Documents\GitHub\TFGRepos\Back\tfg-backend\node_modules\jest-circus\build\jestAdapterInit.js:1918:21)
        at jestAdapter (C:\Users\Javier\Documents\GitHub\TFGRepos\Back\tfg-backend\node_modules\jest-circus\build\runner.js:101:19)
        at runTestInternal (C:\Users\Javier\Documents\GitHub\TFGRepos\Back\tfg-backend\node_modules\jest-runner\build\testWorker.js:275:16)
        at runTest (C:\Users\Javier\Documents\GitHub\TFGRepos\Back\tfg-backend\node_modules\jest-runner\build\testWorker.js:343:7)
        at Object.worker (C:\Users\Javier\Documents\GitHub\TFGRepos\Back\tfg-backend\node_modules\jest-runner\build\testWorker.js:497:12)

    [0m [90m 36 |[39m     [36mreturn[39m[33m;[39m
     [90m 37 |[39m   }
    [31m[1m>[22m[39m[90m 38 |[39m   originalConsole[33m.[39merror([33m...[39margs)[33m;[39m
     [90m    |[39m                   [31m[1m^[22m[39m
     [90m 39 |[39m }[33m;[39m
     [90m 40 |[39m
     [90m 41 |[39m [90m// Timeout global para tests[39m[0m

      at console.error (tests/setup/test-setup.js:38:19)
      at ProjectController.error [as createProject] (src/controllers/project.controller.js:57:15)
      at Object.<anonymous> (tests/unit/controllers/project.controller.test.js:168:7)

  console.error
    Error getting project: Error: Project not found
        at Object.<anonymous> (C:\Users\Javier\Documents\GitHub\TFGRepos\Back\tfg-backend\tests\unit\controllers\project.controller.test.js:210:21)
        at Promise.finally.completed (C:\Users\Javier\Documents\GitHub\TFGRepos\Back\tfg-backend\node_modules\jest-circus\build\jestAdapterInit.js:1557:28)
        at new Promise (<anonymous>)
        at callAsyncCircusFn (C:\Users\Javier\Documents\GitHub\TFGRepos\Back\tfg-backend\node_modules\jest-circus\build\jestAdapterInit.js:1497:10)
        at _callCircusTest (C:\Users\Javier\Documents\GitHub\TFGRepos\Back\tfg-backend\node_modules\jest-circus\build\jestAdapterInit.js:1007:40)
        at processTicksAndRejections (node:internal/process/task_queues:95:5)
        at _runTest (C:\Users\Javier\Documents\GitHub\TFGRepos\Back\tfg-backend\node_modules\jest-circus\build\jestAdapterInit.js:947:3)
        at C:\Users\Javier\Documents\GitHub\TFGRepos\Back\tfg-backend\node_modules\jest-circus\build\jestAdapterInit.js:849:7
        at _runTestsForDescribeBlock (C:\Users\Javier\Documents\GitHub\TFGRepos\Back\tfg-backend\node_modules\jest-circus\build\jestAdapterInit.js:862:11)
        at _runTestsForDescribeBlock (C:\Users\Javier\Documents\GitHub\TFGRepos\Back\tfg-backend\node_modules\jest-circus\build\jestAdapterInit.js:857:11)
        at _runTestsForDescribeBlock (C:\Users\Javier\Documents\GitHub\TFGRepos\Back\tfg-backend\node_modules\jest-circus\build\jestAdapterInit.js:857:11)
        at run (C:\Users\Javier\Documents\GitHub\TFGRepos\Back\tfg-backend\node_modules\jest-circus\build\jestAdapterInit.js:761:3)
        at runAndTransformResultsToJestFormat (C:\Users\Javier\Documents\GitHub\TFGRepos\Back\tfg-backend\node_modules\jest-circus\build\jestAdapterInit.js:1918:21)
        at jestAdapter (C:\Users\Javier\Documents\GitHub\TFGRepos\Back\tfg-backend\node_modules\jest-circus\build\runner.js:101:19)
        at runTestInternal (C:\Users\Javier\Documents\GitHub\TFGRepos\Back\tfg-backend\node_modules\jest-runner\build\testWorker.js:275:16)
        at runTest (C:\Users\Javier\Documents\GitHub\TFGRepos\Back\tfg-backend\node_modules\jest-runner\build\testWorker.js:343:7)
        at Object.worker (C:\Users\Javier\Documents\GitHub\TFGRepos\Back\tfg-backend\node_modules\jest-runner\build\testWorker.js:497:12)

    [0m [90m 36 |[39m     [36mreturn[39m[33m;[39m
     [90m 37 |[39m   }
    [31m[1m>[22m[39m[90m 38 |[39m   originalConsole[33m.[39merror([33m...[39margs)[33m;[39m
     [90m    |[39m                   [31m[1m^[22m[39m
     [90m 39 |[39m }[33m;[39m
     [90m 40 |[39m
     [90m 41 |[39m [90m// Timeout global para tests[39m[0m

      at console.error (tests/setup/test-setup.js:38:19)
      at ProjectController.error [as getProject] (src/controllers/project.controller.js:92:15)
      at Object.<anonymous> (tests/unit/controllers/project.controller.test.js:213:7)

  console.error
    Error getting project: Error: Service error
        at Object.<anonymous> (C:\Users\Javier\Documents\GitHub\TFGRepos\Back\tfg-backend\tests\unit\controllers\project.controller.test.js:220:21)
        at Promise.finally.completed (C:\Users\Javier\Documents\GitHub\TFGRepos\Back\tfg-backend\node_modules\jest-circus\build\jestAdapterInit.js:1557:28)
        at new Promise (<anonymous>)
        at callAsyncCircusFn (C:\Users\Javier\Documents\GitHub\TFGRepos\Back\tfg-backend\node_modules\jest-circus\build\jestAdapterInit.js:1497:10)
        at _callCircusTest (C:\Users\Javier\Documents\GitHub\TFGRepos\Back\tfg-backend\node_modules\jest-circus\build\jestAdapterInit.js:1007:40)
        at processTicksAndRejections (node:internal/process/task_queues:95:5)
        at _runTest (C:\Users\Javier\Documents\GitHub\TFGRepos\Back\tfg-backend\node_modules\jest-circus\build\jestAdapterInit.js:947:3)
        at C:\Users\Javier\Documents\GitHub\TFGRepos\Back\tfg-backend\node_modules\jest-circus\build\jestAdapterInit.js:849:7
        at _runTestsForDescribeBlock (C:\Users\Javier\Documents\GitHub\TFGRepos\Back\tfg-backend\node_modules\jest-circus\build\jestAdapterInit.js:862:11)
        at _runTestsForDescribeBlock (C:\Users\Javier\Documents\GitHub\TFGRepos\Back\tfg-backend\node_modules\jest-circus\build\jestAdapterInit.js:857:11)
        at _runTestsForDescribeBlock (C:\Users\Javier\Documents\GitHub\TFGRepos\Back\tfg-backend\node_modules\jest-circus\build\jestAdapterInit.js:857:11)
        at run (C:\Users\Javier\Documents\GitHub\TFGRepos\Back\tfg-backend\node_modules\jest-circus\build\jestAdapterInit.js:761:3)
        at runAndTransformResultsToJestFormat (C:\Users\Javier\Documents\GitHub\TFGRepos\Back\tfg-backend\node_modules\jest-circus\build\jestAdapterInit.js:1918:21)
        at jestAdapter (C:\Users\Javier\Documents\GitHub\TFGRepos\Back\tfg-backend\node_modules\jest-circus\build\runner.js:101:19)
        at runTestInternal (C:\Users\Javier\Documents\GitHub\TFGRepos\Back\tfg-backend\node_modules\jest-runner\build\testWorker.js:275:16)
        at runTest (C:\Users\Javier\Documents\GitHub\TFGRepos\Back\tfg-backend\node_modules\jest-runner\build\testWorker.js:343:7)
        at Object.worker (C:\Users\Javier\Documents\GitHub\TFGRepos\Back\tfg-backend\node_modules\jest-runner\build\testWorker.js:497:12)

    [0m [90m 36 |[39m     [36mreturn[39m[33m;[39m
     [90m 37 |[39m   }
    [31m[1m>[22m[39m[90m 38 |[39m   originalConsole[33m.[39merror([33m...[39margs)[33m;[39m
     [90m    |[39m                   [31m[1m^[22m[39m
     [90m 39 |[39m }[33m;[39m
     [90m 40 |[39m
     [90m 41 |[39m [90m// Timeout global para tests[39m[0m

      at console.error (tests/setup/test-setup.js:38:19)
      at ProjectController.error [as getProject] (src/controllers/project.controller.js:92:15)
      at Object.<anonymous> (tests/unit/controllers/project.controller.test.js:223:7)

  console.error
    Error updating project: Error: Project not found
        at Object.<anonymous> (C:\Users\Javier\Documents\GitHub\TFGRepos\Back\tfg-backend\tests\unit\controllers\project.controller.test.js:258:21)
        at Promise.finally.completed (C:\Users\Javier\Documents\GitHub\TFGRepos\Back\tfg-backend\node_modules\jest-circus\build\jestAdapterInit.js:1557:28)
        at new Promise (<anonymous>)
        at callAsyncCircusFn (C:\Users\Javier\Documents\GitHub\TFGRepos\Back\tfg-backend\node_modules\jest-circus\build\jestAdapterInit.js:1497:10)
        at _callCircusTest (C:\Users\Javier\Documents\GitHub\TFGRepos\Back\tfg-backend\node_modules\jest-circus\build\jestAdapterInit.js:1007:40)
        at processTicksAndRejections (node:internal/process/task_queues:95:5)
        at _runTest (C:\Users\Javier\Documents\GitHub\TFGRepos\Back\tfg-backend\node_modules\jest-circus\build\jestAdapterInit.js:947:3)
        at C:\Users\Javier\Documents\GitHub\TFGRepos\Back\tfg-backend\node_modules\jest-circus\build\jestAdapterInit.js:849:7
        at _runTestsForDescribeBlock (C:\Users\Javier\Documents\GitHub\TFGRepos\Back\tfg-backend\node_modules\jest-circus\build\jestAdapterInit.js:862:11)
        at _runTestsForDescribeBlock (C:\Users\Javier\Documents\GitHub\TFGRepos\Back\tfg-backend\node_modules\jest-circus\build\jestAdapterInit.js:857:11)
        at _runTestsForDescribeBlock (C:\Users\Javier\Documents\GitHub\TFGRepos\Back\tfg-backend\node_modules\jest-circus\build\jestAdapterInit.js:857:11)
        at run (C:\Users\Javier\Documents\GitHub\TFGRepos\Back\tfg-backend\node_modules\jest-circus\build\jestAdapterInit.js:761:3)
        at runAndTransformResultsToJestFormat (C:\Users\Javier\Documents\GitHub\TFGRepos\Back\tfg-backend\node_modules\jest-circus\build\jestAdapterInit.js:1918:21)
        at jestAdapter (C:\Users\Javier\Documents\GitHub\TFGRepos\Back\tfg-backend\node_modules\jest-circus\build\runner.js:101:19)
        at runTestInternal (C:\Users\Javier\Documents\GitHub\TFGRepos\Back\tfg-backend\node_modules\jest-runner\build\testWorker.js:275:16)
        at runTest (C:\Users\Javier\Documents\GitHub\TFGRepos\Back\tfg-backend\node_modules\jest-runner\build\testWorker.js:343:7)
        at Object.worker (C:\Users\Javier\Documents\GitHub\TFGRepos\Back\tfg-backend\node_modules\jest-runner\build\testWorker.js:497:12)

    [0m [90m 36 |[39m     [36mreturn[39m[33m;[39m
     [90m 37 |[39m   }
    [31m[1m>[22m[39m[90m 38 |[39m   originalConsole[33m.[39merror([33m...[39margs)[33m;[39m
     [90m    |[39m                   [31m[1m^[22m[39m
     [90m 39 |[39m }[33m;[39m
     [90m 40 |[39m
     [90m 41 |[39m [90m// Timeout global para tests[39m[0m

      at console.error (tests/setup/test-setup.js:38:19)
      at ProjectController.error [as updateProject] (src/controllers/project.controller.js:119:15)
      at Object.<anonymous> (tests/unit/controllers/project.controller.test.js:261:7)

  console.error
    Error updating project: Error: No permission
        at Object.<anonymous> (C:\Users\Javier\Documents\GitHub\TFGRepos\Back\tfg-backend\tests\unit\controllers\project.controller.test.js:269:21)
        at Promise.finally.completed (C:\Users\Javier\Documents\GitHub\TFGRepos\Back\tfg-backend\node_modules\jest-circus\build\jestAdapterInit.js:1557:28)
        at new Promise (<anonymous>)
        at callAsyncCircusFn (C:\Users\Javier\Documents\GitHub\TFGRepos\Back\tfg-backend\node_modules\jest-circus\build\jestAdapterInit.js:1497:10)
        at _callCircusTest (C:\Users\Javier\Documents\GitHub\TFGRepos\Back\tfg-backend\node_modules\jest-circus\build\jestAdapterInit.js:1007:40)
        at processTicksAndRejections (node:internal/process/task_queues:95:5)
        at _runTest (C:\Users\Javier\Documents\GitHub\TFGRepos\Back\tfg-backend\node_modules\jest-circus\build\jestAdapterInit.js:947:3)
        at C:\Users\Javier\Documents\GitHub\TFGRepos\Back\tfg-backend\node_modules\jest-circus\build\jestAdapterInit.js:849:7
        at _runTestsForDescribeBlock (C:\Users\Javier\Documents\GitHub\TFGRepos\Back\tfg-backend\node_modules\jest-circus\build\jestAdapterInit.js:862:11)
        at _runTestsForDescribeBlock (C:\Users\Javier\Documents\GitHub\TFGRepos\Back\tfg-backend\node_modules\jest-circus\build\jestAdapterInit.js:857:11)
        at _runTestsForDescribeBlock (C:\Users\Javier\Documents\GitHub\TFGRepos\Back\tfg-backend\node_modules\jest-circus\build\jestAdapterInit.js:857:11)
        at run (C:\Users\Javier\Documents\GitHub\TFGRepos\Back\tfg-backend\node_modules\jest-circus\build\jestAdapterInit.js:761:3)
        at runAndTransformResultsToJestFormat (C:\Users\Javier\Documents\GitHub\TFGRepos\Back\tfg-backend\node_modules\jest-circus\build\jestAdapterInit.js:1918:21)
        at jestAdapter (C:\Users\Javier\Documents\GitHub\TFGRepos\Back\tfg-backend\node_modules\jest-circus\build\runner.js:101:19)
        at runTestInternal (C:\Users\Javier\Documents\GitHub\TFGRepos\Back\tfg-backend\node_modules\jest-runner\build\testWorker.js:275:16)
        at runTest (C:\Users\Javier\Documents\GitHub\TFGRepos\Back\tfg-backend\node_modules\jest-runner\build\testWorker.js:343:7)
        at Object.worker (C:\Users\Javier\Documents\GitHub\TFGRepos\Back\tfg-backend\node_modules\jest-runner\build\testWorker.js:497:12)

    [0m [90m 36 |[39m     [36mreturn[39m[33m;[39m
     [90m 37 |[39m   }
    [31m[1m>[22m[39m[90m 38 |[39m   originalConsole[33m.[39merror([33m...[39margs)[33m;[39m
     [90m    |[39m                   [31m[1m^[22m[39m
     [90m 39 |[39m }[33m;[39m
     [90m 40 |[39m
     [90m 41 |[39m [90m// Timeout global para tests[39m[0m

      at console.error (tests/setup/test-setup.js:38:19)
      at ProjectController.error [as updateProject] (src/controllers/project.controller.js:119:15)
      at Object.<anonymous> (tests/unit/controllers/project.controller.test.js:272:7)

  console.error
    Error updating project: Error: Unexpected error
        at Object.<anonymous> (C:\Users\Javier\Documents\GitHub\TFGRepos\Back\tfg-backend\tests\unit\controllers\project.controller.test.js:280:21)
        at Promise.finally.completed (C:\Users\Javier\Documents\GitHub\TFGRepos\Back\tfg-backend\node_modules\jest-circus\build\jestAdapterInit.js:1557:28)
        at new Promise (<anonymous>)
        at callAsyncCircusFn (C:\Users\Javier\Documents\GitHub\TFGRepos\Back\tfg-backend\node_modules\jest-circus\build\jestAdapterInit.js:1497:10)
        at _callCircusTest (C:\Users\Javier\Documents\GitHub\TFGRepos\Back\tfg-backend\node_modules\jest-circus\build\jestAdapterInit.js:1007:40)
        at processTicksAndRejections (node:internal/process/task_queues:95:5)
        at _runTest (C:\Users\Javier\Documents\GitHub\TFGRepos\Back\tfg-backend\node_modules\jest-circus\build\jestAdapterInit.js:947:3)
        at C:\Users\Javier\Documents\GitHub\TFGRepos\Back\tfg-backend\node_modules\jest-circus\build\jestAdapterInit.js:849:7
        at _runTestsForDescribeBlock (C:\Users\Javier\Documents\GitHub\TFGRepos\Back\tfg-backend\node_modules\jest-circus\build\jestAdapterInit.js:862:11)
        at _runTestsForDescribeBlock (C:\Users\Javier\Documents\GitHub\TFGRepos\Back\tfg-backend\node_modules\jest-circus\build\jestAdapterInit.js:857:11)
        at _runTestsForDescribeBlock (C:\Users\Javier\Documents\GitHub\TFGRepos\Back\tfg-backend\node_modules\jest-circus\build\jestAdapterInit.js:857:11)
        at run (C:\Users\Javier\Documents\GitHub\TFGRepos\Back\tfg-backend\node_modules\jest-circus\build\jestAdapterInit.js:761:3)
        at runAndTransformResultsToJestFormat (C:\Users\Javier\Documents\GitHub\TFGRepos\Back\tfg-backend\node_modules\jest-circus\build\jestAdapterInit.js:1918:21)
        at jestAdapter (C:\Users\Javier\Documents\GitHub\TFGRepos\Back\tfg-backend\node_modules\jest-circus\build\runner.js:101:19)
        at runTestInternal (C:\Users\Javier\Documents\GitHub\TFGRepos\Back\tfg-backend\node_modules\jest-runner\build\testWorker.js:275:16)
        at runTest (C:\Users\Javier\Documents\GitHub\TFGRepos\Back\tfg-backend\node_modules\jest-runner\build\testWorker.js:343:7)
        at Object.worker (C:\Users\Javier\Documents\GitHub\TFGRepos\Back\tfg-backend\node_modules\jest-runner\build\testWorker.js:497:12)

    [0m [90m 36 |[39m     [36mreturn[39m[33m;[39m
     [90m 37 |[39m   }
    [31m[1m>[22m[39m[90m 38 |[39m   originalConsole[33m.[39merror([33m...[39margs)[33m;[39m
     [90m    |[39m                   [31m[1m^[22m[39m
     [90m 39 |[39m }[33m;[39m
     [90m 40 |[39m
     [90m 41 |[39m [90m// Timeout global para tests[39m[0m

      at console.error (tests/setup/test-setup.js:38:19)
      at ProjectController.error [as updateProject] (src/controllers/project.controller.js:119:15)
      at Object.<anonymous> (tests/unit/controllers/project.controller.test.js:283:7)

  console.error
    Error deleting project: Error: Project not found
        at Object.<anonymous> (C:\Users\Javier\Documents\GitHub\TFGRepos\Back\tfg-backend\tests\unit\controllers\project.controller.test.js:311:21)
        at Promise.finally.completed (C:\Users\Javier\Documents\GitHub\TFGRepos\Back\tfg-backend\node_modules\jest-circus\build\jestAdapterInit.js:1557:28)
        at new Promise (<anonymous>)
        at callAsyncCircusFn (C:\Users\Javier\Documents\GitHub\TFGRepos\Back\tfg-backend\node_modules\jest-circus\build\jestAdapterInit.js:1497:10)
        at _callCircusTest (C:\Users\Javier\Documents\GitHub\TFGRepos\Back\tfg-backend\node_modules\jest-circus\build\jestAdapterInit.js:1007:40)
        at processTicksAndRejections (node:internal/process/task_queues:95:5)
        at _runTest (C:\Users\Javier\Documents\GitHub\TFGRepos\Back\tfg-backend\node_modules\jest-circus\build\jestAdapterInit.js:947:3)
        at C:\Users\Javier\Documents\GitHub\TFGRepos\Back\tfg-backend\node_modules\jest-circus\build\jestAdapterInit.js:849:7
        at _runTestsForDescribeBlock (C:\Users\Javier\Documents\GitHub\TFGRepos\Back\tfg-backend\node_modules\jest-circus\build\jestAdapterInit.js:862:11)
        at _runTestsForDescribeBlock (C:\Users\Javier\Documents\GitHub\TFGRepos\Back\tfg-backend\node_modules\jest-circus\build\jestAdapterInit.js:857:11)
        at _runTestsForDescribeBlock (C:\Users\Javier\Documents\GitHub\TFGRepos\Back\tfg-backend\node_modules\jest-circus\build\jestAdapterInit.js:857:11)
        at run (C:\Users\Javier\Documents\GitHub\TFGRepos\Back\tfg-backend\node_modules\jest-circus\build\jestAdapterInit.js:761:3)
        at runAndTransformResultsToJestFormat (C:\Users\Javier\Documents\GitHub\TFGRepos\Back\tfg-backend\node_modules\jest-circus\build\jestAdapterInit.js:1918:21)
        at jestAdapter (C:\Users\Javier\Documents\GitHub\TFGRepos\Back\tfg-backend\node_modules\jest-circus\build\runner.js:101:19)
        at runTestInternal (C:\Users\Javier\Documents\GitHub\TFGRepos\Back\tfg-backend\node_modules\jest-runner\build\testWorker.js:275:16)
        at runTest (C:\Users\Javier\Documents\GitHub\TFGRepos\Back\tfg-backend\node_modules\jest-runner\build\testWorker.js:343:7)
        at Object.worker (C:\Users\Javier\Documents\GitHub\TFGRepos\Back\tfg-backend\node_modules\jest-runner\build\testWorker.js:497:12)

    [0m [90m 36 |[39m     [36mreturn[39m[33m;[39m
     [90m 37 |[39m   }
    [31m[1m>[22m[39m[90m 38 |[39m   originalConsole[33m.[39merror([33m...[39margs)[33m;[39m
     [90m    |[39m                   [31m[1m^[22m[39m
     [90m 39 |[39m }[33m;[39m
     [90m 40 |[39m
     [90m 41 |[39m [90m// Timeout global para tests[39m[0m

      at console.error (tests/setup/test-setup.js:38:19)
      at ProjectController.error [as deleteProject] (src/controllers/project.controller.js:151:15)
      at Object.<anonymous> (tests/unit/controllers/project.controller.test.js:314:7)

  console.error
    Error deleting project: Error: Only administrators can delete
        at Object.<anonymous> (C:\Users\Javier\Documents\GitHub\TFGRepos\Back\tfg-backend\tests\unit\controllers\project.controller.test.js:321:21)
        at Promise.finally.completed (C:\Users\Javier\Documents\GitHub\TFGRepos\Back\tfg-backend\node_modules\jest-circus\build\jestAdapterInit.js:1557:28)
        at new Promise (<anonymous>)
        at callAsyncCircusFn (C:\Users\Javier\Documents\GitHub\TFGRepos\Back\tfg-backend\node_modules\jest-circus\build\jestAdapterInit.js:1497:10)
        at _callCircusTest (C:\Users\Javier\Documents\GitHub\TFGRepos\Back\tfg-backend\node_modules\jest-circus\build\jestAdapterInit.js:1007:40)
        at processTicksAndRejections (node:internal/process/task_queues:95:5)
        at _runTest (C:\Users\Javier\Documents\GitHub\TFGRepos\Back\tfg-backend\node_modules\jest-circus\build\jestAdapterInit.js:947:3)
        at C:\Users\Javier\Documents\GitHub\TFGRepos\Back\tfg-backend\node_modules\jest-circus\build\jestAdapterInit.js:849:7
        at _runTestsForDescribeBlock (C:\Users\Javier\Documents\GitHub\TFGRepos\Back\tfg-backend\node_modules\jest-circus\build\jestAdapterInit.js:862:11)
        at _runTestsForDescribeBlock (C:\Users\Javier\Documents\GitHub\TFGRepos\Back\tfg-backend\node_modules\jest-circus\build\jestAdapterInit.js:857:11)
        at _runTestsForDescribeBlock (C:\Users\Javier\Documents\GitHub\TFGRepos\Back\tfg-backend\node_modules\jest-circus\build\jestAdapterInit.js:857:11)
        at run (C:\Users\Javier\Documents\GitHub\TFGRepos\Back\tfg-backend\node_modules\jest-circus\build\jestAdapterInit.js:761:3)
        at runAndTransformResultsToJestFormat (C:\Users\Javier\Documents\GitHub\TFGRepos\Back\tfg-backend\node_modules\jest-circus\build\jestAdapterInit.js:1918:21)
        at jestAdapter (C:\Users\Javier\Documents\GitHub\TFGRepos\Back\tfg-backend\node_modules\jest-circus\build\runner.js:101:19)
        at runTestInternal (C:\Users\Javier\Documents\GitHub\TFGRepos\Back\tfg-backend\node_modules\jest-runner\build\testWorker.js:275:16)
        at runTest (C:\Users\Javier\Documents\GitHub\TFGRepos\Back\tfg-backend\node_modules\jest-runner\build\testWorker.js:343:7)
        at Object.worker (C:\Users\Javier\Documents\GitHub\TFGRepos\Back\tfg-backend\node_modules\jest-runner\build\testWorker.js:497:12)

    [0m [90m 36 |[39m     [36mreturn[39m[33m;[39m
     [90m 37 |[39m   }
    [31m[1m>[22m[39m[90m 38 |[39m   originalConsole[33m.[39merror([33m...[39margs)[33m;[39m
     [90m    |[39m                   [31m[1m^[22m[39m
     [90m 39 |[39m }[33m;[39m
     [90m 40 |[39m
     [90m 41 |[39m [90m// Timeout global para tests[39m[0m

      at console.error (tests/setup/test-setup.js:38:19)
      at ProjectController.error [as deleteProject] (src/controllers/project.controller.js:151:15)
      at Object.<anonymous> (tests/unit/controllers/project.controller.test.js:324:7)

  console.error
    Error deleting project: Error: Unexpected delete error
        at Object.<anonymous> (C:\Users\Javier\Documents\GitHub\TFGRepos\Back\tfg-backend\tests\unit\controllers\project.controller.test.js:331:21)
        at Promise.finally.completed (C:\Users\Javier\Documents\GitHub\TFGRepos\Back\tfg-backend\node_modules\jest-circus\build\jestAdapterInit.js:1557:28)
        at new Promise (<anonymous>)
        at callAsyncCircusFn (C:\Users\Javier\Documents\GitHub\TFGRepos\Back\tfg-backend\node_modules\jest-circus\build\jestAdapterInit.js:1497:10)
        at _callCircusTest (C:\Users\Javier\Documents\GitHub\TFGRepos\Back\tfg-backend\node_modules\jest-circus\build\jestAdapterInit.js:1007:40)
        at processTicksAndRejections (node:internal/process/task_queues:95:5)
        at _runTest (C:\Users\Javier\Documents\GitHub\TFGRepos\Back\tfg-backend\node_modules\jest-circus\build\jestAdapterInit.js:947:3)
        at C:\Users\Javier\Documents\GitHub\TFGRepos\Back\tfg-backend\node_modules\jest-circus\build\jestAdapterInit.js:849:7
        at _runTestsForDescribeBlock (C:\Users\Javier\Documents\GitHub\TFGRepos\Back\tfg-backend\node_modules\jest-circus\build\jestAdapterInit.js:862:11)
        at _runTestsForDescribeBlock (C:\Users\Javier\Documents\GitHub\TFGRepos\Back\tfg-backend\node_modules\jest-circus\build\jestAdapterInit.js:857:11)
        at _runTestsForDescribeBlock (C:\Users\Javier\Documents\GitHub\TFGRepos\Back\tfg-backend\node_modules\jest-circus\build\jestAdapterInit.js:857:11)
        at run (C:\Users\Javier\Documents\GitHub\TFGRepos\Back\tfg-backend\node_modules\jest-circus\build\jestAdapterInit.js:761:3)
        at runAndTransformResultsToJestFormat (C:\Users\Javier\Documents\GitHub\TFGRepos\Back\tfg-backend\node_modules\jest-circus\build\jestAdapterInit.js:1918:21)
        at jestAdapter (C:\Users\Javier\Documents\GitHub\TFGRepos\Back\tfg-backend\node_modules\jest-circus\build\runner.js:101:19)
        at runTestInternal (C:\Users\Javier\Documents\GitHub\TFGRepos\Back\tfg-backend\node_modules\jest-runner\build\testWorker.js:275:16)
        at runTest (C:\Users\Javier\Documents\GitHub\TFGRepos\Back\tfg-backend\node_modules\jest-runner\build\testWorker.js:343:7)
        at Object.worker (C:\Users\Javier\Documents\GitHub\TFGRepos\Back\tfg-backend\node_modules\jest-runner\build\testWorker.js:497:12)

    [0m [90m 36 |[39m     [36mreturn[39m[33m;[39m
     [90m 37 |[39m   }
    [31m[1m>[22m[39m[90m 38 |[39m   originalConsole[33m.[39merror([33m...[39margs)[33m;[39m
     [90m    |[39m                   [31m[1m^[22m[39m
     [90m 39 |[39m }[33m;[39m
     [90m 40 |[39m
     [90m 41 |[39m [90m// Timeout global para tests[39m[0m

      at console.error (tests/setup/test-setup.js:38:19)
      at ProjectController.error [as deleteProject] (src/controllers/project.controller.js:151:15)
      at Object.<anonymous> (tests/unit/controllers/project.controller.test.js:334:7)

  console.error
    Error getting organization projects: Error: boom
        at Object.<anonymous> (C:\Users\Javier\Documents\GitHub\TFGRepos\Back\tfg-backend\tests\unit\controllers\project.controller.test.js:385:66)
        at Promise.finally.completed (C:\Users\Javier\Documents\GitHub\TFGRepos\Back\tfg-backend\node_modules\jest-circus\build\jestAdapterInit.js:1557:28)
        at new Promise (<anonymous>)
        at callAsyncCircusFn (C:\Users\Javier\Documents\GitHub\TFGRepos\Back\tfg-backend\node_modules\jest-circus\build\jestAdapterInit.js:1497:10)
        at _callCircusTest (C:\Users\Javier\Documents\GitHub\TFGRepos\Back\tfg-backend\node_modules\jest-circus\build\jestAdapterInit.js:1007:40)
        at processTicksAndRejections (node:internal/process/task_queues:95:5)
        at _runTest (C:\Users\Javier\Documents\GitHub\TFGRepos\Back\tfg-backend\node_modules\jest-circus\build\jestAdapterInit.js:947:3)
        at C:\Users\Javier\Documents\GitHub\TFGRepos\Back\tfg-backend\node_modules\jest-circus\build\jestAdapterInit.js:849:7
        at _runTestsForDescribeBlock (C:\Users\Javier\Documents\GitHub\TFGRepos\Back\tfg-backend\node_modules\jest-circus\build\jestAdapterInit.js:862:11)
        at _runTestsForDescribeBlock (C:\Users\Javier\Documents\GitHub\TFGRepos\Back\tfg-backend\node_modules\jest-circus\build\jestAdapterInit.js:857:11)
        at _runTestsForDescribeBlock (C:\Users\Javier\Documents\GitHub\TFGRepos\Back\tfg-backend\node_modules\jest-circus\build\jestAdapterInit.js:857:11)
        at run (C:\Users\Javier\Documents\GitHub\TFGRepos\Back\tfg-backend\node_modules\jest-circus\build\jestAdapterInit.js:761:3)
        at runAndTransformResultsToJestFormat (C:\Users\Javier\Documents\GitHub\TFGRepos\Back\tfg-backend\node_modules\jest-circus\build\jestAdapterInit.js:1918:21)
        at jestAdapter (C:\Users\Javier\Documents\GitHub\TFGRepos\Back\tfg-backend\node_modules\jest-circus\build\runner.js:101:19)
        at runTestInternal (C:\Users\Javier\Documents\GitHub\TFGRepos\Back\tfg-backend\node_modules\jest-runner\build\testWorker.js:275:16)
        at runTest (C:\Users\Javier\Documents\GitHub\TFGRepos\Back\tfg-backend\node_modules\jest-runner\build\testWorker.js:343:7)
        at Object.worker (C:\Users\Javier\Documents\GitHub\TFGRepos\Back\tfg-backend\node_modules\jest-runner\build\testWorker.js:497:12)

    [0m [90m 36 |[39m     [36mreturn[39m[33m;[39m
     [90m 37 |[39m   }
    [31m[1m>[22m[39m[90m 38 |[39m   originalConsole[33m.[39merror([33m...[39margs)[33m;[39m
     [90m    |[39m                   [31m[1m^[22m[39m
     [90m 39 |[39m }[33m;[39m
     [90m 40 |[39m
     [90m 41 |[39m [90m// Timeout global para tests[39m[0m

      at console.error (tests/setup/test-setup.js:38:19)
      at ProjectController.error [as getOrganizationProjects] (src/controllers/project.controller.js:190:15)
      at Object.<anonymous> (tests/unit/controllers/project.controller.test.js:387:7)

  console.error
    Error getting user projects: Error: boom
        at Object.<anonymous> (C:\Users\Javier\Documents\GitHub\TFGRepos\Back\tfg-backend\tests\unit\controllers\project.controller.test.js:432:61)
        at Promise.finally.completed (C:\Users\Javier\Documents\GitHub\TFGRepos\Back\tfg-backend\node_modules\jest-circus\build\jestAdapterInit.js:1557:28)
        at new Promise (<anonymous>)
        at callAsyncCircusFn (C:\Users\Javier\Documents\GitHub\TFGRepos\Back\tfg-backend\node_modules\jest-circus\build\jestAdapterInit.js:1497:10)
        at _callCircusTest (C:\Users\Javier\Documents\GitHub\TFGRepos\Back\tfg-backend\node_modules\jest-circus\build\jestAdapterInit.js:1007:40)
        at processTicksAndRejections (node:internal/process/task_queues:95:5)
        at _runTest (C:\Users\Javier\Documents\GitHub\TFGRepos\Back\tfg-backend\node_modules\jest-circus\build\jestAdapterInit.js:947:3)
        at C:\Users\Javier\Documents\GitHub\TFGRepos\Back\tfg-backend\node_modules\jest-circus\build\jestAdapterInit.js:849:7
        at _runTestsForDescribeBlock (C:\Users\Javier\Documents\GitHub\TFGRepos\Back\tfg-backend\node_modules\jest-circus\build\jestAdapterInit.js:862:11)
        at _runTestsForDescribeBlock (C:\Users\Javier\Documents\GitHub\TFGRepos\Back\tfg-backend\node_modules\jest-circus\build\jestAdapterInit.js:857:11)
        at _runTestsForDescribeBlock (C:\Users\Javier\Documents\GitHub\TFGRepos\Back\tfg-backend\node_modules\jest-circus\build\jestAdapterInit.js:857:11)
        at run (C:\Users\Javier\Documents\GitHub\TFGRepos\Back\tfg-backend\node_modules\jest-circus\build\jestAdapterInit.js:761:3)
        at runAndTransformResultsToJestFormat (C:\Users\Javier\Documents\GitHub\TFGRepos\Back\tfg-backend\node_modules\jest-circus\build\jestAdapterInit.js:1918:21)
        at jestAdapter (C:\Users\Javier\Documents\GitHub\TFGRepos\Back\tfg-backend\node_modules\jest-circus\build\runner.js:101:19)
        at runTestInternal (C:\Users\Javier\Documents\GitHub\TFGRepos\Back\tfg-backend\node_modules\jest-runner\build\testWorker.js:275:16)
        at runTest (C:\Users\Javier\Documents\GitHub\TFGRepos\Back\tfg-backend\node_modules\jest-runner\build\testWorker.js:343:7)
        at Object.worker (C:\Users\Javier\Documents\GitHub\TFGRepos\Back\tfg-backend\node_modules\jest-runner\build\testWorker.js:497:12)

    [0m [90m 36 |[39m     [36mreturn[39m[33m;[39m
     [90m 37 |[39m   }
    [31m[1m>[22m[39m[90m 38 |[39m   originalConsole[33m.[39merror([33m...[39margs)[33m;[39m
     [90m    |[39m                   [31m[1m^[22m[39m
     [90m 39 |[39m }[33m;[39m
     [90m 40 |[39m
     [90m 41 |[39m [90m// Timeout global para tests[39m[0m

      at console.error (tests/setup/test-setup.js:38:19)
      at ProjectController.error [as getMyProjects] (src/controllers/project.controller.js:218:15)
      at Object.<anonymous> (tests/unit/controllers/project.controller.test.js:434:7)

  console.error
    Error getting assigned projects: Error: Service error
        at Object.<anonymous> (C:\Users\Javier\Documents\GitHub\TFGRepos\Back\tfg-backend\tests\unit\controllers\project.controller.test.js:463:21)
        at Promise.finally.completed (C:\Users\Javier\Documents\GitHub\TFGRepos\Back\tfg-backend\node_modules\jest-circus\build\jestAdapterInit.js:1557:28)
        at new Promise (<anonymous>)
        at callAsyncCircusFn (C:\Users\Javier\Documents\GitHub\TFGRepos\Back\tfg-backend\node_modules\jest-circus\build\jestAdapterInit.js:1497:10)
        at _callCircusTest (C:\Users\Javier\Documents\GitHub\TFGRepos\Back\tfg-backend\node_modules\jest-circus\build\jestAdapterInit.js:1007:40)
        at processTicksAndRejections (node:internal/process/task_queues:95:5)
        at _runTest (C:\Users\Javier\Documents\GitHub\TFGRepos\Back\tfg-backend\node_modules\jest-circus\build\jestAdapterInit.js:947:3)
        at C:\Users\Javier\Documents\GitHub\TFGRepos\Back\tfg-backend\node_modules\jest-circus\build\jestAdapterInit.js:849:7
        at _runTestsForDescribeBlock (C:\Users\Javier\Documents\GitHub\TFGRepos\Back\tfg-backend\node_modules\jest-circus\build\jestAdapterInit.js:862:11)
        at _runTestsForDescribeBlock (C:\Users\Javier\Documents\GitHub\TFGRepos\Back\tfg-backend\node_modules\jest-circus\build\jestAdapterInit.js:857:11)
        at _runTestsForDescribeBlock (C:\Users\Javier\Documents\GitHub\TFGRepos\Back\tfg-backend\node_modules\jest-circus\build\jestAdapterInit.js:857:11)
        at run (C:\Users\Javier\Documents\GitHub\TFGRepos\Back\tfg-backend\node_modules\jest-circus\build\jestAdapterInit.js:761:3)
        at runAndTransformResultsToJestFormat (C:\Users\Javier\Documents\GitHub\TFGRepos\Back\tfg-backend\node_modules\jest-circus\build\jestAdapterInit.js:1918:21)
        at jestAdapter (C:\Users\Javier\Documents\GitHub\TFGRepos\Back\tfg-backend\node_modules\jest-circus\build\runner.js:101:19)
        at runTestInternal (C:\Users\Javier\Documents\GitHub\TFGRepos\Back\tfg-backend\node_modules\jest-runner\build\testWorker.js:275:16)
        at runTest (C:\Users\Javier\Documents\GitHub\TFGRepos\Back\tfg-backend\node_modules\jest-runner\build\testWorker.js:343:7)
        at Object.worker (C:\Users\Javier\Documents\GitHub\TFGRepos\Back\tfg-backend\node_modules\jest-runner\build\testWorker.js:497:12)

    [0m [90m 36 |[39m     [36mreturn[39m[33m;[39m
     [90m 37 |[39m   }
    [31m[1m>[22m[39m[90m 38 |[39m   originalConsole[33m.[39merror([33m...[39margs)[33m;[39m
     [90m    |[39m                   [31m[1m^[22m[39m
     [90m 39 |[39m }[33m;[39m
     [90m 40 |[39m
     [90m 41 |[39m [90m// Timeout global para tests[39m[0m

      at console.error (tests/setup/test-setup.js:38:19)
      at ProjectController.error [as getAssignedProjects] (src/controllers/project.controller.js:242:15)
      at Object.<anonymous> (tests/unit/controllers/project.controller.test.js:466:7)

  console.error
    Error assigning employee: Error: Project not found
        at Object.<anonymous> (C:\Users\Javier\Documents\GitHub\TFGRepos\Back\tfg-backend\tests\unit\controllers\project.controller.test.js:532:21)
        at Promise.finally.completed (C:\Users\Javier\Documents\GitHub\TFGRepos\Back\tfg-backend\node_modules\jest-circus\build\jestAdapterInit.js:1557:28)
        at new Promise (<anonymous>)
        at callAsyncCircusFn (C:\Users\Javier\Documents\GitHub\TFGRepos\Back\tfg-backend\node_modules\jest-circus\build\jestAdapterInit.js:1497:10)
        at _callCircusTest (C:\Users\Javier\Documents\GitHub\TFGRepos\Back\tfg-backend\node_modules\jest-circus\build\jestAdapterInit.js:1007:40)
        at processTicksAndRejections (node:internal/process/task_queues:95:5)
        at _runTest (C:\Users\Javier\Documents\GitHub\TFGRepos\Back\tfg-backend\node_modules\jest-circus\build\jestAdapterInit.js:947:3)
        at C:\Users\Javier\Documents\GitHub\TFGRepos\Back\tfg-backend\node_modules\jest-circus\build\jestAdapterInit.js:849:7
        at _runTestsForDescribeBlock (C:\Users\Javier\Documents\GitHub\TFGRepos\Back\tfg-backend\node_modules\jest-circus\build\jestAdapterInit.js:862:11)
        at _runTestsForDescribeBlock (C:\Users\Javier\Documents\GitHub\TFGRepos\Back\tfg-backend\node_modules\jest-circus\build\jestAdapterInit.js:857:11)
        at _runTestsForDescribeBlock (C:\Users\Javier\Documents\GitHub\TFGRepos\Back\tfg-backend\node_modules\jest-circus\build\jestAdapterInit.js:857:11)
        at run (C:\Users\Javier\Documents\GitHub\TFGRepos\Back\tfg-backend\node_modules\jest-circus\build\jestAdapterInit.js:761:3)
        at runAndTransformResultsToJestFormat (C:\Users\Javier\Documents\GitHub\TFGRepos\Back\tfg-backend\node_modules\jest-circus\build\jestAdapterInit.js:1918:21)
        at jestAdapter (C:\Users\Javier\Documents\GitHub\TFGRepos\Back\tfg-backend\node_modules\jest-circus\build\runner.js:101:19)
        at runTestInternal (C:\Users\Javier\Documents\GitHub\TFGRepos\Back\tfg-backend\node_modules\jest-runner\build\testWorker.js:275:16)
        at runTest (C:\Users\Javier\Documents\GitHub\TFGRepos\Back\tfg-backend\node_modules\jest-runner\build\testWorker.js:343:7)
        at Object.worker (C:\Users\Javier\Documents\GitHub\TFGRepos\Back\tfg-backend\node_modules\jest-runner\build\testWorker.js:497:12)

    [0m [90m 36 |[39m     [36mreturn[39m[33m;[39m
     [90m 37 |[39m   }
    [31m[1m>[22m[39m[90m 38 |[39m   originalConsole[33m.[39merror([33m...[39margs)[33m;[39m
     [90m    |[39m                   [31m[1m^[22m[39m
     [90m 39 |[39m }[33m;[39m
     [90m 40 |[39m
     [90m 41 |[39m [90m// Timeout global para tests[39m[0m

      at console.error (tests/setup/test-setup.js:38:19)
      at ProjectController.error [as assignEmployee] (src/controllers/project.controller.js:280:15)
      at Object.<anonymous> (tests/unit/controllers/project.controller.test.js:535:7)

  console.error
    Error assigning employee: Error: No permission
        at Object.<anonymous> (C:\Users\Javier\Documents\GitHub\TFGRepos\Back\tfg-backend\tests\unit\controllers\project.controller.test.js:543:21)
        at Promise.finally.completed (C:\Users\Javier\Documents\GitHub\TFGRepos\Back\tfg-backend\node_modules\jest-circus\build\jestAdapterInit.js:1557:28)
        at new Promise (<anonymous>)
        at callAsyncCircusFn (C:\Users\Javier\Documents\GitHub\TFGRepos\Back\tfg-backend\node_modules\jest-circus\build\jestAdapterInit.js:1497:10)
        at _callCircusTest (C:\Users\Javier\Documents\GitHub\TFGRepos\Back\tfg-backend\node_modules\jest-circus\build\jestAdapterInit.js:1007:40)
        at processTicksAndRejections (node:internal/process/task_queues:95:5)
        at _runTest (C:\Users\Javier\Documents\GitHub\TFGRepos\Back\tfg-backend\node_modules\jest-circus\build\jestAdapterInit.js:947:3)
        at C:\Users\Javier\Documents\GitHub\TFGRepos\Back\tfg-backend\node_modules\jest-circus\build\jestAdapterInit.js:849:7
        at _runTestsForDescribeBlock (C:\Users\Javier\Documents\GitHub\TFGRepos\Back\tfg-backend\node_modules\jest-circus\build\jestAdapterInit.js:862:11)
        at _runTestsForDescribeBlock (C:\Users\Javier\Documents\GitHub\TFGRepos\Back\tfg-backend\node_modules\jest-circus\build\jestAdapterInit.js:857:11)
        at _runTestsForDescribeBlock (C:\Users\Javier\Documents\GitHub\TFGRepos\Back\tfg-backend\node_modules\jest-circus\build\jestAdapterInit.js:857:11)
        at run (C:\Users\Javier\Documents\GitHub\TFGRepos\Back\tfg-backend\node_modules\jest-circus\build\jestAdapterInit.js:761:3)
        at runAndTransformResultsToJestFormat (C:\Users\Javier\Documents\GitHub\TFGRepos\Back\tfg-backend\node_modules\jest-circus\build\jestAdapterInit.js:1918:21)
        at jestAdapter (C:\Users\Javier\Documents\GitHub\TFGRepos\Back\tfg-backend\node_modules\jest-circus\build\runner.js:101:19)
        at runTestInternal (C:\Users\Javier\Documents\GitHub\TFGRepos\Back\tfg-backend\node_modules\jest-runner\build\testWorker.js:275:16)
        at runTest (C:\Users\Javier\Documents\GitHub\TFGRepos\Back\tfg-backend\node_modules\jest-runner\build\testWorker.js:343:7)
        at Object.worker (C:\Users\Javier\Documents\GitHub\TFGRepos\Back\tfg-backend\node_modules\jest-runner\build\testWorker.js:497:12)

    [0m [90m 36 |[39m     [36mreturn[39m[33m;[39m
     [90m 37 |[39m   }
    [31m[1m>[22m[39m[90m 38 |[39m   originalConsole[33m.[39merror([33m...[39margs)[33m;[39m
     [90m    |[39m                   [31m[1m^[22m[39m
     [90m 39 |[39m }[33m;[39m
     [90m 40 |[39m
     [90m 41 |[39m [90m// Timeout global para tests[39m[0m

      at console.error (tests/setup/test-setup.js:38:19)
      at ProjectController.error [as assignEmployee] (src/controllers/project.controller.js:280:15)
      at Object.<anonymous> (tests/unit/controllers/project.controller.test.js:546:7)

  console.error
    Error assigning employee: Error: Employee already assigned
        at Object.<anonymous> (C:\Users\Javier\Documents\GitHub\TFGRepos\Back\tfg-backend\tests\unit\controllers\project.controller.test.js:554:21)
        at Promise.finally.completed (C:\Users\Javier\Documents\GitHub\TFGRepos\Back\tfg-backend\node_modules\jest-circus\build\jestAdapterInit.js:1557:28)
        at new Promise (<anonymous>)
        at callAsyncCircusFn (C:\Users\Javier\Documents\GitHub\TFGRepos\Back\tfg-backend\node_modules\jest-circus\build\jestAdapterInit.js:1497:10)
        at _callCircusTest (C:\Users\Javier\Documents\GitHub\TFGRepos\Back\tfg-backend\node_modules\jest-circus\build\jestAdapterInit.js:1007:40)
        at processTicksAndRejections (node:internal/process/task_queues:95:5)
        at _runTest (C:\Users\Javier\Documents\GitHub\TFGRepos\Back\tfg-backend\node_modules\jest-circus\build\jestAdapterInit.js:947:3)
        at C:\Users\Javier\Documents\GitHub\TFGRepos\Back\tfg-backend\node_modules\jest-circus\build\jestAdapterInit.js:849:7
        at _runTestsForDescribeBlock (C:\Users\Javier\Documents\GitHub\TFGRepos\Back\tfg-backend\node_modules\jest-circus\build\jestAdapterInit.js:862:11)
        at _runTestsForDescribeBlock (C:\Users\Javier\Documents\GitHub\TFGRepos\Back\tfg-backend\node_modules\jest-circus\build\jestAdapterInit.js:857:11)
        at _runTestsForDescribeBlock (C:\Users\Javier\Documents\GitHub\TFGRepos\Back\tfg-backend\node_modules\jest-circus\build\jestAdapterInit.js:857:11)
        at run (C:\Users\Javier\Documents\GitHub\TFGRepos\Back\tfg-backend\node_modules\jest-circus\build\jestAdapterInit.js:761:3)
        at runAndTransformResultsToJestFormat (C:\Users\Javier\Documents\GitHub\TFGRepos\Back\tfg-backend\node_modules\jest-circus\build\jestAdapterInit.js:1918:21)
        at jestAdapter (C:\Users\Javier\Documents\GitHub\TFGRepos\Back\tfg-backend\node_modules\jest-circus\build\runner.js:101:19)
        at runTestInternal (C:\Users\Javier\Documents\GitHub\TFGRepos\Back\tfg-backend\node_modules\jest-runner\build\testWorker.js:275:16)
        at runTest (C:\Users\Javier\Documents\GitHub\TFGRepos\Back\tfg-backend\node_modules\jest-runner\build\testWorker.js:343:7)
        at Object.worker (C:\Users\Javier\Documents\GitHub\TFGRepos\Back\tfg-backend\node_modules\jest-runner\build\testWorker.js:497:12)

    [0m [90m 36 |[39m     [36mreturn[39m[33m;[39m
     [90m 37 |[39m   }
    [31m[1m>[22m[39m[90m 38 |[39m   originalConsole[33m.[39merror([33m...[39margs)[33m;[39m
     [90m    |[39m                   [31m[1m^[22m[39m
     [90m 39 |[39m }[33m;[39m
     [90m 40 |[39m
     [90m 41 |[39m [90m// Timeout global para tests[39m[0m

      at console.error (tests/setup/test-setup.js:38:19)
      at ProjectController.error [as assignEmployee] (src/controllers/project.controller.js:280:15)
      at Object.<anonymous> (tests/unit/controllers/project.controller.test.js:557:7)

  console.error
    Error removing employee: Error: Project not found
        at Object.<anonymous> (C:\Users\Javier\Documents\GitHub\TFGRepos\Back\tfg-backend\tests\unit\controllers\project.controller.test.js:591:21)
        at Promise.finally.completed (C:\Users\Javier\Documents\GitHub\TFGRepos\Back\tfg-backend\node_modules\jest-circus\build\jestAdapterInit.js:1557:28)
        at new Promise (<anonymous>)
        at callAsyncCircusFn (C:\Users\Javier\Documents\GitHub\TFGRepos\Back\tfg-backend\node_modules\jest-circus\build\jestAdapterInit.js:1497:10)
        at _callCircusTest (C:\Users\Javier\Documents\GitHub\TFGRepos\Back\tfg-backend\node_modules\jest-circus\build\jestAdapterInit.js:1007:40)
        at processTicksAndRejections (node:internal/process/task_queues:95:5)
        at _runTest (C:\Users\Javier\Documents\GitHub\TFGRepos\Back\tfg-backend\node_modules\jest-circus\build\jestAdapterInit.js:947:3)
        at C:\Users\Javier\Documents\GitHub\TFGRepos\Back\tfg-backend\node_modules\jest-circus\build\jestAdapterInit.js:849:7
        at _runTestsForDescribeBlock (C:\Users\Javier\Documents\GitHub\TFGRepos\Back\tfg-backend\node_modules\jest-circus\build\jestAdapterInit.js:862:11)
        at _runTestsForDescribeBlock (C:\Users\Javier\Documents\GitHub\TFGRepos\Back\tfg-backend\node_modules\jest-circus\build\jestAdapterInit.js:857:11)
        at _runTestsForDescribeBlock (C:\Users\Javier\Documents\GitHub\TFGRepos\Back\tfg-backend\node_modules\jest-circus\build\jestAdapterInit.js:857:11)
        at run (C:\Users\Javier\Documents\GitHub\TFGRepos\Back\tfg-backend\node_modules\jest-circus\build\jestAdapterInit.js:761:3)
        at runAndTransformResultsToJestFormat (C:\Users\Javier\Documents\GitHub\TFGRepos\Back\tfg-backend\node_modules\jest-circus\build\jestAdapterInit.js:1918:21)
        at jestAdapter (C:\Users\Javier\Documents\GitHub\TFGRepos\Back\tfg-backend\node_modules\jest-circus\build\runner.js:101:19)
        at runTestInternal (C:\Users\Javier\Documents\GitHub\TFGRepos\Back\tfg-backend\node_modules\jest-runner\build\testWorker.js:275:16)
        at runTest (C:\Users\Javier\Documents\GitHub\TFGRepos\Back\tfg-backend\node_modules\jest-runner\build\testWorker.js:343:7)
        at Object.worker (C:\Users\Javier\Documents\GitHub\TFGRepos\Back\tfg-backend\node_modules\jest-runner\build\testWorker.js:497:12)

    [0m [90m 36 |[39m     [36mreturn[39m[33m;[39m
     [90m 37 |[39m   }
    [31m[1m>[22m[39m[90m 38 |[39m   originalConsole[33m.[39merror([33m...[39margs)[33m;[39m
     [90m    |[39m                   [31m[1m^[22m[39m
     [90m 39 |[39m }[33m;[39m
     [90m 40 |[39m
     [90m 41 |[39m [90m// Timeout global para tests[39m[0m

      at console.error (tests/setup/test-setup.js:38:19)
      at ProjectController.error [as removeEmployee] (src/controllers/project.controller.js:319:15)
      at Object.<anonymous> (tests/unit/controllers/project.controller.test.js:594:7)

  console.error
    Error removing employee: Error: No permission
        at Object.<anonymous> (C:\Users\Javier\Documents\GitHub\TFGRepos\Back\tfg-backend\tests\unit\controllers\project.controller.test.js:602:21)
        at Promise.finally.completed (C:\Users\Javier\Documents\GitHub\TFGRepos\Back\tfg-backend\node_modules\jest-circus\build\jestAdapterInit.js:1557:28)
        at new Promise (<anonymous>)
        at callAsyncCircusFn (C:\Users\Javier\Documents\GitHub\TFGRepos\Back\tfg-backend\node_modules\jest-circus\build\jestAdapterInit.js:1497:10)
        at _callCircusTest (C:\Users\Javier\Documents\GitHub\TFGRepos\Back\tfg-backend\node_modules\jest-circus\build\jestAdapterInit.js:1007:40)
        at processTicksAndRejections (node:internal/process/task_queues:95:5)
        at _runTest (C:\Users\Javier\Documents\GitHub\TFGRepos\Back\tfg-backend\node_modules\jest-circus\build\jestAdapterInit.js:947:3)
        at C:\Users\Javier\Documents\GitHub\TFGRepos\Back\tfg-backend\node_modules\jest-circus\build\jestAdapterInit.js:849:7
        at _runTestsForDescribeBlock (C:\Users\Javier\Documents\GitHub\TFGRepos\Back\tfg-backend\node_modules\jest-circus\build\jestAdapterInit.js:862:11)
        at _runTestsForDescribeBlock (C:\Users\Javier\Documents\GitHub\TFGRepos\Back\tfg-backend\node_modules\jest-circus\build\jestAdapterInit.js:857:11)
        at _runTestsForDescribeBlock (C:\Users\Javier\Documents\GitHub\TFGRepos\Back\tfg-backend\node_modules\jest-circus\build\jestAdapterInit.js:857:11)
        at run (C:\Users\Javier\Documents\GitHub\TFGRepos\Back\tfg-backend\node_modules\jest-circus\build\jestAdapterInit.js:761:3)
        at runAndTransformResultsToJestFormat (C:\Users\Javier\Documents\GitHub\TFGRepos\Back\tfg-backend\node_modules\jest-circus\build\jestAdapterInit.js:1918:21)
        at jestAdapter (C:\Users\Javier\Documents\GitHub\TFGRepos\Back\tfg-backend\node_modules\jest-circus\build\runner.js:101:19)
        at runTestInternal (C:\Users\Javier\Documents\GitHub\TFGRepos\Back\tfg-backend\node_modules\jest-runner\build\testWorker.js:275:16)
        at runTest (C:\Users\Javier\Documents\GitHub\TFGRepos\Back\tfg-backend\node_modules\jest-runner\build\testWorker.js:343:7)
        at Object.worker (C:\Users\Javier\Documents\GitHub\TFGRepos\Back\tfg-backend\node_modules\jest-runner\build\testWorker.js:497:12)

    [0m [90m 36 |[39m     [36mreturn[39m[33m;[39m
     [90m 37 |[39m   }
    [31m[1m>[22m[39m[90m 38 |[39m   originalConsole[33m.[39merror([33m...[39margs)[33m;[39m
     [90m    |[39m                   [31m[1m^[22m[39m
     [90m 39 |[39m }[33m;[39m
     [90m 40 |[39m
     [90m 41 |[39m [90m// Timeout global para tests[39m[0m

      at console.error (tests/setup/test-setup.js:38:19)
      at ProjectController.error [as removeEmployee] (src/controllers/project.controller.js:319:15)
      at Object.<anonymous> (tests/unit/controllers/project.controller.test.js:605:7)

  console.error
    Error activating project: Error: project not found
        at Object.<anonymous> (C:\Users\Javier\Documents\GitHub\TFGRepos\Back\tfg-backend\tests\unit\controllers\project.controller.test.js:630:56)
        at Promise.finally.completed (C:\Users\Javier\Documents\GitHub\TFGRepos\Back\tfg-backend\node_modules\jest-circus\build\jestAdapterInit.js:1557:28)
        at new Promise (<anonymous>)
        at callAsyncCircusFn (C:\Users\Javier\Documents\GitHub\TFGRepos\Back\tfg-backend\node_modules\jest-circus\build\jestAdapterInit.js:1497:10)
        at _callCircusTest (C:\Users\Javier\Documents\GitHub\TFGRepos\Back\tfg-backend\node_modules\jest-circus\build\jestAdapterInit.js:1007:40)
        at processTicksAndRejections (node:internal/process/task_queues:95:5)
        at _runTest (C:\Users\Javier\Documents\GitHub\TFGRepos\Back\tfg-backend\node_modules\jest-circus\build\jestAdapterInit.js:947:3)
        at C:\Users\Javier\Documents\GitHub\TFGRepos\Back\tfg-backend\node_modules\jest-circus\build\jestAdapterInit.js:849:7
        at _runTestsForDescribeBlock (C:\Users\Javier\Documents\GitHub\TFGRepos\Back\tfg-backend\node_modules\jest-circus\build\jestAdapterInit.js:862:11)
        at _runTestsForDescribeBlock (C:\Users\Javier\Documents\GitHub\TFGRepos\Back\tfg-backend\node_modules\jest-circus\build\jestAdapterInit.js:857:11)
        at _runTestsForDescribeBlock (C:\Users\Javier\Documents\GitHub\TFGRepos\Back\tfg-backend\node_modules\jest-circus\build\jestAdapterInit.js:857:11)
        at run (C:\Users\Javier\Documents\GitHub\TFGRepos\Back\tfg-backend\node_modules\jest-circus\build\jestAdapterInit.js:761:3)
        at runAndTransformResultsToJestFormat (C:\Users\Javier\Documents\GitHub\TFGRepos\Back\tfg-backend\node_modules\jest-circus\build\jestAdapterInit.js:1918:21)
        at jestAdapter (C:\Users\Javier\Documents\GitHub\TFGRepos\Back\tfg-backend\node_modules\jest-circus\build\runner.js:101:19)
        at runTestInternal (C:\Users\Javier\Documents\GitHub\TFGRepos\Back\tfg-backend\node_modules\jest-runner\build\testWorker.js:275:16)
        at runTest (C:\Users\Javier\Documents\GitHub\TFGRepos\Back\tfg-backend\node_modules\jest-runner\build\testWorker.js:343:7)
        at Object.worker (C:\Users\Javier\Documents\GitHub\TFGRepos\Back\tfg-backend\node_modules\jest-runner\build\testWorker.js:497:12)

    [0m [90m 36 |[39m     [36mreturn[39m[33m;[39m
     [90m 37 |[39m   }
    [31m[1m>[22m[39m[90m 38 |[39m   originalConsole[33m.[39merror([33m...[39margs)[33m;[39m
     [90m    |[39m                   [31m[1m^[22m[39m
     [90m 39 |[39m }[33m;[39m
     [90m 40 |[39m
     [90m 41 |[39m [90m// Timeout global para tests[39m[0m

      at console.error (tests/setup/test-setup.js:38:19)
      at ProjectController.error [as activateProject] (src/controllers/project.controller.js:352:15)
      at Object.<anonymous> (tests/unit/controllers/project.controller.test.js:632:7)

  console.error
    Error completing project: Error: permission denied
        at Object.<anonymous> (C:\Users\Javier\Documents\GitHub\TFGRepos\Back\tfg-backend\tests\unit\controllers\project.controller.test.js:657:56)
        at Promise.finally.completed (C:\Users\Javier\Documents\GitHub\TFGRepos\Back\tfg-backend\node_modules\jest-circus\build\jestAdapterInit.js:1557:28)
        at new Promise (<anonymous>)
        at callAsyncCircusFn (C:\Users\Javier\Documents\GitHub\TFGRepos\Back\tfg-backend\node_modules\jest-circus\build\jestAdapterInit.js:1497:10)
        at _callCircusTest (C:\Users\Javier\Documents\GitHub\TFGRepos\Back\tfg-backend\node_modules\jest-circus\build\jestAdapterInit.js:1007:40)
        at processTicksAndRejections (node:internal/process/task_queues:95:5)
        at _runTest (C:\Users\Javier\Documents\GitHub\TFGRepos\Back\tfg-backend\node_modules\jest-circus\build\jestAdapterInit.js:947:3)
        at C:\Users\Javier\Documents\GitHub\TFGRepos\Back\tfg-backend\node_modules\jest-circus\build\jestAdapterInit.js:849:7
        at _runTestsForDescribeBlock (C:\Users\Javier\Documents\GitHub\TFGRepos\Back\tfg-backend\node_modules\jest-circus\build\jestAdapterInit.js:862:11)
        at _runTestsForDescribeBlock (C:\Users\Javier\Documents\GitHub\TFGRepos\Back\tfg-backend\node_modules\jest-circus\build\jestAdapterInit.js:857:11)
        at _runTestsForDescribeBlock (C:\Users\Javier\Documents\GitHub\TFGRepos\Back\tfg-backend\node_modules\jest-circus\build\jestAdapterInit.js:857:11)
        at run (C:\Users\Javier\Documents\GitHub\TFGRepos\Back\tfg-backend\node_modules\jest-circus\build\jestAdapterInit.js:761:3)
        at runAndTransformResultsToJestFormat (C:\Users\Javier\Documents\GitHub\TFGRepos\Back\tfg-backend\node_modules\jest-circus\build\jestAdapterInit.js:1918:21)
        at jestAdapter (C:\Users\Javier\Documents\GitHub\TFGRepos\Back\tfg-backend\node_modules\jest-circus\build\runner.js:101:19)
        at runTestInternal (C:\Users\Javier\Documents\GitHub\TFGRepos\Back\tfg-backend\node_modules\jest-runner\build\testWorker.js:275:16)
        at runTest (C:\Users\Javier\Documents\GitHub\TFGRepos\Back\tfg-backend\node_modules\jest-runner\build\testWorker.js:343:7)
        at Object.worker (C:\Users\Javier\Documents\GitHub\TFGRepos\Back\tfg-backend\node_modules\jest-runner\build\testWorker.js:497:12)

    [0m [90m 36 |[39m     [36mreturn[39m[33m;[39m
     [90m 37 |[39m   }
    [31m[1m>[22m[39m[90m 38 |[39m   originalConsole[33m.[39merror([33m...[39margs)[33m;[39m
     [90m    |[39m                   [31m[1m^[22m[39m
     [90m 39 |[39m }[33m;[39m
     [90m 40 |[39m
     [90m 41 |[39m [90m// Timeout global para tests[39m[0m

      at console.error (tests/setup/test-setup.js:38:19)
      at ProjectController.error [as completeProject] (src/controllers/project.controller.js:385:15)
      at Object.<anonymous> (tests/unit/controllers/project.controller.test.js:659:7)

  console.error
    Error cancelling project: Error: Only administrators can cancel
        at Object.<anonymous> (C:\Users\Javier\Documents\GitHub\TFGRepos\Back\tfg-backend\tests\unit\controllers\project.controller.test.js:684:54)
        at Promise.finally.completed (C:\Users\Javier\Documents\GitHub\TFGRepos\Back\tfg-backend\node_modules\jest-circus\build\jestAdapterInit.js:1557:28)
        at new Promise (<anonymous>)
        at callAsyncCircusFn (C:\Users\Javier\Documents\GitHub\TFGRepos\Back\tfg-backend\node_modules\jest-circus\build\jestAdapterInit.js:1497:10)
        at _callCircusTest (C:\Users\Javier\Documents\GitHub\TFGRepos\Back\tfg-backend\node_modules\jest-circus\build\jestAdapterInit.js:1007:40)
        at processTicksAndRejections (node:internal/process/task_queues:95:5)
        at _runTest (C:\Users\Javier\Documents\GitHub\TFGRepos\Back\tfg-backend\node_modules\jest-circus\build\jestAdapterInit.js:947:3)
        at C:\Users\Javier\Documents\GitHub\TFGRepos\Back\tfg-backend\node_modules\jest-circus\build\jestAdapterInit.js:849:7
        at _runTestsForDescribeBlock (C:\Users\Javier\Documents\GitHub\TFGRepos\Back\tfg-backend\node_modules\jest-circus\build\jestAdapterInit.js:862:11)
        at _runTestsForDescribeBlock (C:\Users\Javier\Documents\GitHub\TFGRepos\Back\tfg-backend\node_modules\jest-circus\build\jestAdapterInit.js:857:11)
        at _runTestsForDescribeBlock (C:\Users\Javier\Documents\GitHub\TFGRepos\Back\tfg-backend\node_modules\jest-circus\build\jestAdapterInit.js:857:11)
        at run (C:\Users\Javier\Documents\GitHub\TFGRepos\Back\tfg-backend\node_modules\jest-circus\build\jestAdapterInit.js:761:3)
        at runAndTransformResultsToJestFormat (C:\Users\Javier\Documents\GitHub\TFGRepos\Back\tfg-backend\node_modules\jest-circus\build\jestAdapterInit.js:1918:21)
        at jestAdapter (C:\Users\Javier\Documents\GitHub\TFGRepos\Back\tfg-backend\node_modules\jest-circus\build\runner.js:101:19)
        at runTestInternal (C:\Users\Javier\Documents\GitHub\TFGRepos\Back\tfg-backend\node_modules\jest-runner\build\testWorker.js:275:16)
        at runTest (C:\Users\Javier\Documents\GitHub\TFGRepos\Back\tfg-backend\node_modules\jest-runner\build\testWorker.js:343:7)
        at Object.worker (C:\Users\Javier\Documents\GitHub\TFGRepos\Back\tfg-backend\node_modules\jest-runner\build\testWorker.js:497:12)

    [0m [90m 36 |[39m     [36mreturn[39m[33m;[39m
     [90m 37 |[39m   }
    [31m[1m>[22m[39m[90m 38 |[39m   originalConsole[33m.[39merror([33m...[39margs)[33m;[39m
     [90m    |[39m                   [31m[1m^[22m[39m
     [90m 39 |[39m }[33m;[39m
     [90m 40 |[39m
     [90m 41 |[39m [90m// Timeout global para tests[39m[0m

      at console.error (tests/setup/test-setup.js:38:19)
      at ProjectController.error [as cancelProject] (src/controllers/project.controller.js:418:15)
      at Object.<anonymous> (tests/unit/controllers/project.controller.test.js:686:7)

  console.error
    Error getting project statistics: Error: boom
        at Object.<anonymous> (C:\Users\Javier\Documents\GitHub\TFGRepos\Back\tfg-backend\tests\unit\controllers\project.controller.test.js:707:61)
        at Promise.finally.completed (C:\Users\Javier\Documents\GitHub\TFGRepos\Back\tfg-backend\node_modules\jest-circus\build\jestAdapterInit.js:1557:28)
        at new Promise (<anonymous>)
        at callAsyncCircusFn (C:\Users\Javier\Documents\GitHub\TFGRepos\Back\tfg-backend\node_modules\jest-circus\build\jestAdapterInit.js:1497:10)
        at _callCircusTest (C:\Users\Javier\Documents\GitHub\TFGRepos\Back\tfg-backend\node_modules\jest-circus\build\jestAdapterInit.js:1007:40)
        at processTicksAndRejections (node:internal/process/task_queues:95:5)
        at _runTest (C:\Users\Javier\Documents\GitHub\TFGRepos\Back\tfg-backend\node_modules\jest-circus\build\jestAdapterInit.js:947:3)
        at C:\Users\Javier\Documents\GitHub\TFGRepos\Back\tfg-backend\node_modules\jest-circus\build\jestAdapterInit.js:849:7
        at _runTestsForDescribeBlock (C:\Users\Javier\Documents\GitHub\TFGRepos\Back\tfg-backend\node_modules\jest-circus\build\jestAdapterInit.js:862:11)
        at _runTestsForDescribeBlock (C:\Users\Javier\Documents\GitHub\TFGRepos\Back\tfg-backend\node_modules\jest-circus\build\jestAdapterInit.js:857:11)
        at _runTestsForDescribeBlock (C:\Users\Javier\Documents\GitHub\TFGRepos\Back\tfg-backend\node_modules\jest-circus\build\jestAdapterInit.js:857:11)
        at run (C:\Users\Javier\Documents\GitHub\TFGRepos\Back\tfg-backend\node_modules\jest-circus\build\jestAdapterInit.js:761:3)
        at runAndTransformResultsToJestFormat (C:\Users\Javier\Documents\GitHub\TFGRepos\Back\tfg-backend\node_modules\jest-circus\build\jestAdapterInit.js:1918:21)
        at jestAdapter (C:\Users\Javier\Documents\GitHub\TFGRepos\Back\tfg-backend\node_modules\jest-circus\build\runner.js:101:19)
        at runTestInternal (C:\Users\Javier\Documents\GitHub\TFGRepos\Back\tfg-backend\node_modules\jest-runner\build\testWorker.js:275:16)
        at runTest (C:\Users\Javier\Documents\GitHub\TFGRepos\Back\tfg-backend\node_modules\jest-runner\build\testWorker.js:343:7)
        at Object.worker (C:\Users\Javier\Documents\GitHub\TFGRepos\Back\tfg-backend\node_modules\jest-runner\build\testWorker.js:497:12)

    [0m [90m 36 |[39m     [36mreturn[39m[33m;[39m
     [90m 37 |[39m   }
    [31m[1m>[22m[39m[90m 38 |[39m   originalConsole[33m.[39merror([33m...[39margs)[33m;[39m
     [90m    |[39m                   [31m[1m^[22m[39m
     [90m 39 |[39m }[33m;[39m
     [90m 40 |[39m
     [90m 41 |[39m [90m// Timeout global para tests[39m[0m

      at console.error (tests/setup/test-setup.js:38:19)
      at ProjectController.error [as getProjectStatistics] (src/controllers/project.controller.js:449:15)
      at Object.<anonymous> (tests/unit/controllers/project.controller.test.js:709:7)

  console.error
    Error suggesting team: Error: boom
        at Object.<anonymous> (C:\Users\Javier\Documents\GitHub\TFGRepos\Back\tfg-backend\tests\unit\controllers\project.controller.test.js:799:64)
        at Promise.finally.completed (C:\Users\Javier\Documents\GitHub\TFGRepos\Back\tfg-backend\node_modules\jest-circus\build\jestAdapterInit.js:1557:28)
        at new Promise (<anonymous>)
        at callAsyncCircusFn (C:\Users\Javier\Documents\GitHub\TFGRepos\Back\tfg-backend\node_modules\jest-circus\build\jestAdapterInit.js:1497:10)
        at _callCircusTest (C:\Users\Javier\Documents\GitHub\TFGRepos\Back\tfg-backend\node_modules\jest-circus\build\jestAdapterInit.js:1007:40)
        at processTicksAndRejections (node:internal/process/task_queues:95:5)
        at _runTest (C:\Users\Javier\Documents\GitHub\TFGRepos\Back\tfg-backend\node_modules\jest-circus\build\jestAdapterInit.js:947:3)
        at C:\Users\Javier\Documents\GitHub\TFGRepos\Back\tfg-backend\node_modules\jest-circus\build\jestAdapterInit.js:849:7
        at _runTestsForDescribeBlock (C:\Users\Javier\Documents\GitHub\TFGRepos\Back\tfg-backend\node_modules\jest-circus\build\jestAdapterInit.js:862:11)
        at _runTestsForDescribeBlock (C:\Users\Javier\Documents\GitHub\TFGRepos\Back\tfg-backend\node_modules\jest-circus\build\jestAdapterInit.js:857:11)
        at _runTestsForDescribeBlock (C:\Users\Javier\Documents\GitHub\TFGRepos\Back\tfg-backend\node_modules\jest-circus\build\jestAdapterInit.js:857:11)
        at run (C:\Users\Javier\Documents\GitHub\TFGRepos\Back\tfg-backend\node_modules\jest-circus\build\jestAdapterInit.js:761:3)
        at runAndTransformResultsToJestFormat (C:\Users\Javier\Documents\GitHub\TFGRepos\Back\tfg-backend\node_modules\jest-circus\build\jestAdapterInit.js:1918:21)
        at jestAdapter (C:\Users\Javier\Documents\GitHub\TFGRepos\Back\tfg-backend\node_modules\jest-circus\build\runner.js:101:19)
        at runTestInternal (C:\Users\Javier\Documents\GitHub\TFGRepos\Back\tfg-backend\node_modules\jest-runner\build\testWorker.js:275:16)
        at runTest (C:\Users\Javier\Documents\GitHub\TFGRepos\Back\tfg-backend\node_modules\jest-runner\build\testWorker.js:343:7)
        at Object.worker (C:\Users\Javier\Documents\GitHub\TFGRepos\Back\tfg-backend\node_modules\jest-runner\build\testWorker.js:497:12)

    [0m [90m 36 |[39m     [36mreturn[39m[33m;[39m
     [90m 37 |[39m   }
    [31m[1m>[22m[39m[90m 38 |[39m   originalConsole[33m.[39merror([33m...[39margs)[33m;[39m
     [90m    |[39m                   [31m[1m^[22m[39m
     [90m 39 |[39m }[33m;[39m
     [90m 40 |[39m
     [90m 41 |[39m [90m// Timeout global para tests[39m[0m

      at console.error (tests/setup/test-setup.js:38:19)
      at ProjectController.error [as suggestTeam] (src/controllers/project.controller.js:501:15)
      at Object.<anonymous> (tests/unit/controllers/project.controller.test.js:801:7)

  console.error
    Error calculating scores for available employees: Error: skip available employees
        at Object.<anonymous> (C:\Users\Javier\Documents\GitHub\TFGRepos\Back\tfg-backend\tests\unit\controllers\project.controller.test.js:892:47)
        at Promise.finally.completed (C:\Users\Javier\Documents\GitHub\TFGRepos\Back\tfg-backend\node_modules\jest-circus\build\jestAdapterInit.js:1557:28)
        at new Promise (<anonymous>)
        at callAsyncCircusFn (C:\Users\Javier\Documents\GitHub\TFGRepos\Back\tfg-backend\node_modules\jest-circus\build\jestAdapterInit.js:1497:10)
        at _callCircusTest (C:\Users\Javier\Documents\GitHub\TFGRepos\Back\tfg-backend\node_modules\jest-circus\build\jestAdapterInit.js:1007:40)
        at processTicksAndRejections (node:internal/process/task_queues:95:5)
        at _runTest (C:\Users\Javier\Documents\GitHub\TFGRepos\Back\tfg-backend\node_modules\jest-circus\build\jestAdapterInit.js:947:3)
        at C:\Users\Javier\Documents\GitHub\TFGRepos\Back\tfg-backend\node_modules\jest-circus\build\jestAdapterInit.js:849:7
        at _runTestsForDescribeBlock (C:\Users\Javier\Documents\GitHub\TFGRepos\Back\tfg-backend\node_modules\jest-circus\build\jestAdapterInit.js:862:11)
        at _runTestsForDescribeBlock (C:\Users\Javier\Documents\GitHub\TFGRepos\Back\tfg-backend\node_modules\jest-circus\build\jestAdapterInit.js:857:11)
        at _runTestsForDescribeBlock (C:\Users\Javier\Documents\GitHub\TFGRepos\Back\tfg-backend\node_modules\jest-circus\build\jestAdapterInit.js:857:11)
        at run (C:\Users\Javier\Documents\GitHub\TFGRepos\Back\tfg-backend\node_modules\jest-circus\build\jestAdapterInit.js:761:3)
        at runAndTransformResultsToJestFormat (C:\Users\Javier\Documents\GitHub\TFGRepos\Back\tfg-backend\node_modules\jest-circus\build\jestAdapterInit.js:1918:21)
        at jestAdapter (C:\Users\Javier\Documents\GitHub\TFGRepos\Back\tfg-backend\node_modules\jest-circus\build\runner.js:101:19)
        at runTestInternal (C:\Users\Javier\Documents\GitHub\TFGRepos\Back\tfg-backend\node_modules\jest-runner\build\testWorker.js:275:16)
        at runTest (C:\Users\Javier\Documents\GitHub\TFGRepos\Back\tfg-backend\node_modules\jest-runner\build\testWorker.js:343:7)
        at Object.worker (C:\Users\Javier\Documents\GitHub\TFGRepos\Back\tfg-backend\node_modules\jest-runner\build\testWorker.js:497:12)

    [0m [90m 36 |[39m     [36mreturn[39m[33m;[39m
     [90m 37 |[39m   }
    [31m[1m>[22m[39m[90m 38 |[39m   originalConsole[33m.[39merror([33m...[39margs)[33m;[39m
     [90m    |[39m                   [31m[1m^[22m[39m
     [90m 39 |[39m }[33m;[39m
     [90m 40 |[39m
     [90m 41 |[39m [90m// Timeout global para tests[39m[0m

      at console.error (tests/setup/test-setup.js:38:19)
      at ProjectController.error [as getTeamAnalysis] (src/controllers/project.controller.js:907:17)
      at Object.<anonymous> (tests/unit/controllers/project.controller.test.js:894:7)

  console.error
    Error calculating scores for available employees: Error: skip available employees
        at Object.<anonymous> (C:\Users\Javier\Documents\GitHub\TFGRepos\Back\tfg-backend\tests\unit\controllers\project.controller.test.js:926:47)
        at Promise.finally.completed (C:\Users\Javier\Documents\GitHub\TFGRepos\Back\tfg-backend\node_modules\jest-circus\build\jestAdapterInit.js:1557:28)
        at new Promise (<anonymous>)
        at callAsyncCircusFn (C:\Users\Javier\Documents\GitHub\TFGRepos\Back\tfg-backend\node_modules\jest-circus\build\jestAdapterInit.js:1497:10)
        at _callCircusTest (C:\Users\Javier\Documents\GitHub\TFGRepos\Back\tfg-backend\node_modules\jest-circus\build\jestAdapterInit.js:1007:40)
        at processTicksAndRejections (node:internal/process/task_queues:95:5)
        at _runTest (C:\Users\Javier\Documents\GitHub\TFGRepos\Back\tfg-backend\node_modules\jest-circus\build\jestAdapterInit.js:947:3)
        at C:\Users\Javier\Documents\GitHub\TFGRepos\Back\tfg-backend\node_modules\jest-circus\build\jestAdapterInit.js:849:7
        at _runTestsForDescribeBlock (C:\Users\Javier\Documents\GitHub\TFGRepos\Back\tfg-backend\node_modules\jest-circus\build\jestAdapterInit.js:862:11)
        at _runTestsForDescribeBlock (C:\Users\Javier\Documents\GitHub\TFGRepos\Back\tfg-backend\node_modules\jest-circus\build\jestAdapterInit.js:857:11)
        at _runTestsForDescribeBlock (C:\Users\Javier\Documents\GitHub\TFGRepos\Back\tfg-backend\node_modules\jest-circus\build\jestAdapterInit.js:857:11)
        at run (C:\Users\Javier\Documents\GitHub\TFGRepos\Back\tfg-backend\node_modules\jest-circus\build\jestAdapterInit.js:761:3)
        at runAndTransformResultsToJestFormat (C:\Users\Javier\Documents\GitHub\TFGRepos\Back\tfg-backend\node_modules\jest-circus\build\jestAdapterInit.js:1918:21)
        at jestAdapter (C:\Users\Javier\Documents\GitHub\TFGRepos\Back\tfg-backend\node_modules\jest-circus\build\runner.js:101:19)
        at runTestInternal (C:\Users\Javier\Documents\GitHub\TFGRepos\Back\tfg-backend\node_modules\jest-runner\build\testWorker.js:275:16)
        at runTest (C:\Users\Javier\Documents\GitHub\TFGRepos\Back\tfg-backend\node_modules\jest-runner\build\testWorker.js:343:7)
        at Object.worker (C:\Users\Javier\Documents\GitHub\TFGRepos\Back\tfg-backend\node_modules\jest-runner\build\testWorker.js:497:12)

    [0m [90m 36 |[39m     [36mreturn[39m[33m;[39m
     [90m 37 |[39m   }
    [31m[1m>[22m[39m[90m 38 |[39m   originalConsole[33m.[39merror([33m...[39margs)[33m;[39m
     [90m    |[39m                   [31m[1m^[22m[39m
     [90m 39 |[39m }[33m;[39m
     [90m 40 |[39m
     [90m 41 |[39m [90m// Timeout global para tests[39m[0m

      at console.error (tests/setup/test-setup.js:38:19)
      at ProjectController.error [as getTeamAnalysis] (src/controllers/project.controller.js:907:17)
      at Object.<anonymous> (tests/unit/controllers/project.controller.test.js:928:7)

  console.error
    Error calculating scores for available employees: Error: skip available employees
        at Object.<anonymous> (C:\Users\Javier\Documents\GitHub\TFGRepos\Back\tfg-backend\tests\unit\controllers\project.controller.test.js:957:47)
        at Promise.finally.completed (C:\Users\Javier\Documents\GitHub\TFGRepos\Back\tfg-backend\node_modules\jest-circus\build\jestAdapterInit.js:1557:28)
        at new Promise (<anonymous>)
        at callAsyncCircusFn (C:\Users\Javier\Documents\GitHub\TFGRepos\Back\tfg-backend\node_modules\jest-circus\build\jestAdapterInit.js:1497:10)
        at _callCircusTest (C:\Users\Javier\Documents\GitHub\TFGRepos\Back\tfg-backend\node_modules\jest-circus\build\jestAdapterInit.js:1007:40)
        at processTicksAndRejections (node:internal/process/task_queues:95:5)
        at _runTest (C:\Users\Javier\Documents\GitHub\TFGRepos\Back\tfg-backend\node_modules\jest-circus\build\jestAdapterInit.js:947:3)
        at C:\Users\Javier\Documents\GitHub\TFGRepos\Back\tfg-backend\node_modules\jest-circus\build\jestAdapterInit.js:849:7
        at _runTestsForDescribeBlock (C:\Users\Javier\Documents\GitHub\TFGRepos\Back\tfg-backend\node_modules\jest-circus\build\jestAdapterInit.js:862:11)
        at _runTestsForDescribeBlock (C:\Users\Javier\Documents\GitHub\TFGRepos\Back\tfg-backend\node_modules\jest-circus\build\jestAdapterInit.js:857:11)
        at _runTestsForDescribeBlock (C:\Users\Javier\Documents\GitHub\TFGRepos\Back\tfg-backend\node_modules\jest-circus\build\jestAdapterInit.js:857:11)
        at run (C:\Users\Javier\Documents\GitHub\TFGRepos\Back\tfg-backend\node_modules\jest-circus\build\jestAdapterInit.js:761:3)
        at runAndTransformResultsToJestFormat (C:\Users\Javier\Documents\GitHub\TFGRepos\Back\tfg-backend\node_modules\jest-circus\build\jestAdapterInit.js:1918:21)
        at jestAdapter (C:\Users\Javier\Documents\GitHub\TFGRepos\Back\tfg-backend\node_modules\jest-circus\build\runner.js:101:19)
        at runTestInternal (C:\Users\Javier\Documents\GitHub\TFGRepos\Back\tfg-backend\node_modules\jest-runner\build\testWorker.js:275:16)
        at runTest (C:\Users\Javier\Documents\GitHub\TFGRepos\Back\tfg-backend\node_modules\jest-runner\build\testWorker.js:343:7)
        at Object.worker (C:\Users\Javier\Documents\GitHub\TFGRepos\Back\tfg-backend\node_modules\jest-runner\build\testWorker.js:497:12)

    [0m [90m 36 |[39m     [36mreturn[39m[33m;[39m
     [90m 37 |[39m   }
    [31m[1m>[22m[39m[90m 38 |[39m   originalConsole[33m.[39merror([33m...[39margs)[33m;[39m
     [90m    |[39m                   [31m[1m^[22m[39m
     [90m 39 |[39m }[33m;[39m
     [90m 40 |[39m
     [90m 41 |[39m [90m// Timeout global para tests[39m[0m

      at console.error (tests/setup/test-setup.js:38:19)
      at ProjectController.error [as getTeamAnalysis] (src/controllers/project.controller.js:907:17)
      at Object.<anonymous> (tests/unit/controllers/project.controller.test.js:959:7)

  console.error
    Error calculating current team synergy: Error: synergy boom
        at Object.<anonymous> (C:\Users\Javier\Documents\GitHub\TFGRepos\Back\tfg-backend\tests\unit\controllers\project.controller.test.js:1008:63)
        at Promise.finally.completed (C:\Users\Javier\Documents\GitHub\TFGRepos\Back\tfg-backend\node_modules\jest-circus\build\jestAdapterInit.js:1557:28)
        at new Promise (<anonymous>)
        at callAsyncCircusFn (C:\Users\Javier\Documents\GitHub\TFGRepos\Back\tfg-backend\node_modules\jest-circus\build\jestAdapterInit.js:1497:10)
        at _callCircusTest (C:\Users\Javier\Documents\GitHub\TFGRepos\Back\tfg-backend\node_modules\jest-circus\build\jestAdapterInit.js:1007:40)
        at processTicksAndRejections (node:internal/process/task_queues:95:5)
        at _runTest (C:\Users\Javier\Documents\GitHub\TFGRepos\Back\tfg-backend\node_modules\jest-circus\build\jestAdapterInit.js:947:3)
        at C:\Users\Javier\Documents\GitHub\TFGRepos\Back\tfg-backend\node_modules\jest-circus\build\jestAdapterInit.js:849:7
        at _runTestsForDescribeBlock (C:\Users\Javier\Documents\GitHub\TFGRepos\Back\tfg-backend\node_modules\jest-circus\build\jestAdapterInit.js:862:11)
        at _runTestsForDescribeBlock (C:\Users\Javier\Documents\GitHub\TFGRepos\Back\tfg-backend\node_modules\jest-circus\build\jestAdapterInit.js:857:11)
        at _runTestsForDescribeBlock (C:\Users\Javier\Documents\GitHub\TFGRepos\Back\tfg-backend\node_modules\jest-circus\build\jestAdapterInit.js:857:11)
        at run (C:\Users\Javier\Documents\GitHub\TFGRepos\Back\tfg-backend\node_modules\jest-circus\build\jestAdapterInit.js:761:3)
        at runAndTransformResultsToJestFormat (C:\Users\Javier\Documents\GitHub\TFGRepos\Back\tfg-backend\node_modules\jest-circus\build\jestAdapterInit.js:1918:21)
        at jestAdapter (C:\Users\Javier\Documents\GitHub\TFGRepos\Back\tfg-backend\node_modules\jest-circus\build\runner.js:101:19)
        at runTestInternal (C:\Users\Javier\Documents\GitHub\TFGRepos\Back\tfg-backend\node_modules\jest-runner\build\testWorker.js:275:16)
        at runTest (C:\Users\Javier\Documents\GitHub\TFGRepos\Back\tfg-backend\node_modules\jest-runner\build\testWorker.js:343:7)
        at Object.worker (C:\Users\Javier\Documents\GitHub\TFGRepos\Back\tfg-backend\node_modules\jest-runner\build\testWorker.js:497:12)

    [0m [90m 36 |[39m     [36mreturn[39m[33m;[39m
     [90m 37 |[39m   }
    [31m[1m>[22m[39m[90m 38 |[39m   originalConsole[33m.[39merror([33m...[39margs)[33m;[39m
     [90m    |[39m                   [31m[1m^[22m[39m
     [90m 39 |[39m }[33m;[39m
     [90m 40 |[39m
     [90m 41 |[39m [90m// Timeout global para tests[39m[0m

      at console.error (tests/setup/test-setup.js:38:19)
      at ProjectController.error [as getTeamAnalysis] (src/controllers/project.controller.js:655:19)
      at Object.<anonymous> (tests/unit/controllers/project.controller.test.js:1011:7)

  console.error
    Error calculating projected team synergy: Error: synergy boom
        at Object.<anonymous> (C:\Users\Javier\Documents\GitHub\TFGRepos\Back\tfg-backend\tests\unit\controllers\project.controller.test.js:1008:63)
        at Promise.finally.completed (C:\Users\Javier\Documents\GitHub\TFGRepos\Back\tfg-backend\node_modules\jest-circus\build\jestAdapterInit.js:1557:28)
        at new Promise (<anonymous>)
        at callAsyncCircusFn (C:\Users\Javier\Documents\GitHub\TFGRepos\Back\tfg-backend\node_modules\jest-circus\build\jestAdapterInit.js:1497:10)
        at _callCircusTest (C:\Users\Javier\Documents\GitHub\TFGRepos\Back\tfg-backend\node_modules\jest-circus\build\jestAdapterInit.js:1007:40)
        at processTicksAndRejections (node:internal/process/task_queues:95:5)
        at _runTest (C:\Users\Javier\Documents\GitHub\TFGRepos\Back\tfg-backend\node_modules\jest-circus\build\jestAdapterInit.js:947:3)
        at C:\Users\Javier\Documents\GitHub\TFGRepos\Back\tfg-backend\node_modules\jest-circus\build\jestAdapterInit.js:849:7
        at _runTestsForDescribeBlock (C:\Users\Javier\Documents\GitHub\TFGRepos\Back\tfg-backend\node_modules\jest-circus\build\jestAdapterInit.js:862:11)
        at _runTestsForDescribeBlock (C:\Users\Javier\Documents\GitHub\TFGRepos\Back\tfg-backend\node_modules\jest-circus\build\jestAdapterInit.js:857:11)
        at _runTestsForDescribeBlock (C:\Users\Javier\Documents\GitHub\TFGRepos\Back\tfg-backend\node_modules\jest-circus\build\jestAdapterInit.js:857:11)
        at run (C:\Users\Javier\Documents\GitHub\TFGRepos\Back\tfg-backend\node_modules\jest-circus\build\jestAdapterInit.js:761:3)
        at runAndTransformResultsToJestFormat (C:\Users\Javier\Documents\GitHub\TFGRepos\Back\tfg-backend\node_modules\jest-circus\build\jestAdapterInit.js:1918:21)
        at jestAdapter (C:\Users\Javier\Documents\GitHub\TFGRepos\Back\tfg-backend\node_modules\jest-circus\build\runner.js:101:19)
        at runTestInternal (C:\Users\Javier\Documents\GitHub\TFGRepos\Back\tfg-backend\node_modules\jest-runner\build\testWorker.js:275:16)
        at runTest (C:\Users\Javier\Documents\GitHub\TFGRepos\Back\tfg-backend\node_modules\jest-runner\build\testWorker.js:343:7)
        at Object.worker (C:\Users\Javier\Documents\GitHub\TFGRepos\Back\tfg-backend\node_modules\jest-runner\build\testWorker.js:497:12)

    [0m [90m 36 |[39m     [36mreturn[39m[33m;[39m
     [90m 37 |[39m   }
    [31m[1m>[22m[39m[90m 38 |[39m   originalConsole[33m.[39merror([33m...[39margs)[33m;[39m
     [90m    |[39m                   [31m[1m^[22m[39m
     [90m 39 |[39m }[33m;[39m
     [90m 40 |[39m
     [90m 41 |[39m [90m// Timeout global para tests[39m[0m

      at console.error (tests/setup/test-setup.js:38:19)
      at ProjectController.error [as getTeamAnalysis] (src/controllers/project.controller.js:732:19)
      at Object.<anonymous> (tests/unit/controllers/project.controller.test.js:1011:7)

  console.error
    Error calculating scores for available employees: Error: skip available employees
        at Object.<anonymous> (C:\Users\Javier\Documents\GitHub\TFGRepos\Back\tfg-backend\tests\unit\controllers\project.controller.test.js:1009:47)
        at Promise.finally.completed (C:\Users\Javier\Documents\GitHub\TFGRepos\Back\tfg-backend\node_modules\jest-circus\build\jestAdapterInit.js:1557:28)
        at new Promise (<anonymous>)
        at callAsyncCircusFn (C:\Users\Javier\Documents\GitHub\TFGRepos\Back\tfg-backend\node_modules\jest-circus\build\jestAdapterInit.js:1497:10)
        at _callCircusTest (C:\Users\Javier\Documents\GitHub\TFGRepos\Back\tfg-backend\node_modules\jest-circus\build\jestAdapterInit.js:1007:40)
        at processTicksAndRejections (node:internal/process/task_queues:95:5)
        at _runTest (C:\Users\Javier\Documents\GitHub\TFGRepos\Back\tfg-backend\node_modules\jest-circus\build\jestAdapterInit.js:947:3)
        at C:\Users\Javier\Documents\GitHub\TFGRepos\Back\tfg-backend\node_modules\jest-circus\build\jestAdapterInit.js:849:7
        at _runTestsForDescribeBlock (C:\Users\Javier\Documents\GitHub\TFGRepos\Back\tfg-backend\node_modules\jest-circus\build\jestAdapterInit.js:862:11)
        at _runTestsForDescribeBlock (C:\Users\Javier\Documents\GitHub\TFGRepos\Back\tfg-backend\node_modules\jest-circus\build\jestAdapterInit.js:857:11)
        at _runTestsForDescribeBlock (C:\Users\Javier\Documents\GitHub\TFGRepos\Back\tfg-backend\node_modules\jest-circus\build\jestAdapterInit.js:857:11)
        at run (C:\Users\Javier\Documents\GitHub\TFGRepos\Back\tfg-backend\node_modules\jest-circus\build\jestAdapterInit.js:761:3)
        at runAndTransformResultsToJestFormat (C:\Users\Javier\Documents\GitHub\TFGRepos\Back\tfg-backend\node_modules\jest-circus\build\jestAdapterInit.js:1918:21)
        at jestAdapter (C:\Users\Javier\Documents\GitHub\TFGRepos\Back\tfg-backend\node_modules\jest-circus\build\runner.js:101:19)
        at runTestInternal (C:\Users\Javier\Documents\GitHub\TFGRepos\Back\tfg-backend\node_modules\jest-runner\build\testWorker.js:275:16)
        at runTest (C:\Users\Javier\Documents\GitHub\TFGRepos\Back\tfg-backend\node_modules\jest-runner\build\testWorker.js:343:7)
        at Object.worker (C:\Users\Javier\Documents\GitHub\TFGRepos\Back\tfg-backend\node_modules\jest-runner\build\testWorker.js:497:12)

    [0m [90m 36 |[39m     [36mreturn[39m[33m;[39m
     [90m 37 |[39m   }
    [31m[1m>[22m[39m[90m 38 |[39m   originalConsole[33m.[39merror([33m...[39margs)[33m;[39m
     [90m    |[39m                   [31m[1m^[22m[39m
     [90m 39 |[39m }[33m;[39m
     [90m 40 |[39m
     [90m 41 |[39m [90m// Timeout global para tests[39m[0m

      at console.error (tests/setup/test-setup.js:38:19)
      at ProjectController.error [as getTeamAnalysis] (src/controllers/project.controller.js:907:17)
      at Object.<anonymous> (tests/unit/controllers/project.controller.test.js:1011:7)

PASS tests/unit/controllers/project.controller.test.js (8.446 s)
  Project Controller - Unit Tests
    createProject
      ÔêÜ should create project successfully (10 ms)
      ÔêÜ should return validation errors (2 ms)
      ÔêÜ should return error when organizationId is missing (1 ms)
      ÔêÜ should return 404 when organization not found (103 ms)
      ÔêÜ should return 403 when not authorized (7 ms)
      ÔêÜ should return 400 for other errors (4 ms)
    getProject
      ÔêÜ should get project successfully (1 ms)
      ÔêÜ should include employees when requested (1 ms)
      ÔêÜ should return 404 when project not found (3 ms)
      ÔêÜ should return 400 for other errors (15 ms)
    updateProject
      ÔêÜ should update project successfully (7 ms)
      ÔêÜ should return 404 when project not found (2 ms)
      ÔêÜ should return 403 when no permission (3 ms)
      ÔêÜ should return 400 for other errors (3 ms)
    deleteProject
      ÔêÜ should delete project successfully (1 ms)
      ÔêÜ should return 404 when project not found (6 ms)
      ÔêÜ should return 403 for admins restriction (4 ms)
      ÔêÜ should return 400 for other errors (3 ms)
    getOrganizationProjects
      ÔêÜ should get organization projects successfully (2 ms)
      ÔêÜ should apply filters when provided (1 ms)
      ÔêÜ should handle errors (5 ms)
    getMyProjects
      ÔêÜ should get user projects successfully (1 ms)
      ÔêÜ should apply filters (1 ms)
      ÔêÜ should handle errors (2 ms)
    getAssignedProjects
      ÔêÜ should get assigned projects successfully (2 ms)
      ÔêÜ should handle errors (5 ms)
    assignEmployee
      ÔêÜ should assign employee successfully (3 ms)
      ÔêÜ should use empty string for role if not provided (3 ms)
      ÔêÜ should return error when employeeId is missing
      ÔêÜ should return 404 when not found (2 ms)
      ÔêÜ should return 403 when no permission (4 ms)
      ÔêÜ should return 409 when already assigned (2 ms)
    removeEmployee
      ÔêÜ should remove employee successfully (1 ms)
      ÔêÜ should return 404 when project not found (7 ms)
      ÔêÜ should return 403 when no permission (9 ms)
    activateProject
      ÔêÜ should activate project successfully (4 ms)
      ÔêÜ should return 404 when project not found (3 ms)
    completeProject
      ÔêÜ should complete project successfully (1 ms)
      ÔêÜ should return 403 when permission error (2 ms)
    cancelProject
      ÔêÜ should cancel project successfully (9 ms)
      ÔêÜ should return 403 when administrators restriction (3 ms)
    getProjectStatistics
      ÔêÜ should return statistics (1 ms)
      ÔêÜ should handle errors (3 ms)
    suggestTeam
      ÔêÜ should validate required fields (6 ms)
      ÔêÜ should suggest team successfully (3 ms)
      ÔêÜ should include risks when present (3 ms)
      ÔêÜ should handle errors (4 ms)
    getTeamAnalysis
      ÔêÜ should return 404 when project not found (7 ms)
      ÔêÜ should return 400 when organization is missing (2 ms)
      ÔêÜ should build suggestions for empty team and include risks (7 ms)
      ÔêÜ should set team complete message when no remaining slots (9 ms)
      ÔêÜ should use default team size and fallback organizationId when organization is not populated (4 ms)
      ÔêÜ should include current team analysis and handle synergy errors (61 ms)
    debugTechnicalMatch
      ÔêÜ should return 404 when project not found (1 ms)
      ÔêÜ should return debug info successfully (2 ms)
      ÔêÜ should set diagnosis issue when noProjectTechnologies (1 ms)
      ÔêÜ should set diagnosis issue when noTeamSkills (2 ms)
    getTeamSynergy
      ÔêÜ should return 404 when project not found (2 ms)
      ÔêÜ should return 400 when no assigned members (4 ms)
      ÔêÜ should return synergy analysis successfully (3 ms)
      ÔêÜ should set cached=true when refresh is not forced and cache exists (21 ms)
    getTeamConfig
      ÔêÜ should return 404 when project not found (1 ms)
      ÔêÜ should return 403 when user is not project manager (1 ms)
      ÔêÜ should return config successfully (1 ms)
    updateTeamConfig
      ÔêÜ should update config successfully (1 ms)
      ÔêÜ should return 404 when project not found (1 ms)
      ÔêÜ should return 403 when user is not project manager (1 ms)
      ÔêÜ should return 400 when configuration is invalid (4 ms)
    resetTeamConfig
      ÔêÜ should reset config to defaults (1 ms)
      ÔêÜ should return 404 when project not found (1 ms)
      ÔêÜ should return 403 when user is not project manager (5 ms)
    getTeamConfigSummary
      ÔêÜ should return summary successfully (1 ms)
      ÔêÜ should return 404 when project not found
      ÔêÜ should return 403 when user is not project manager (1 ms)
    validateTeamConfigEndpoint
      ÔêÜ should return valid config response when valid (2 ms)
      ÔêÜ should return invalid config response when invalid (1 ms)

  console.warn
    MongoDB not ready (state: 0). Skipping cleanup attempt 3/3

    [0m [90m 24 |[39m         [90m// Check if MongoDB is connected[39m
     [90m 25 |[39m         [36mif[39m (mongoose[33m.[39mconnection[33m.[39mreadyState [33m!==[39m [35m1[39m) {
    [31m[1m>[22m[39m[90m 26 |[39m           console[33m.[39mwarn([32m`MongoDB not ready (state: ${mongoose.connection.readyState}). Skipping cleanup attempt ${attempt}/${this.maxRetries}`[39m)[33m;[39m
     [90m    |[39m                   [31m[1m^[22m[39m
     [90m 27 |[39m           [36mif[39m (attempt [33m<[39m [36mthis[39m[33m.[39mmaxRetries) {
     [90m 28 |[39m             [36mawait[39m [36mthis[39m[33m.[39mdelay([35m2000[39m [33m*[39m attempt)[33m;[39m
     [90m 29 |[39m             [36mcontinue[39m[33m;[39m[0m

      at CleanupUnverifiedUsersJob.warn [as execute] (src/jobs/cleanupUnverifiedUsers.js:26:19)
      at Object.<anonymous> (tests/unit/jobs/cleanupUnverifiedUsers.test.js:65:22)

  console.warn
    Network error in cleanup (attempt 1/3): Network error

    [0m [90m 50 |[39m         
     [90m 51 |[39m         [36mif[39m (isNetworkError [33m&&[39m attempt [33m<[39m [36mthis[39m[33m.[39mmaxRetries) {
    [31m[1m>[22m[39m[90m 52 |[39m           console[33m.[39mwarn([32m`Network error in cleanup (attempt ${attempt}/${this.maxRetries}):`[39m[33m,[39m error[33m.[39mmessage)[33m;[39m
     [90m    |[39m                   [31m[1m^[22m[39m
     [90m 53 |[39m           [36mawait[39m [36mthis[39m[33m.[39mdelay([35m2000[39m [33m*[39m attempt)[33m;[39m
     [90m 54 |[39m         } [36melse[39m {
     [90m 55 |[39m           console[33m.[39merror([32m'Error in unverified users cleanup:'[39m[33m,[39m error)[33m;[39m[0m

      at CleanupUnverifiedUsersJob.warn [as execute] (src/jobs/cleanupUnverifiedUsers.js:52:19)
      at Object.<anonymous> (tests/unit/jobs/cleanupUnverifiedUsers.test.js:79:22)

PASS tests/unit/services/notificationChannels/NotificationChannelFactory.test.js
  NotificationChannelFactory - Unit Tests
    ÔêÜ getAvailableChannels should include in_app, email, push (664 ms)
    ÔêÜ getChannel should cache instances (586 ms)
    ÔêÜ getChannel should throw for email when emailService is not configured (579 ms)
    ÔêÜ getChannel should create EmailChannel when emailService is configured (384 ms)
    ÔêÜ registerChannel should return the same registered instance (485 ms)
    ÔêÜ getChannel should throw for unknown channel type (444 ms)

  console.log
    Cleanup successful: deleted 3 unverified users

      at console.log (tests/setup/test-setup.js:28:19)

  console.error
    Error in unverified users cleanup: Error: Database error
        at Object.<anonymous> (C:\Users\Javier\Documents\GitHub\TFGRepos\Back\tfg-backend\tests\unit\jobs\cleanupUnverifiedUsers.test.js:86:21)
        at Promise.finally.completed (C:\Users\Javier\Documents\GitHub\TFGRepos\Back\tfg-backend\node_modules\jest-circus\build\jestAdapterInit.js:1557:28)
        at new Promise (<anonymous>)
        at callAsyncCircusFn (C:\Users\Javier\Documents\GitHub\TFGRepos\Back\tfg-backend\node_modules\jest-circus\build\jestAdapterInit.js:1497:10)
        at _callCircusTest (C:\Users\Javier\Documents\GitHub\TFGRepos\Back\tfg-backend\node_modules\jest-circus\build\jestAdapterInit.js:1007:40)
        at _runTest (C:\Users\Javier\Documents\GitHub\TFGRepos\Back\tfg-backend\node_modules\jest-circus\build\jestAdapterInit.js:947:3)
        at C:\Users\Javier\Documents\GitHub\TFGRepos\Back\tfg-backend\node_modules\jest-circus\build\jestAdapterInit.js:849:7
        at _runTestsForDescribeBlock (C:\Users\Javier\Documents\GitHub\TFGRepos\Back\tfg-backend\node_modules\jest-circus\build\jestAdapterInit.js:862:11)
        at _runTestsForDescribeBlock (C:\Users\Javier\Documents\GitHub\TFGRepos\Back\tfg-backend\node_modules\jest-circus\build\jestAdapterInit.js:857:11)
        at _runTestsForDescribeBlock (C:\Users\Javier\Documents\GitHub\TFGRepos\Back\tfg-backend\node_modules\jest-circus\build\jestAdapterInit.js:857:11)
        at run (C:\Users\Javier\Documents\GitHub\TFGRepos\Back\tfg-backend\node_modules\jest-circus\build\jestAdapterInit.js:761:3)
        at runAndTransformResultsToJestFormat (C:\Users\Javier\Documents\GitHub\TFGRepos\Back\tfg-backend\node_modules\jest-circus\build\jestAdapterInit.js:1918:21)
        at jestAdapter (C:\Users\Javier\Documents\GitHub\TFGRepos\Back\tfg-backend\node_modules\jest-circus\build\runner.js:101:19)
        at runTestInternal (C:\Users\Javier\Documents\GitHub\TFGRepos\Back\tfg-backend\node_modules\jest-runner\build\testWorker.js:275:16)
        at runTest (C:\Users\Javier\Documents\GitHub\TFGRepos\Back\tfg-backend\node_modules\jest-runner\build\testWorker.js:343:7)
        at Object.worker (C:\Users\Javier\Documents\GitHub\TFGRepos\Back\tfg-backend\node_modules\jest-runner\build\testWorker.js:497:12)

    [0m [90m 36 |[39m     [36mreturn[39m[33m;[39m
     [90m 37 |[39m   }
    [31m[1m>[22m[39m[90m 38 |[39m   originalConsole[33m.[39merror([33m...[39margs)[33m;[39m
     [90m    |[39m                   [31m[1m^[22m[39m
     [90m 39 |[39m }[33m;[39m
     [90m 40 |[39m
     [90m 41 |[39m [90m// Timeout global para tests[39m[0m

      at console.error (tests/setup/test-setup.js:38:19)
      at CleanupUnverifiedUsersJob.error [as execute] (src/jobs/cleanupUnverifiedUsers.js:55:19)
      at Object.<anonymous> (tests/unit/jobs/cleanupUnverifiedUsers.test.js:89:22)

  console.error
    Error in unverified users cleanup: Error: Database error
        at Object.<anonymous> (C:\Users\Javier\Documents\GitHub\TFGRepos\Back\tfg-backend\tests\unit\jobs\cleanupUnverifiedUsers.test.js:86:21)
        at Promise.finally.completed (C:\Users\Javier\Documents\GitHub\TFGRepos\Back\tfg-backend\node_modules\jest-circus\build\jestAdapterInit.js:1557:28)
        at new Promise (<anonymous>)
        at callAsyncCircusFn (C:\Users\Javier\Documents\GitHub\TFGRepos\Back\tfg-backend\node_modules\jest-circus\build\jestAdapterInit.js:1497:10)
        at _callCircusTest (C:\Users\Javier\Documents\GitHub\TFGRepos\Back\tfg-backend\node_modules\jest-circus\build\jestAdapterInit.js:1007:40)
        at _runTest (C:\Users\Javier\Documents\GitHub\TFGRepos\Back\tfg-backend\node_modules\jest-circus\build\jestAdapterInit.js:947:3)
        at C:\Users\Javier\Documents\GitHub\TFGRepos\Back\tfg-backend\node_modules\jest-circus\build\jestAdapterInit.js:849:7
        at _runTestsForDescribeBlock (C:\Users\Javier\Documents\GitHub\TFGRepos\Back\tfg-backend\node_modules\jest-circus\build\jestAdapterInit.js:862:11)
        at _runTestsForDescribeBlock (C:\Users\Javier\Documents\GitHub\TFGRepos\Back\tfg-backend\node_modules\jest-circus\build\jestAdapterInit.js:857:11)
        at _runTestsForDescribeBlock (C:\Users\Javier\Documents\GitHub\TFGRepos\Back\tfg-backend\node_modules\jest-circus\build\jestAdapterInit.js:857:11)
        at run (C:\Users\Javier\Documents\GitHub\TFGRepos\Back\tfg-backend\node_modules\jest-circus\build\jestAdapterInit.js:761:3)
        at runAndTransformResultsToJestFormat (C:\Users\Javier\Documents\GitHub\TFGRepos\Back\tfg-backend\node_modules\jest-circus\build\jestAdapterInit.js:1918:21)
        at jestAdapter (C:\Users\Javier\Documents\GitHub\TFGRepos\Back\tfg-backend\node_modules\jest-circus\build\runner.js:101:19)
        at runTestInternal (C:\Users\Javier\Documents\GitHub\TFGRepos\Back\tfg-backend\node_modules\jest-runner\build\testWorker.js:275:16)
        at runTest (C:\Users\Javier\Documents\GitHub\TFGRepos\Back\tfg-backend\node_modules\jest-runner\build\testWorker.js:343:7)
        at Object.worker (C:\Users\Javier\Documents\GitHub\TFGRepos\Back\tfg-backend\node_modules\jest-runner\build\testWorker.js:497:12)

    [0m [90m 36 |[39m     [36mreturn[39m[33m;[39m
     [90m 37 |[39m   }
    [31m[1m>[22m[39m[90m 38 |[39m   originalConsole[33m.[39merror([33m...[39margs)[33m;[39m
     [90m    |[39m                   [31m[1m^[22m[39m
     [90m 39 |[39m }[33m;[39m
     [90m 40 |[39m
     [90m 41 |[39m [90m// Timeout global para tests[39m[0m

      at console.error (tests/setup/test-setup.js:38:19)
      at CleanupUnverifiedUsersJob.error [as execute] (src/jobs/cleanupUnverifiedUsers.js:55:19)

  console.error
    Error in unverified users cleanup: Error: Database error
        at Object.<anonymous> (C:\Users\Javier\Documents\GitHub\TFGRepos\Back\tfg-backend\tests\unit\jobs\cleanupUnverifiedUsers.test.js:86:21)
        at Promise.finally.completed (C:\Users\Javier\Documents\GitHub\TFGRepos\Back\tfg-backend\node_modules\jest-circus\build\jestAdapterInit.js:1557:28)
        at new Promise (<anonymous>)
        at callAsyncCircusFn (C:\Users\Javier\Documents\GitHub\TFGRepos\Back\tfg-backend\node_modules\jest-circus\build\jestAdapterInit.js:1497:10)
        at _callCircusTest (C:\Users\Javier\Documents\GitHub\TFGRepos\Back\tfg-backend\node_modules\jest-circus\build\jestAdapterInit.js:1007:40)
        at _runTest (C:\Users\Javier\Documents\GitHub\TFGRepos\Back\tfg-backend\node_modules\jest-circus\build\jestAdapterInit.js:947:3)
        at C:\Users\Javier\Documents\GitHub\TFGRepos\Back\tfg-backend\node_modules\jest-circus\build\jestAdapterInit.js:849:7
        at _runTestsForDescribeBlock (C:\Users\Javier\Documents\GitHub\TFGRepos\Back\tfg-backend\node_modules\jest-circus\build\jestAdapterInit.js:862:11)
        at _runTestsForDescribeBlock (C:\Users\Javier\Documents\GitHub\TFGRepos\Back\tfg-backend\node_modules\jest-circus\build\jestAdapterInit.js:857:11)
        at _runTestsForDescribeBlock (C:\Users\Javier\Documents\GitHub\TFGRepos\Back\tfg-backend\node_modules\jest-circus\build\jestAdapterInit.js:857:11)
        at run (C:\Users\Javier\Documents\GitHub\TFGRepos\Back\tfg-backend\node_modules\jest-circus\build\jestAdapterInit.js:761:3)
        at runAndTransformResultsToJestFormat (C:\Users\Javier\Documents\GitHub\TFGRepos\Back\tfg-backend\node_modules\jest-circus\build\jestAdapterInit.js:1918:21)
        at jestAdapter (C:\Users\Javier\Documents\GitHub\TFGRepos\Back\tfg-backend\node_modules\jest-circus\build\runner.js:101:19)
        at runTestInternal (C:\Users\Javier\Documents\GitHub\TFGRepos\Back\tfg-backend\node_modules\jest-runner\build\testWorker.js:275:16)
        at runTest (C:\Users\Javier\Documents\GitHub\TFGRepos\Back\tfg-backend\node_modules\jest-runner\build\testWorker.js:343:7)
        at Object.worker (C:\Users\Javier\Documents\GitHub\TFGRepos\Back\tfg-backend\node_modules\jest-runner\build\testWorker.js:497:12)

    [0m [90m 36 |[39m     [36mreturn[39m[33m;[39m
     [90m 37 |[39m   }
    [31m[1m>[22m[39m[90m 38 |[39m   originalConsole[33m.[39merror([33m...[39margs)[33m;[39m
     [90m    |[39m                   [31m[1m^[22m[39m
     [90m 39 |[39m }[33m;[39m
     [90m 40 |[39m
     [90m 41 |[39m [90m// Timeout global para tests[39m[0m

      at console.error (tests/setup/test-setup.js:38:19)
      at CleanupUnverifiedUsersJob.error [as execute] (src/jobs/cleanupUnverifiedUsers.js:55:19)

PASS tests/unit/jobs/cleanupUnverifiedUsers.test.js (10.47 s)
  CleanupUnverifiedUsersJob - Unit Tests
    constructor
      ÔêÜ deber├¡a inicializar con valores por defecto (12 ms)
      ÔêÜ deber├¡a inicializar con valores personalizados (1 ms)
    execute
      ÔêÜ deber├¡a eliminar usuarios no verificados exitosamente (14 ms)
      ÔêÜ deber├¡a retornar 0 si no hay usuarios para eliminar (1 ms)
      ÔêÜ deber├¡a retornar 0 si MongoDB no est├í conectado (6066 ms)
      ÔêÜ deber├¡a manejar errores de red con reintentos (2020 ms)
      ÔêÜ deber├¡a fallar despu├®s de todos los reintentos (21 ms)
    start
      ÔêÜ deber├¡a iniciar el trabajo programado (34 ms)
    stop
      ÔêÜ deber├¡a detener el trabajo programado (2 ms)
      ÔêÜ deber├¡a manejar stop cuando no est├í iniciado (1 ms)
    delay
      ÔêÜ deber├¡a esperar el tiempo especificado (2 ms)

PASS tests/unit/models/notification.model.test.js
  Notification Model
    Schema Validation
      ÔêÜ should create a valid notification (106 ms)
      ÔêÜ should require recipient (36 ms)
      ÔêÜ should require type (31 ms)
      ÔêÜ should require title (32 ms)
      ÔêÜ should require message (36 ms)
    Notification Types
      ÔêÜ should accept all valid notification types (1118 ms)
      ÔêÜ should reject invalid notification type (36 ms)
    Priority
      ÔêÜ should default to MEDIUM priority (59 ms)
      ÔêÜ should accept all valid priorities (160 ms)
    Status
      ÔêÜ should default to PENDING status (64 ms)
      ÔêÜ should accept all valid statuses (197 ms)
    Channels
      ÔêÜ should default channels to empty array (64 ms)
      ÔêÜ should accept multiple channels (63 ms)
      ÔêÜ should accept all valid channel types (66 ms)
    Read Status
      ÔêÜ should default isRead to false (95 ms)
      ÔêÜ should allow marking as read (65 ms)
    Metadata
      ÔêÜ should allow storing additional metadata (69 ms)
    Action URL and Text
      ÔêÜ should allow action URL and text (65 ms)
    Expiration
      ÔêÜ should allow setting expiration date (69 ms)
    Delivery Status
      ÔêÜ should track delivery status per channel (69 ms)
    Sender
      ÔêÜ should allow specifying sender (62 ms)
    Timestamps
      ÔêÜ should automatically add createdAt and updatedAt (63 ms)

  console.error
    Invalid curriculum or missing userId in calculateEmployeeScore

    [0m [90m 36 |[39m     [36mreturn[39m[33m;[39m
     [90m 37 |[39m   }
    [31m[1m>[22m[39m[90m 38 |[39m   originalConsole[33m.[39merror([33m...[39margs)[33m;[39m
     [90m    |[39m                   [31m[1m^[22m[39m
     [90m 39 |[39m }[33m;[39m
     [90m 40 |[39m
     [90m 41 |[39m [90m// Timeout global para tests[39m[0m

      at console.error (tests/setup/test-setup.js:38:19)
      at TeamSelectionService.error [as calculateEmployeeScore] (src/services/teamSelection.service.js:333:15)
      at Object.calculateEmployeeScore (tests/unit/services/teamSelection.service.test.js:395:48)

  console.error
    Invalid curriculum or missing userId in calculateEmployeeScore

    [0m [90m 36 |[39m     [36mreturn[39m[33m;[39m
     [90m 37 |[39m   }
    [31m[1m>[22m[39m[90m 38 |[39m   originalConsole[33m.[39merror([33m...[39margs)[33m;[39m
     [90m    |[39m                   [31m[1m^[22m[39m
     [90m 39 |[39m }[33m;[39m
     [90m 40 |[39m
     [90m 41 |[39m [90m// Timeout global para tests[39m[0m

      at console.error (tests/setup/test-setup.js:38:19)
      at TeamSelectionService.error [as calculateEmployeeScore] (src/services/teamSelection.service.js:333:15)
      at Object.calculateEmployeeScore (tests/unit/services/teamSelection.service.test.js:402:48)

  console.warn
    No valid curricula found for organization org-123. Total curricula: 0, Valid: 0

    [0m [90m 197 |[39m
     [90m 198 |[39m     [36mif[39m (validCvs[33m.[39mlength [33m===[39m [35m0[39m) {
    [31m[1m>[22m[39m[90m 199 |[39m       console[33m.[39mwarn([32m`No valid curricula found for organization ${organizationId}. Total curricula: ${cvs.length}, Valid: ${validCvs.length}`[39m)[33m;[39m
     [90m     |[39m               [31m[1m^[22m[39m
     [90m 200 |[39m       [36mreturn[39m {
     [90m 201 |[39m         suggestions[33m:[39m [][33m,[39m
     [90m 202 |[39m         metadata[33m:[39m {[0m

      at TeamSelectionService.warn [as selectComplementaryTeam] (src/services/teamSelection.service.js:199:15)
      at Object.<anonymous> (tests/unit/services/teamSelection.service.test.js:546:22)

PASS tests/unit/services/teamSelection.service.test.js
  TeamSelectionService - Unit Tests
    normalizeTechnology
      ÔêÜ should normalize technology names to lowercase (5 ms)
      ÔêÜ should handle empty strings
      ÔêÜ should trim whitespace (1 ms)
      ÔêÜ should handle special characters
    normalizeSkillLevel
      ÔêÜ should return numeric levels for basic skill levels (1 ms)
      ÔêÜ should return numeric levels for intermediate skill levels (44 ms)
      ÔêÜ should return numeric levels for advanced skill levels (1 ms)
      ÔêÜ should return numeric levels for expert skill levels (1 ms)
      ÔêÜ should return default level for unknown levels (1 ms)
      ÔêÜ should handle case insensitive input (1 ms)
      ÔêÜ should return default for null or undefined (1 ms)
    calculateTotalYearsOfExperience
      ÔêÜ should return 0 for empty experience array (1 ms)
      ÔêÜ should return 0 for null or undefined (3 ms)
      ÔêÜ should calculate years correctly for single experience (1 ms)
      ÔêÜ should handle current job with no end date (1 ms)
      ÔêÜ should sum multiple experiences (1 ms)
    calculateSkillsDistance
      ÔêÜ should return 0 for empty required techs (7 ms)
      ÔêÜ should calculate distance for matching skills (5 ms)
      ÔêÜ should penalize missing skills (2 ms)
      ÔêÜ should handle empty employee skills (3 ms)
    calculateExperienceDistance
      ÔêÜ should calculate distance for junior level (1 ms)
      ÔêÜ should calculate distance for mid level
      ÔêÜ should calculate distance for senior level (1 ms)
      ÔêÜ should handle empty experience array
    estimateEmployeeComplexityLevel
      ÔêÜ should return base score for minimal curriculum (26 ms)
      ÔêÜ should add bonus for certifications (1 ms)
      ÔêÜ should add bonus for advanced skills (1 ms)
      ÔêÜ should add bonus for projects (1 ms)
      ÔêÜ should cap score at 3
    calculateComplexityMatch
      ÔêÜ should calculate distance for low complexity (1 ms)
      ÔêÜ should calculate distance for medium complexity (1 ms)
      ÔêÜ should calculate distance for high complexity (1 ms)
    calculateEmployeeScore
      ÔêÜ should return Infinity for invalid curriculum input (63 ms)
      ÔêÜ should return Infinity for curriculum without userId (4 ms)
      ÔêÜ should calculate score for valid curriculum (5 ms)
      ÔêÜ should include matched and missing skills (1 ms)
    selectOptimalTeam
      ÔêÜ should throw error if organization not found (52 ms)
      ÔêÜ should return empty array if no employees (2 ms)
      ÔêÜ should return empty array if no valid curricula (1 ms)
    selectComplementaryTeam
      ÔêÜ should throw error if organization not found (2 ms)
      ÔêÜ should return empty suggestions if no available employees (1 ms)
      ÔêÜ should filter out current team members (28 ms)
    parseDate
      ÔêÜ should parse valid date strings (1 ms)
      ÔêÜ should handle ISO date strings
      ÔêÜ should return null for invalid dates (1 ms)
      ÔêÜ should return null for null input
      ÔêÜ should return null for undefined input (1 ms)
    monthsDifference
      ÔêÜ should calculate months between two dates
      ÔêÜ should handle same year
      ÔêÜ should handle multiple years (1 ms)
      ÔêÜ should return 0 for same dates

  console.log
    [RiskController] Predicting risks with language: es

      at console.log (tests/setup/test-setup.js:28:19)

  console.log
    [RiskController] Query params: {}

      at console.log (tests/setup/test-setup.js:28:19)

  console.log
    [RiskController] User preferred language: es

      at console.log (tests/setup/test-setup.js:28:19)

  console.log
    [RiskController] First risk title: undefined

      at console.log (tests/setup/test-setup.js:28:19)

  console.log
    [RiskController] Response language: es

      at console.log (tests/setup/test-setup.js:28:19)

  console.log
    [RiskController] Predicting risks with language: es

      at console.log (tests/setup/test-setup.js:28:19)

  console.log
    [RiskController] Query params: {}

      at console.log (tests/setup/test-setup.js:28:19)

  console.log
    [RiskController] User preferred language: es

      at console.log (tests/setup/test-setup.js:28:19)

  console.error
    Error predicting risks: Error: Project not found
        at Object.<anonymous> (C:\Users\Javier\Documents\GitHub\TFGRepos\Back\tfg-backend\tests\unit\controllers\risk.controller.test.js:72:21)
        at Promise.finally.completed (C:\Users\Javier\Documents\GitHub\TFGRepos\Back\tfg-backend\node_modules\jest-circus\build\jestAdapterInit.js:1557:28)
        at new Promise (<anonymous>)
        at callAsyncCircusFn (C:\Users\Javier\Documents\GitHub\TFGRepos\Back\tfg-backend\node_modules\jest-circus\build\jestAdapterInit.js:1497:10)
        at _callCircusTest (C:\Users\Javier\Documents\GitHub\TFGRepos\Back\tfg-backend\node_modules\jest-circus\build\jestAdapterInit.js:1007:40)
        at processTicksAndRejections (node:internal/process/task_queues:95:5)
        at _runTest (C:\Users\Javier\Documents\GitHub\TFGRepos\Back\tfg-backend\node_modules\jest-circus\build\jestAdapterInit.js:947:3)
        at C:\Users\Javier\Documents\GitHub\TFGRepos\Back\tfg-backend\node_modules\jest-circus\build\jestAdapterInit.js:849:7
        at _runTestsForDescribeBlock (C:\Users\Javier\Documents\GitHub\TFGRepos\Back\tfg-backend\node_modules\jest-circus\build\jestAdapterInit.js:862:11)
        at _runTestsForDescribeBlock (C:\Users\Javier\Documents\GitHub\TFGRepos\Back\tfg-backend\node_modules\jest-circus\build\jestAdapterInit.js:857:11)
        at _runTestsForDescribeBlock (C:\Users\Javier\Documents\GitHub\TFGRepos\Back\tfg-backend\node_modules\jest-circus\build\jestAdapterInit.js:857:11)
        at run (C:\Users\Javier\Documents\GitHub\TFGRepos\Back\tfg-backend\node_modules\jest-circus\build\jestAdapterInit.js:761:3)
        at runAndTransformResultsToJestFormat (C:\Users\Javier\Documents\GitHub\TFGRepos\Back\tfg-backend\node_modules\jest-circus\build\jestAdapterInit.js:1918:21)
        at jestAdapter (C:\Users\Javier\Documents\GitHub\TFGRepos\Back\tfg-backend\node_modules\jest-circus\build\runner.js:101:19)
        at runTestInternal (C:\Users\Javier\Documents\GitHub\TFGRepos\Back\tfg-backend\node_modules\jest-runner\build\testWorker.js:275:16)
        at runTest (C:\Users\Javier\Documents\GitHub\TFGRepos\Back\tfg-backend\node_modules\jest-runner\build\testWorker.js:343:7)
        at Object.worker (C:\Users\Javier\Documents\GitHub\TFGRepos\Back\tfg-backend\node_modules\jest-runner\build\testWorker.js:497:12)

    [0m [90m 36 |[39m     [36mreturn[39m[33m;[39m
     [90m 37 |[39m   }
    [31m[1m>[22m[39m[90m 38 |[39m   originalConsole[33m.[39merror([33m...[39margs)[33m;[39m
     [90m    |[39m                   [31m[1m^[22m[39m
     [90m 39 |[39m }[33m;[39m
     [90m 40 |[39m
     [90m 41 |[39m [90m// Timeout global para tests[39m[0m

      at console.error (tests/setup/test-setup.js:38:19)
      at RiskController.error [as predictRisks] (src/controllers/risk.controller.js:41:15)
      at Object.<anonymous> (tests/unit/controllers/risk.controller.test.js:75:7)

  console.log
    [RiskController] Predicting risks with language: es

      at console.log (tests/setup/test-setup.js:28:19)

  console.log
    [RiskController] Query params: {}

      at console.log (tests/setup/test-setup.js:28:19)

  console.log
    [RiskController] User preferred language: es

      at console.log (tests/setup/test-setup.js:28:19)

  console.error
    Error predicting risks: Error: Service error
        at Object.<anonymous> (C:\Users\Javier\Documents\GitHub\TFGRepos\Back\tfg-backend\tests\unit\controllers\risk.controller.test.js:82:21)
        at Promise.finally.completed (C:\Users\Javier\Documents\GitHub\TFGRepos\Back\tfg-backend\node_modules\jest-circus\build\jestAdapterInit.js:1557:28)
        at new Promise (<anonymous>)
        at callAsyncCircusFn (C:\Users\Javier\Documents\GitHub\TFGRepos\Back\tfg-backend\node_modules\jest-circus\build\jestAdapterInit.js:1497:10)
        at _callCircusTest (C:\Users\Javier\Documents\GitHub\TFGRepos\Back\tfg-backend\node_modules\jest-circus\build\jestAdapterInit.js:1007:40)
        at processTicksAndRejections (node:internal/process/task_queues:95:5)
        at _runTest (C:\Users\Javier\Documents\GitHub\TFGRepos\Back\tfg-backend\node_modules\jest-circus\build\jestAdapterInit.js:947:3)
        at C:\Users\Javier\Documents\GitHub\TFGRepos\Back\tfg-backend\node_modules\jest-circus\build\jestAdapterInit.js:849:7
        at _runTestsForDescribeBlock (C:\Users\Javier\Documents\GitHub\TFGRepos\Back\tfg-backend\node_modules\jest-circus\build\jestAdapterInit.js:862:11)
        at _runTestsForDescribeBlock (C:\Users\Javier\Documents\GitHub\TFGRepos\Back\tfg-backend\node_modules\jest-circus\build\jestAdapterInit.js:857:11)
        at _runTestsForDescribeBlock (C:\Users\Javier\Documents\GitHub\TFGRepos\Back\tfg-backend\node_modules\jest-circus\build\jestAdapterInit.js:857:11)
        at run (C:\Users\Javier\Documents\GitHub\TFGRepos\Back\tfg-backend\node_modules\jest-circus\build\jestAdapterInit.js:761:3)
        at runAndTransformResultsToJestFormat (C:\Users\Javier\Documents\GitHub\TFGRepos\Back\tfg-backend\node_modules\jest-circus\build\jestAdapterInit.js:1918:21)
        at jestAdapter (C:\Users\Javier\Documents\GitHub\TFGRepos\Back\tfg-backend\node_modules\jest-circus\build\runner.js:101:19)
        at runTestInternal (C:\Users\Javier\Documents\GitHub\TFGRepos\Back\tfg-backend\node_modules\jest-runner\build\testWorker.js:275:16)
        at runTest (C:\Users\Javier\Documents\GitHub\TFGRepos\Back\tfg-backend\node_modules\jest-runner\build\testWorker.js:343:7)
        at Object.worker (C:\Users\Javier\Documents\GitHub\TFGRepos\Back\tfg-backend\node_modules\jest-runner\build\testWorker.js:497:12)

    [0m [90m 36 |[39m     [36mreturn[39m[33m;[39m
     [90m 37 |[39m   }
    [31m[1m>[22m[39m[90m 38 |[39m   originalConsole[33m.[39merror([33m...[39margs)[33m;[39m
     [90m    |[39m                   [31m[1m^[22m[39m
     [90m 39 |[39m }[33m;[39m
     [90m 40 |[39m
     [90m 41 |[39m [90m// Timeout global para tests[39m[0m

      at console.error (tests/setup/test-setup.js:38:19)
      at RiskController.error [as predictRisks] (src/controllers/risk.controller.js:41:15)
      at Object.<anonymous> (tests/unit/controllers/risk.controller.test.js:85:7)

  console.error
    Error getting project risks: TypeError: Cannot read properties of undefined (reading 'map')
        at RiskController.map [as getProjectRisks] (C:\Users\Javier\Documents\GitHub\TFGRepos\Back\tfg-backend\src\controllers\risk.controller.js:72:44)
        at processTicksAndRejections (node:internal/process/task_queues:95:5)
        at Object.<anonymous> (C:\Users\Javier\Documents\GitHub\TFGRepos\Back\tfg-backend\tests\unit\controllers\risk.controller.test.js:122:7)

    [0m [90m 36 |[39m     [36mreturn[39m[33m;[39m
     [90m 37 |[39m   }
    [31m[1m>[22m[39m[90m 38 |[39m   originalConsole[33m.[39merror([33m...[39margs)[33m;[39m
     [90m    |[39m                   [31m[1m^[22m[39m
     [90m 39 |[39m }[33m;[39m
     [90m 40 |[39m
     [90m 41 |[39m [90m// Timeout global para tests[39m[0m

      at console.error (tests/setup/test-setup.js:38:19)
      at RiskController.error [as getProjectRisks] (src/controllers/risk.controller.js:83:15)
      at Object.<anonymous> (tests/unit/controllers/risk.controller.test.js:122:7)

  console.error
    Error getting project risks: TypeError: Cannot read properties of undefined (reading 'map')
        at RiskController.map [as getProjectRisks] (C:\Users\Javier\Documents\GitHub\TFGRepos\Back\tfg-backend\src\controllers\risk.controller.js:72:44)
        at processTicksAndRejections (node:internal/process/task_queues:95:5)
        at Object.<anonymous> (C:\Users\Javier\Documents\GitHub\TFGRepos\Back\tfg-backend\tests\unit\controllers\risk.controller.test.js:135:7)

    [0m [90m 36 |[39m     [36mreturn[39m[33m;[39m
     [90m 37 |[39m   }
    [31m[1m>[22m[39m[90m 38 |[39m   originalConsole[33m.[39merror([33m...[39margs)[33m;[39m
     [90m    |[39m                   [31m[1m^[22m[39m
     [90m 39 |[39m }[33m;[39m
     [90m 40 |[39m
     [90m 41 |[39m [90m// Timeout global para tests[39m[0m

      at console.error (tests/setup/test-setup.js:38:19)
      at RiskController.error [as getProjectRisks] (src/controllers/risk.controller.js:83:15)
      at Object.<anonymous> (tests/unit/controllers/risk.controller.test.js:135:7)

  console.error
    Error getting project risks: Error: Project not found
        at Object.<anonymous> (C:\Users\Javier\Documents\GitHub\TFGRepos\Back\tfg-backend\tests\unit\controllers\risk.controller.test.js:145:21)
        at Promise.finally.completed (C:\Users\Javier\Documents\GitHub\TFGRepos\Back\tfg-backend\node_modules\jest-circus\build\jestAdapterInit.js:1557:28)
        at new Promise (<anonymous>)
        at callAsyncCircusFn (C:\Users\Javier\Documents\GitHub\TFGRepos\Back\tfg-backend\node_modules\jest-circus\build\jestAdapterInit.js:1497:10)
        at _callCircusTest (C:\Users\Javier\Documents\GitHub\TFGRepos\Back\tfg-backend\node_modules\jest-circus\build\jestAdapterInit.js:1007:40)
        at processTicksAndRejections (node:internal/process/task_queues:95:5)
        at _runTest (C:\Users\Javier\Documents\GitHub\TFGRepos\Back\tfg-backend\node_modules\jest-circus\build\jestAdapterInit.js:947:3)
        at C:\Users\Javier\Documents\GitHub\TFGRepos\Back\tfg-backend\node_modules\jest-circus\build\jestAdapterInit.js:849:7
        at _runTestsForDescribeBlock (C:\Users\Javier\Documents\GitHub\TFGRepos\Back\tfg-backend\node_modules\jest-circus\build\jestAdapterInit.js:862:11)
        at _runTestsForDescribeBlock (C:\Users\Javier\Documents\GitHub\TFGRepos\Back\tfg-backend\node_modules\jest-circus\build\jestAdapterInit.js:857:11)
        at _runTestsForDescribeBlock (C:\Users\Javier\Documents\GitHub\TFGRepos\Back\tfg-backend\node_modules\jest-circus\build\jestAdapterInit.js:857:11)
        at run (C:\Users\Javier\Documents\GitHub\TFGRepos\Back\tfg-backend\node_modules\jest-circus\build\jestAdapterInit.js:761:3)
        at runAndTransformResultsToJestFormat (C:\Users\Javier\Documents\GitHub\TFGRepos\Back\tfg-backend\node_modules\jest-circus\build\jestAdapterInit.js:1918:21)
        at jestAdapter (C:\Users\Javier\Documents\GitHub\TFGRepos\Back\tfg-backend\node_modules\jest-circus\build\runner.js:101:19)
        at runTestInternal (C:\Users\Javier\Documents\GitHub\TFGRepos\Back\tfg-backend\node_modules\jest-runner\build\testWorker.js:275:16)
        at runTest (C:\Users\Javier\Documents\GitHub\TFGRepos\Back\tfg-backend\node_modules\jest-runner\build\testWorker.js:343:7)
        at Object.worker (C:\Users\Javier\Documents\GitHub\TFGRepos\Back\tfg-backend\node_modules\jest-runner\build\testWorker.js:497:12)

    [0m [90m 36 |[39m     [36mreturn[39m[33m;[39m
     [90m 37 |[39m   }
    [31m[1m>[22m[39m[90m 38 |[39m   originalConsole[33m.[39merror([33m...[39margs)[33m;[39m
     [90m    |[39m                   [31m[1m^[22m[39m
     [90m 39 |[39m }[33m;[39m
     [90m 40 |[39m
     [90m 41 |[39m [90m// Timeout global para tests[39m[0m

      at console.error (tests/setup/test-setup.js:38:19)
      at RiskController.error [as getProjectRisks] (src/controllers/risk.controller.js:83:15)
      at Object.<anonymous> (tests/unit/controllers/risk.controller.test.js:148:7)

  console.error
    Error getting risk: Error: Database error
        at Object.<anonymous> (C:\Users\Javier\Documents\GitHub\TFGRepos\Back\tfg-backend\tests\unit\controllers\risk.controller.test.js:200:21)
        at Promise.finally.completed (C:\Users\Javier\Documents\GitHub\TFGRepos\Back\tfg-backend\node_modules\jest-circus\build\jestAdapterInit.js:1557:28)
        at new Promise (<anonymous>)
        at callAsyncCircusFn (C:\Users\Javier\Documents\GitHub\TFGRepos\Back\tfg-backend\node_modules\jest-circus\build\jestAdapterInit.js:1497:10)
        at _callCircusTest (C:\Users\Javier\Documents\GitHub\TFGRepos\Back\tfg-backend\node_modules\jest-circus\build\jestAdapterInit.js:1007:40)
        at processTicksAndRejections (node:internal/process/task_queues:95:5)
        at _runTest (C:\Users\Javier\Documents\GitHub\TFGRepos\Back\tfg-backend\node_modules\jest-circus\build\jestAdapterInit.js:947:3)
        at C:\Users\Javier\Documents\GitHub\TFGRepos\Back\tfg-backend\node_modules\jest-circus\build\jestAdapterInit.js:849:7
        at _runTestsForDescribeBlock (C:\Users\Javier\Documents\GitHub\TFGRepos\Back\tfg-backend\node_modules\jest-circus\build\jestAdapterInit.js:862:11)
        at _runTestsForDescribeBlock (C:\Users\Javier\Documents\GitHub\TFGRepos\Back\tfg-backend\node_modules\jest-circus\build\jestAdapterInit.js:857:11)
        at _runTestsForDescribeBlock (C:\Users\Javier\Documents\GitHub\TFGRepos\Back\tfg-backend\node_modules\jest-circus\build\jestAdapterInit.js:857:11)
        at run (C:\Users\Javier\Documents\GitHub\TFGRepos\Back\tfg-backend\node_modules\jest-circus\build\jestAdapterInit.js:761:3)
        at runAndTransformResultsToJestFormat (C:\Users\Javier\Documents\GitHub\TFGRepos\Back\tfg-backend\node_modules\jest-circus\build\jestAdapterInit.js:1918:21)
        at jestAdapter (C:\Users\Javier\Documents\GitHub\TFGRepos\Back\tfg-backend\node_modules\jest-circus\build\runner.js:101:19)
        at runTestInternal (C:\Users\Javier\Documents\GitHub\TFGRepos\Back\tfg-backend\node_modules\jest-runner\build\testWorker.js:275:16)
        at runTest (C:\Users\Javier\Documents\GitHub\TFGRepos\Back\tfg-backend\node_modules\jest-runner\build\testWorker.js:343:7)
        at Object.worker (C:\Users\Javier\Documents\GitHub\TFGRepos\Back\tfg-backend\node_modules\jest-runner\build\testWorker.js:497:12)

    [0m [90m 36 |[39m     [36mreturn[39m[33m;[39m
     [90m 37 |[39m   }
    [31m[1m>[22m[39m[90m 38 |[39m   originalConsole[33m.[39merror([33m...[39margs)[33m;[39m
     [90m    |[39m                   [31m[1m^[22m[39m
     [90m 39 |[39m }[33m;[39m
     [90m 40 |[39m
     [90m 41 |[39m [90m// Timeout global para tests[39m[0m

      at console.error (tests/setup/test-setup.js:38:19)
      at RiskController.error [as getRiskById] (src/controllers/risk.controller.js:124:15)
      at Object.getRiskById (tests/unit/controllers/risk.controller.test.js:205:28)

  console.error
    Error auto-saving manual risks to CBR: CastError: Cast to ObjectId failed for value "project-123" (type string) at path "project" for model "Risk"
        at SchemaObjectId.cast (C:\Users\Javier\Documents\GitHub\TFGRepos\Back\tfg-backend\node_modules\mongoose\lib\schema\objectId.js:253:11)
        at SchemaObjectId.SchemaType.applySetters (C:\Users\Javier\Documents\GitHub\TFGRepos\Back\tfg-backend\node_modules\mongoose\lib\schemaType.js:1288:12)
        at SchemaObjectId.SchemaType.castForQuery (C:\Users\Javier\Documents\GitHub\TFGRepos\Back\tfg-backend\node_modules\mongoose\lib\schemaType.js:1724:17)
        at cast (C:\Users\Javier\Documents\GitHub\TFGRepos\Back\tfg-backend\node_modules\mongoose\lib\cast.js:390:32)
        at model.Query.Query.cast (C:\Users\Javier\Documents\GitHub\TFGRepos\Back\tfg-backend\node_modules\mongoose\lib\query.js:5060:12)
        at model.Query.Query._castConditions (C:\Users\Javier\Documents\GitHub\TFGRepos\Back\tfg-backend\node_modules\mongoose\lib\query.js:2374:10)
        at model.Query._find (C:\Users\Javier\Documents\GitHub\TFGRepos\Back\tfg-backend\node_modules\mongoose\lib\query.js:2401:8)
        at model.Query.exec (C:\Users\Javier\Documents\GitHub\TFGRepos\Back\tfg-backend\node_modules\mongoose\lib\query.js:4627:80)
        at processTicksAndRejections (node:internal/process/task_queues:95:5)
        at ProjectService.autoSaveManualRisksToCBR (C:\Users\Javier\Documents\GitHub\TFGRepos\Back\tfg-backend\src\services\project.service.js:512:22)
        at ProjectService.completeProject (C:\Users\Javier\Documents\GitHub\TFGRepos\Back\tfg-backend\src\services\project.service.js:607:7)
        at Object.<anonymous> (C:\Users\Javier\Documents\GitHub\TFGRepos\Back\tfg-backend\tests\unit\services\project.service.test.js:556:22) {
      stringValue: '"project-123"',
      messageFormat: undefined,
      kind: 'ObjectId',
      value: 'project-123',
      path: 'project',
      reason: BSONError: input must be a 24 character hex string, 12 byte Uint8Array, or an integer
          at new ObjectId (C:\Users\Javier\Documents\GitHub\TFGRepos\Back\tfg-backend\node_modules\bson\src\objectid.ts:120:15)
          at castObjectId (C:\Users\Javier\Documents\GitHub\TFGRepos\Back\tfg-backend\node_modules\mongoose\lib\cast\objectid.js:25:12)
          at SchemaObjectId.cast (C:\Users\Javier\Documents\GitHub\TFGRepos\Back\tfg-backend\node_modules\mongoose\lib\schema\objectId.js:251:12)
          at SchemaObjectId.SchemaType.applySetters (C:\Users\Javier\Documents\GitHub\TFGRepos\Back\tfg-backend\node_modules\mongoose\lib\schemaType.js:1288:12)
          at SchemaObjectId.SchemaType.castForQuery (C:\Users\Javier\Documents\GitHub\TFGRepos\Back\tfg-backend\node_modules\mongoose\lib\schemaType.js:1724:17)
          at cast (C:\Users\Javier\Documents\GitHub\TFGRepos\Back\tfg-backend\node_modules\mongoose\lib\cast.js:390:32)
          at model.Query.Query.cast (C:\Users\Javier\Documents\GitHub\TFGRepos\Back\tfg-backend\node_modules\mongoose\lib\query.js:5060:12)
          at model.Query.Query._castConditions (C:\Users\Javier\Documents\GitHub\TFGRepos\Back\tfg-backend\node_modules\mongoose\lib\query.js:2374:10)
          at model.Query._find (C:\Users\Javier\Documents\GitHub\TFGRepos\Back\tfg-backend\node_modules\mongoose\lib\query.js:2401:8)
          at model.Query.exec (C:\Users\Javier\Documents\GitHub\TFGRepos\Back\tfg-backend\node_modules\mongoose\lib\query.js:4627:80)
          at processTicksAndRejections (node:internal/process/task_queues:95:5)
          at ProjectService.autoSaveManualRisksToCBR (C:\Users\Javier\Documents\GitHub\TFGRepos\Back\tfg-backend\src\services\project.service.js:512:22)
          at ProjectService.completeProject (C:\Users\Javier\Documents\GitHub\TFGRepos\Back\tfg-backend\src\services\project.service.js:607:7)
          at Object.<anonymous> (C:\Users\Javier\Documents\GitHub\TFGRepos\Back\tfg-backend\tests\unit\services\project.service.test.js:556:22),
      valueType: 'string'
    }

    [0m [90m 36 |[39m     [36mreturn[39m[33m;[39m
     [90m 37 |[39m   }
    [31m[1m>[22m[39m[90m 38 |[39m   originalConsole[33m.[39merror([33m...[39margs)[33m;[39m
     [90m    |[39m                   [31m[1m^[22m[39m
     [90m 39 |[39m }[33m;[39m
     [90m 40 |[39m
     [90m 41 |[39m [90m// Timeout global para tests[39m[0m

      at console.error (tests/setup/test-setup.js:38:19)
      at ProjectService.error [as completeProject] (src/services/project.service.js:609:15)
      at Object.<anonymous> (tests/unit/services/project.service.test.js:556:22)

  console.error
    Error updating risk feedback: Error: Database error
        at Object.<anonymous> (C:\Users\Javier\Documents\GitHub\TFGRepos\Back\tfg-backend\tests\unit\controllers\risk.controller.test.js:254:21)
        at Promise.finally.completed (C:\Users\Javier\Documents\GitHub\TFGRepos\Back\tfg-backend\node_modules\jest-circus\build\jestAdapterInit.js:1557:28)
        at new Promise (<anonymous>)
        at callAsyncCircusFn (C:\Users\Javier\Documents\GitHub\TFGRepos\Back\tfg-backend\node_modules\jest-circus\build\jestAdapterInit.js:1497:10)
        at _callCircusTest (C:\Users\Javier\Documents\GitHub\TFGRepos\Back\tfg-backend\node_modules\jest-circus\build\jestAdapterInit.js:1007:40)
        at processTicksAndRejections (node:internal/process/task_queues:95:5)
        at _runTest (C:\Users\Javier\Documents\GitHub\TFGRepos\Back\tfg-backend\node_modules\jest-circus\build\jestAdapterInit.js:947:3)
        at C:\Users\Javier\Documents\GitHub\TFGRepos\Back\tfg-backend\node_modules\jest-circus\build\jestAdapterInit.js:849:7
        at _runTestsForDescribeBlock (C:\Users\Javier\Documents\GitHub\TFGRepos\Back\tfg-backend\node_modules\jest-circus\build\jestAdapterInit.js:862:11)
        at _runTestsForDescribeBlock (C:\Users\Javier\Documents\GitHub\TFGRepos\Back\tfg-backend\node_modules\jest-circus\build\jestAdapterInit.js:857:11)
        at _runTestsForDescribeBlock (C:\Users\Javier\Documents\GitHub\TFGRepos\Back\tfg-backend\node_modules\jest-circus\build\jestAdapterInit.js:857:11)
        at run (C:\Users\Javier\Documents\GitHub\TFGRepos\Back\tfg-backend\node_modules\jest-circus\build\jestAdapterInit.js:761:3)
        at runAndTransformResultsToJestFormat (C:\Users\Javier\Documents\GitHub\TFGRepos\Back\tfg-backend\node_modules\jest-circus\build\jestAdapterInit.js:1918:21)
        at jestAdapter (C:\Users\Javier\Documents\GitHub\TFGRepos\Back\tfg-backend\node_modules\jest-circus\build\runner.js:101:19)
        at runTestInternal (C:\Users\Javier\Documents\GitHub\TFGRepos\Back\tfg-backend\node_modules\jest-runner\build\testWorker.js:275:16)
        at runTest (C:\Users\Javier\Documents\GitHub\TFGRepos\Back\tfg-backend\node_modules\jest-runner\build\testWorker.js:343:7)
        at Object.worker (C:\Users\Javier\Documents\GitHub\TFGRepos\Back\tfg-backend\node_modules\jest-runner\build\testWorker.js:497:12)

    [0m [90m 36 |[39m     [36mreturn[39m[33m;[39m
     [90m 37 |[39m   }
    [31m[1m>[22m[39m[90m 38 |[39m   originalConsole[33m.[39merror([33m...[39margs)[33m;[39m
     [90m    |[39m                   [31m[1m^[22m[39m
     [90m 39 |[39m }[33m;[39m
     [90m 40 |[39m
     [90m 41 |[39m [90m// Timeout global para tests[39m[0m

      at console.error (tests/setup/test-setup.js:38:19)
      at RiskController.error [as updateRiskFeedback] (src/controllers/risk.controller.js:359:15)
      at Object.<anonymous> (tests/unit/controllers/risk.controller.test.js:257:7)

  console.error
    Error capturing outcome: Error: Project not found
        at Object.<anonymous> (C:\Users\Javier\Documents\GitHub\TFGRepos\Back\tfg-backend\tests\unit\controllers\risk.controller.test.js:296:21)
        at Promise.finally.completed (C:\Users\Javier\Documents\GitHub\TFGRepos\Back\tfg-backend\node_modules\jest-circus\build\jestAdapterInit.js:1557:28)
        at new Promise (<anonymous>)
        at callAsyncCircusFn (C:\Users\Javier\Documents\GitHub\TFGRepos\Back\tfg-backend\node_modules\jest-circus\build\jestAdapterInit.js:1497:10)
        at _callCircusTest (C:\Users\Javier\Documents\GitHub\TFGRepos\Back\tfg-backend\node_modules\jest-circus\build\jestAdapterInit.js:1007:40)
        at processTicksAndRejections (node:internal/process/task_queues:95:5)
        at _runTest (C:\Users\Javier\Documents\GitHub\TFGRepos\Back\tfg-backend\node_modules\jest-circus\build\jestAdapterInit.js:947:3)
        at C:\Users\Javier\Documents\GitHub\TFGRepos\Back\tfg-backend\node_modules\jest-circus\build\jestAdapterInit.js:849:7
        at _runTestsForDescribeBlock (C:\Users\Javier\Documents\GitHub\TFGRepos\Back\tfg-backend\node_modules\jest-circus\build\jestAdapterInit.js:862:11)
        at _runTestsForDescribeBlock (C:\Users\Javier\Documents\GitHub\TFGRepos\Back\tfg-backend\node_modules\jest-circus\build\jestAdapterInit.js:857:11)
        at _runTestsForDescribeBlock (C:\Users\Javier\Documents\GitHub\TFGRepos\Back\tfg-backend\node_modules\jest-circus\build\jestAdapterInit.js:857:11)
        at run (C:\Users\Javier\Documents\GitHub\TFGRepos\Back\tfg-backend\node_modules\jest-circus\build\jestAdapterInit.js:761:3)
        at runAndTransformResultsToJestFormat (C:\Users\Javier\Documents\GitHub\TFGRepos\Back\tfg-backend\node_modules\jest-circus\build\jestAdapterInit.js:1918:21)
        at jestAdapter (C:\Users\Javier\Documents\GitHub\TFGRepos\Back\tfg-backend\node_modules\jest-circus\build\runner.js:101:19)
        at runTestInternal (C:\Users\Javier\Documents\GitHub\TFGRepos\Back\tfg-backend\node_modules\jest-runner\build\testWorker.js:275:16)
        at runTest (C:\Users\Javier\Documents\GitHub\TFGRepos\Back\tfg-backend\node_modules\jest-runner\build\testWorker.js:343:7)
        at Object.worker (C:\Users\Javier\Documents\GitHub\TFGRepos\Back\tfg-backend\node_modules\jest-runner\build\testWorker.js:497:12)

    [0m [90m 36 |[39m     [36mreturn[39m[33m;[39m
     [90m 37 |[39m   }
    [31m[1m>[22m[39m[90m 38 |[39m   originalConsole[33m.[39merror([33m...[39margs)[33m;[39m
     [90m    |[39m                   [31m[1m^[22m[39m
     [90m 39 |[39m }[33m;[39m
     [90m 40 |[39m
     [90m 41 |[39m [90m// Timeout global para tests[39m[0m

      at console.error (tests/setup/test-setup.js:38:19)
      at RiskController.error [as captureOutcome] (src/controllers/risk.controller.js:389:15)
      at Object.<anonymous> (tests/unit/controllers/risk.controller.test.js:299:7)

PASS tests/unit/services/project.service.test.js
  ProjectService
    createProject
      ÔêÜ should create a project successfully (5 ms)
      ÔêÜ should throw error if organization not found (99 ms)
      ÔêÜ should throw error if user is not project manager (5 ms)
      ÔêÜ should throw error if project manager not found (1 ms)
    getProjectById
      ÔêÜ should get project by id without assigned employees (12 ms)
      ÔêÜ should throw error if project not found (1 ms)
    updateProject
      ÔêÜ should update project successfully (2 ms)
      ÔêÜ should throw error if project not found (1 ms)
      ÔêÜ should throw error if user has no permission (1 ms)
    deleteProject
      ÔêÜ should delete project successfully (3 ms)
      ÔêÜ should throw error if project not found (2 ms)
      ÔêÜ should throw error if user is not admin (1 ms)
    getProjectsByOrganization
      ÔêÜ should get all projects for an organization (1 ms)
      ÔêÜ should apply filters when provided (1 ms)
    getProjectsByManager
      ÔêÜ should get all projects managed by a user (1 ms)
    getProjectsByAssignedEmployee
      ÔêÜ should get all projects where user is assigned
    assignEmployeeToProject
      ÔêÜ should assign employee to project successfully (1 ms)
      ÔêÜ should throw error if project not found (1 ms)
      ÔêÜ should throw error if user has no permission (1 ms)
      ÔêÜ should throw error if employee not in organization
    removeEmployeeFromProject
      ÔêÜ should remove employee from project successfully (3 ms)
      ÔêÜ should throw error if project not found (1 ms)
      ÔêÜ should throw error if user has no permission (1 ms)
    activateProject
      ÔêÜ should activate project successfully (18 ms)
      ÔêÜ should throw error if project not found (1 ms)
      ÔêÜ should throw error if user has no permission (3 ms)
      ÔêÜ should throw error if project is not in draft status (1 ms)
    completeProject
      ÔêÜ should complete project successfully (236 ms)
      ÔêÜ should throw error if project not found (4 ms)
      ÔêÜ should throw error if project is not active (1 ms)
    cancelProject
      ÔêÜ should cancel project successfully (2 ms)
      ÔêÜ should throw error if project not found
      ÔêÜ should throw error if user is not admin (1 ms)
      ÔêÜ should throw error if project is already completed or cancelled (1 ms)
    getProjectStatistics
      ÔêÜ should get project statistics for an organization (1 ms)
      ÔêÜ should handle empty project list (1 ms)

  console.error
    Error capturing outcome: Error: Not authorized
        at Object.<anonymous> (C:\Users\Javier\Documents\GitHub\TFGRepos\Back\tfg-backend\tests\unit\controllers\risk.controller.test.js:307:21)
        at Promise.finally.completed (C:\Users\Javier\Documents\GitHub\TFGRepos\Back\tfg-backend\node_modules\jest-circus\build\jestAdapterInit.js:1557:28)
        at new Promise (<anonymous>)
        at callAsyncCircusFn (C:\Users\Javier\Documents\GitHub\TFGRepos\Back\tfg-backend\node_modules\jest-circus\build\jestAdapterInit.js:1497:10)
        at _callCircusTest (C:\Users\Javier\Documents\GitHub\TFGRepos\Back\tfg-backend\node_modules\jest-circus\build\jestAdapterInit.js:1007:40)
        at processTicksAndRejections (node:internal/process/task_queues:95:5)
        at _runTest (C:\Users\Javier\Documents\GitHub\TFGRepos\Back\tfg-backend\node_modules\jest-circus\build\jestAdapterInit.js:947:3)
        at C:\Users\Javier\Documents\GitHub\TFGRepos\Back\tfg-backend\node_modules\jest-circus\build\jestAdapterInit.js:849:7
        at _runTestsForDescribeBlock (C:\Users\Javier\Documents\GitHub\TFGRepos\Back\tfg-backend\node_modules\jest-circus\build\jestAdapterInit.js:862:11)
        at _runTestsForDescribeBlock (C:\Users\Javier\Documents\GitHub\TFGRepos\Back\tfg-backend\node_modules\jest-circus\build\jestAdapterInit.js:857:11)
        at _runTestsForDescribeBlock (C:\Users\Javier\Documents\GitHub\TFGRepos\Back\tfg-backend\node_modules\jest-circus\build\jestAdapterInit.js:857:11)
        at run (C:\Users\Javier\Documents\GitHub\TFGRepos\Back\tfg-backend\node_modules\jest-circus\build\jestAdapterInit.js:761:3)
        at runAndTransformResultsToJestFormat (C:\Users\Javier\Documents\GitHub\TFGRepos\Back\tfg-backend\node_modules\jest-circus\build\jestAdapterInit.js:1918:21)
        at jestAdapter (C:\Users\Javier\Documents\GitHub\TFGRepos\Back\tfg-backend\node_modules\jest-circus\build\runner.js:101:19)
        at runTestInternal (C:\Users\Javier\Documents\GitHub\TFGRepos\Back\tfg-backend\node_modules\jest-runner\build\testWorker.js:275:16)
        at runTest (C:\Users\Javier\Documents\GitHub\TFGRepos\Back\tfg-backend\node_modules\jest-runner\build\testWorker.js:343:7)
        at Object.worker (C:\Users\Javier\Documents\GitHub\TFGRepos\Back\tfg-backend\node_modules\jest-runner\build\testWorker.js:497:12)

    [0m [90m 36 |[39m     [36mreturn[39m[33m;[39m
     [90m 37 |[39m   }
    [31m[1m>[22m[39m[90m 38 |[39m   originalConsole[33m.[39merror([33m...[39margs)[33m;[39m
     [90m    |[39m                   [31m[1m^[22m[39m
     [90m 39 |[39m }[33m;[39m
     [90m 40 |[39m
     [90m 41 |[39m [90m// Timeout global para tests[39m[0m

      at console.error (tests/setup/test-setup.js:38:19)
      at RiskController.error [as captureOutcome] (src/controllers/risk.controller.js:389:15)
      at Object.<anonymous> (tests/unit/controllers/risk.controller.test.js:310:7)

  console.error
    Error capturing outcome: Error: Field is required
        at Object.<anonymous> (C:\Users\Javier\Documents\GitHub\TFGRepos\Back\tfg-backend\tests\unit\controllers\risk.controller.test.js:318:21)
        at Promise.finally.completed (C:\Users\Javier\Documents\GitHub\TFGRepos\Back\tfg-backend\node_modules\jest-circus\build\jestAdapterInit.js:1557:28)
        at new Promise (<anonymous>)
        at callAsyncCircusFn (C:\Users\Javier\Documents\GitHub\TFGRepos\Back\tfg-backend\node_modules\jest-circus\build\jestAdapterInit.js:1497:10)
        at _callCircusTest (C:\Users\Javier\Documents\GitHub\TFGRepos\Back\tfg-backend\node_modules\jest-circus\build\jestAdapterInit.js:1007:40)
        at processTicksAndRejections (node:internal/process/task_queues:95:5)
        at _runTest (C:\Users\Javier\Documents\GitHub\TFGRepos\Back\tfg-backend\node_modules\jest-circus\build\jestAdapterInit.js:947:3)
        at C:\Users\Javier\Documents\GitHub\TFGRepos\Back\tfg-backend\node_modules\jest-circus\build\jestAdapterInit.js:849:7
        at _runTestsForDescribeBlock (C:\Users\Javier\Documents\GitHub\TFGRepos\Back\tfg-backend\node_modules\jest-circus\build\jestAdapterInit.js:862:11)
        at _runTestsForDescribeBlock (C:\Users\Javier\Documents\GitHub\TFGRepos\Back\tfg-backend\node_modules\jest-circus\build\jestAdapterInit.js:857:11)
        at _runTestsForDescribeBlock (C:\Users\Javier\Documents\GitHub\TFGRepos\Back\tfg-backend\node_modules\jest-circus\build\jestAdapterInit.js:857:11)
        at run (C:\Users\Javier\Documents\GitHub\TFGRepos\Back\tfg-backend\node_modules\jest-circus\build\jestAdapterInit.js:761:3)
        at runAndTransformResultsToJestFormat (C:\Users\Javier\Documents\GitHub\TFGRepos\Back\tfg-backend\node_modules\jest-circus\build\jestAdapterInit.js:1918:21)
        at jestAdapter (C:\Users\Javier\Documents\GitHub\TFGRepos\Back\tfg-backend\node_modules\jest-circus\build\runner.js:101:19)
        at runTestInternal (C:\Users\Javier\Documents\GitHub\TFGRepos\Back\tfg-backend\node_modules\jest-runner\build\testWorker.js:275:16)
        at runTest (C:\Users\Javier\Documents\GitHub\TFGRepos\Back\tfg-backend\node_modules\jest-runner\build\testWorker.js:343:7)
        at Object.worker (C:\Users\Javier\Documents\GitHub\TFGRepos\Back\tfg-backend\node_modules\jest-runner\build\testWorker.js:497:12)

    [0m [90m 36 |[39m     [36mreturn[39m[33m;[39m
     [90m 37 |[39m   }
    [31m[1m>[22m[39m[90m 38 |[39m   originalConsole[33m.[39merror([33m...[39margs)[33m;[39m
     [90m    |[39m                   [31m[1m^[22m[39m
     [90m 39 |[39m }[33m;[39m
     [90m 40 |[39m
     [90m 41 |[39m [90m// Timeout global para tests[39m[0m

      at console.error (tests/setup/test-setup.js:38:19)
      at RiskController.error [as captureOutcome] (src/controllers/risk.controller.js:389:15)
      at Object.<anonymous> (tests/unit/controllers/risk.controller.test.js:321:7)

  console.error
    Error getting outcome form: Error: Project not found
        at Object.<anonymous> (C:\Users\Javier\Documents\GitHub\TFGRepos\Back\tfg-backend\tests\unit\controllers\risk.controller.test.js:398:21)
        at Promise.finally.completed (C:\Users\Javier\Documents\GitHub\TFGRepos\Back\tfg-backend\node_modules\jest-circus\build\jestAdapterInit.js:1557:28)
        at new Promise (<anonymous>)
        at callAsyncCircusFn (C:\Users\Javier\Documents\GitHub\TFGRepos\Back\tfg-backend\node_modules\jest-circus\build\jestAdapterInit.js:1497:10)
        at _callCircusTest (C:\Users\Javier\Documents\GitHub\TFGRepos\Back\tfg-backend\node_modules\jest-circus\build\jestAdapterInit.js:1007:40)
        at processTicksAndRejections (node:internal/process/task_queues:95:5)
        at _runTest (C:\Users\Javier\Documents\GitHub\TFGRepos\Back\tfg-backend\node_modules\jest-circus\build\jestAdapterInit.js:947:3)
        at C:\Users\Javier\Documents\GitHub\TFGRepos\Back\tfg-backend\node_modules\jest-circus\build\jestAdapterInit.js:849:7
        at _runTestsForDescribeBlock (C:\Users\Javier\Documents\GitHub\TFGRepos\Back\tfg-backend\node_modules\jest-circus\build\jestAdapterInit.js:862:11)
        at _runTestsForDescribeBlock (C:\Users\Javier\Documents\GitHub\TFGRepos\Back\tfg-backend\node_modules\jest-circus\build\jestAdapterInit.js:857:11)
        at _runTestsForDescribeBlock (C:\Users\Javier\Documents\GitHub\TFGRepos\Back\tfg-backend\node_modules\jest-circus\build\jestAdapterInit.js:857:11)
        at run (C:\Users\Javier\Documents\GitHub\TFGRepos\Back\tfg-backend\node_modules\jest-circus\build\jestAdapterInit.js:761:3)
        at runAndTransformResultsToJestFormat (C:\Users\Javier\Documents\GitHub\TFGRepos\Back\tfg-backend\node_modules\jest-circus\build\jestAdapterInit.js:1918:21)
        at jestAdapter (C:\Users\Javier\Documents\GitHub\TFGRepos\Back\tfg-backend\node_modules\jest-circus\build\runner.js:101:19)
        at runTestInternal (C:\Users\Javier\Documents\GitHub\TFGRepos\Back\tfg-backend\node_modules\jest-runner\build\testWorker.js:275:16)
        at runTest (C:\Users\Javier\Documents\GitHub\TFGRepos\Back\tfg-backend\node_modules\jest-runner\build\testWorker.js:343:7)
        at Object.worker (C:\Users\Javier\Documents\GitHub\TFGRepos\Back\tfg-backend\node_modules\jest-runner\build\testWorker.js:497:12)

    [0m [90m 36 |[39m     [36mreturn[39m[33m;[39m
     [90m 37 |[39m   }
    [31m[1m>[22m[39m[90m 38 |[39m   originalConsole[33m.[39merror([33m...[39margs)[33m;[39m
     [90m    |[39m                   [31m[1m^[22m[39m
     [90m 39 |[39m }[33m;[39m
     [90m 40 |[39m
     [90m 41 |[39m [90m// Timeout global para tests[39m[0m

      at console.error (tests/setup/test-setup.js:38:19)
      at RiskController.error [as getOutcomeForm] (src/controllers/risk.controller.js:421:15)
      at Object.<anonymous> (tests/unit/controllers/risk.controller.test.js:401:7)

  console.error
    Error getting organization insights: Error: Service error
        at Object.<anonymous> (C:\Users\Javier\Documents\GitHub\TFGRepos\Back\tfg-backend\tests\unit\controllers\risk.controller.test.js:429:21)
        at Promise.finally.completed (C:\Users\Javier\Documents\GitHub\TFGRepos\Back\tfg-backend\node_modules\jest-circus\build\jestAdapterInit.js:1557:28)
        at new Promise (<anonymous>)
        at callAsyncCircusFn (C:\Users\Javier\Documents\GitHub\TFGRepos\Back\tfg-backend\node_modules\jest-circus\build\jestAdapterInit.js:1497:10)
        at _callCircusTest (C:\Users\Javier\Documents\GitHub\TFGRepos\Back\tfg-backend\node_modules\jest-circus\build\jestAdapterInit.js:1007:40)
        at processTicksAndRejections (node:internal/process/task_queues:95:5)
        at _runTest (C:\Users\Javier\Documents\GitHub\TFGRepos\Back\tfg-backend\node_modules\jest-circus\build\jestAdapterInit.js:947:3)
        at C:\Users\Javier\Documents\GitHub\TFGRepos\Back\tfg-backend\node_modules\jest-circus\build\jestAdapterInit.js:849:7
        at _runTestsForDescribeBlock (C:\Users\Javier\Documents\GitHub\TFGRepos\Back\tfg-backend\node_modules\jest-circus\build\jestAdapterInit.js:862:11)
        at _runTestsForDescribeBlock (C:\Users\Javier\Documents\GitHub\TFGRepos\Back\tfg-backend\node_modules\jest-circus\build\jestAdapterInit.js:857:11)
        at _runTestsForDescribeBlock (C:\Users\Javier\Documents\GitHub\TFGRepos\Back\tfg-backend\node_modules\jest-circus\build\jestAdapterInit.js:857:11)
        at run (C:\Users\Javier\Documents\GitHub\TFGRepos\Back\tfg-backend\node_modules\jest-circus\build\jestAdapterInit.js:761:3)
        at runAndTransformResultsToJestFormat (C:\Users\Javier\Documents\GitHub\TFGRepos\Back\tfg-backend\node_modules\jest-circus\build\jestAdapterInit.js:1918:21)
        at jestAdapter (C:\Users\Javier\Documents\GitHub\TFGRepos\Back\tfg-backend\node_modules\jest-circus\build\runner.js:101:19)
        at runTestInternal (C:\Users\Javier\Documents\GitHub\TFGRepos\Back\tfg-backend\node_modules\jest-runner\build\testWorker.js:275:16)
        at runTest (C:\Users\Javier\Documents\GitHub\TFGRepos\Back\tfg-backend\node_modules\jest-runner\build\testWorker.js:343:7)
        at Object.worker (C:\Users\Javier\Documents\GitHub\TFGRepos\Back\tfg-backend\node_modules\jest-runner\build\testWorker.js:497:12)

    [0m [90m 36 |[39m     [36mreturn[39m[33m;[39m
     [90m 37 |[39m   }
    [31m[1m>[22m[39m[90m 38 |[39m   originalConsole[33m.[39merror([33m...[39margs)[33m;[39m
     [90m    |[39m                   [31m[1m^[22m[39m
     [90m 39 |[39m }[33m;[39m
     [90m 40 |[39m
     [90m 41 |[39m [90m// Timeout global para tests[39m[0m

      at console.error (tests/setup/test-setup.js:38:19)
      at RiskController.error [as getOrganizationInsights] (src/controllers/risk.controller.js:448:15)
      at Object.<anonymous> (tests/unit/controllers/risk.controller.test.js:432:7)

  console.error
    Error getting organization stats: Error: Database error
        at Object.<anonymous> (C:\Users\Javier\Documents\GitHub\TFGRepos\Back\tfg-backend\tests\unit\controllers\risk.controller.test.js:460:21)
        at Promise.finally.completed (C:\Users\Javier\Documents\GitHub\TFGRepos\Back\tfg-backend\node_modules\jest-circus\build\jestAdapterInit.js:1557:28)
        at new Promise (<anonymous>)
        at callAsyncCircusFn (C:\Users\Javier\Documents\GitHub\TFGRepos\Back\tfg-backend\node_modules\jest-circus\build\jestAdapterInit.js:1497:10)
        at _callCircusTest (C:\Users\Javier\Documents\GitHub\TFGRepos\Back\tfg-backend\node_modules\jest-circus\build\jestAdapterInit.js:1007:40)
        at processTicksAndRejections (node:internal/process/task_queues:95:5)
        at _runTest (C:\Users\Javier\Documents\GitHub\TFGRepos\Back\tfg-backend\node_modules\jest-circus\build\jestAdapterInit.js:947:3)
        at C:\Users\Javier\Documents\GitHub\TFGRepos\Back\tfg-backend\node_modules\jest-circus\build\jestAdapterInit.js:849:7
        at _runTestsForDescribeBlock (C:\Users\Javier\Documents\GitHub\TFGRepos\Back\tfg-backend\node_modules\jest-circus\build\jestAdapterInit.js:862:11)
        at _runTestsForDescribeBlock (C:\Users\Javier\Documents\GitHub\TFGRepos\Back\tfg-backend\node_modules\jest-circus\build\jestAdapterInit.js:857:11)
        at _runTestsForDescribeBlock (C:\Users\Javier\Documents\GitHub\TFGRepos\Back\tfg-backend\node_modules\jest-circus\build\jestAdapterInit.js:857:11)
        at run (C:\Users\Javier\Documents\GitHub\TFGRepos\Back\tfg-backend\node_modules\jest-circus\build\jestAdapterInit.js:761:3)
        at runAndTransformResultsToJestFormat (C:\Users\Javier\Documents\GitHub\TFGRepos\Back\tfg-backend\node_modules\jest-circus\build\jestAdapterInit.js:1918:21)
        at jestAdapter (C:\Users\Javier\Documents\GitHub\TFGRepos\Back\tfg-backend\node_modules\jest-circus\build\runner.js:101:19)
        at runTestInternal (C:\Users\Javier\Documents\GitHub\TFGRepos\Back\tfg-backend\node_modules\jest-runner\build\testWorker.js:275:16)
        at runTest (C:\Users\Javier\Documents\GitHub\TFGRepos\Back\tfg-backend\node_modules\jest-runner\build\testWorker.js:343:7)
        at Object.worker (C:\Users\Javier\Documents\GitHub\TFGRepos\Back\tfg-backend\node_modules\jest-runner\build\testWorker.js:497:12)

    [0m [90m 36 |[39m     [36mreturn[39m[33m;[39m
     [90m 37 |[39m   }
    [31m[1m>[22m[39m[90m 38 |[39m   originalConsole[33m.[39merror([33m...[39margs)[33m;[39m
     [90m    |[39m                   [31m[1m^[22m[39m
     [90m 39 |[39m }[33m;[39m
     [90m 40 |[39m
     [90m 41 |[39m [90m// Timeout global para tests[39m[0m

      at console.error (tests/setup/test-setup.js:38:19)
      at RiskController.error [as getOrganizationStats] (src/controllers/risk.controller.js:471:15)
      at Object.<anonymous> (tests/unit/controllers/risk.controller.test.js:463:7)

  console.error
    Error getting accuracy report: Error: Service error
        at Object.<anonymous> (C:\Users\Javier\Documents\GitHub\TFGRepos\Back\tfg-backend\tests\unit\controllers\risk.controller.test.js:494:21)
        at Promise.finally.completed (C:\Users\Javier\Documents\GitHub\TFGRepos\Back\tfg-backend\node_modules\jest-circus\build\jestAdapterInit.js:1557:28)
        at new Promise (<anonymous>)
        at callAsyncCircusFn (C:\Users\Javier\Documents\GitHub\TFGRepos\Back\tfg-backend\node_modules\jest-circus\build\jestAdapterInit.js:1497:10)
        at _callCircusTest (C:\Users\Javier\Documents\GitHub\TFGRepos\Back\tfg-backend\node_modules\jest-circus\build\jestAdapterInit.js:1007:40)
        at processTicksAndRejections (node:internal/process/task_queues:95:5)
        at _runTest (C:\Users\Javier\Documents\GitHub\TFGRepos\Back\tfg-backend\node_modules\jest-circus\build\jestAdapterInit.js:947:3)
        at C:\Users\Javier\Documents\GitHub\TFGRepos\Back\tfg-backend\node_modules\jest-circus\build\jestAdapterInit.js:849:7
        at _runTestsForDescribeBlock (C:\Users\Javier\Documents\GitHub\TFGRepos\Back\tfg-backend\node_modules\jest-circus\build\jestAdapterInit.js:862:11)
        at _runTestsForDescribeBlock (C:\Users\Javier\Documents\GitHub\TFGRepos\Back\tfg-backend\node_modules\jest-circus\build\jestAdapterInit.js:857:11)
        at _runTestsForDescribeBlock (C:\Users\Javier\Documents\GitHub\TFGRepos\Back\tfg-backend\node_modules\jest-circus\build\jestAdapterInit.js:857:11)
        at run (C:\Users\Javier\Documents\GitHub\TFGRepos\Back\tfg-backend\node_modules\jest-circus\build\jestAdapterInit.js:761:3)
        at runAndTransformResultsToJestFormat (C:\Users\Javier\Documents\GitHub\TFGRepos\Back\tfg-backend\node_modules\jest-circus\build\jestAdapterInit.js:1918:21)
        at jestAdapter (C:\Users\Javier\Documents\GitHub\TFGRepos\Back\tfg-backend\node_modules\jest-circus\build\runner.js:101:19)
        at runTestInternal (C:\Users\Javier\Documents\GitHub\TFGRepos\Back\tfg-backend\node_modules\jest-runner\build\testWorker.js:275:16)
        at runTest (C:\Users\Javier\Documents\GitHub\TFGRepos\Back\tfg-backend\node_modules\jest-runner\build\testWorker.js:343:7)
        at Object.worker (C:\Users\Javier\Documents\GitHub\TFGRepos\Back\tfg-backend\node_modules\jest-runner\build\testWorker.js:497:12)

    [0m [90m 36 |[39m     [36mreturn[39m[33m;[39m
     [90m 37 |[39m   }
    [31m[1m>[22m[39m[90m 38 |[39m   originalConsole[33m.[39merror([33m...[39margs)[33m;[39m
     [90m    |[39m                   [31m[1m^[22m[39m
     [90m 39 |[39m }[33m;[39m
     [90m 40 |[39m
     [90m 41 |[39m [90m// Timeout global para tests[39m[0m

      at console.error (tests/setup/test-setup.js:38:19)
      at RiskController.error [as getAccuracyReport] (src/controllers/risk.controller.js:494:15)
      at Object.<anonymous> (tests/unit/controllers/risk.controller.test.js:497:7)

  console.error
    Error getting case base stats: Error: Database error
        at Object.<anonymous> (C:\Users\Javier\Documents\GitHub\TFGRepos\Back\tfg-backend\tests\unit\controllers\risk.controller.test.js:520:21)
        at Promise.finally.completed (C:\Users\Javier\Documents\GitHub\TFGRepos\Back\tfg-backend\node_modules\jest-circus\build\jestAdapterInit.js:1557:28)
        at new Promise (<anonymous>)
        at callAsyncCircusFn (C:\Users\Javier\Documents\GitHub\TFGRepos\Back\tfg-backend\node_modules\jest-circus\build\jestAdapterInit.js:1497:10)
        at _callCircusTest (C:\Users\Javier\Documents\GitHub\TFGRepos\Back\tfg-backend\node_modules\jest-circus\build\jestAdapterInit.js:1007:40)
        at processTicksAndRejections (node:internal/process/task_queues:95:5)
        at _runTest (C:\Users\Javier\Documents\GitHub\TFGRepos\Back\tfg-backend\node_modules\jest-circus\build\jestAdapterInit.js:947:3)
        at C:\Users\Javier\Documents\GitHub\TFGRepos\Back\tfg-backend\node_modules\jest-circus\build\jestAdapterInit.js:849:7
        at _runTestsForDescribeBlock (C:\Users\Javier\Documents\GitHub\TFGRepos\Back\tfg-backend\node_modules\jest-circus\build\jestAdapterInit.js:862:11)
        at _runTestsForDescribeBlock (C:\Users\Javier\Documents\GitHub\TFGRepos\Back\tfg-backend\node_modules\jest-circus\build\jestAdapterInit.js:857:11)
        at _runTestsForDescribeBlock (C:\Users\Javier\Documents\GitHub\TFGRepos\Back\tfg-backend\node_modules\jest-circus\build\jestAdapterInit.js:857:11)
        at run (C:\Users\Javier\Documents\GitHub\TFGRepos\Back\tfg-backend\node_modules\jest-circus\build\jestAdapterInit.js:761:3)
        at runAndTransformResultsToJestFormat (C:\Users\Javier\Documents\GitHub\TFGRepos\Back\tfg-backend\node_modules\jest-circus\build\jestAdapterInit.js:1918:21)
        at jestAdapter (C:\Users\Javier\Documents\GitHub\TFGRepos\Back\tfg-backend\node_modules\jest-circus\build\runner.js:101:19)
        at runTestInternal (C:\Users\Javier\Documents\GitHub\TFGRepos\Back\tfg-backend\node_modules\jest-runner\build\testWorker.js:275:16)
        at runTest (C:\Users\Javier\Documents\GitHub\TFGRepos\Back\tfg-backend\node_modules\jest-runner\build\testWorker.js:343:7)
        at Object.worker (C:\Users\Javier\Documents\GitHub\TFGRepos\Back\tfg-backend\node_modules\jest-runner\build\testWorker.js:497:12)

    [0m [90m 36 |[39m     [36mreturn[39m[33m;[39m
     [90m 37 |[39m   }
    [31m[1m>[22m[39m[90m 38 |[39m   originalConsole[33m.[39merror([33m...[39margs)[33m;[39m
     [90m    |[39m                   [31m[1m^[22m[39m
     [90m 39 |[39m }[33m;[39m
     [90m 40 |[39m
     [90m 41 |[39m [90m// Timeout global para tests[39m[0m

      at console.error (tests/setup/test-setup.js:38:19)
      at RiskController.error [as getCaseBaseStats] (src/controllers/risk.controller.js:517:15)
      at Object.<anonymous> (tests/unit/controllers/risk.controller.test.js:523:7)

  console.error
    Error loading seed cases: Error: Service error
        at Object.<anonymous> (C:\Users\Javier\Documents\GitHub\TFGRepos\Back\tfg-backend\tests\unit\controllers\risk.controller.test.js:631:21)
        at Promise.finally.completed (C:\Users\Javier\Documents\GitHub\TFGRepos\Back\tfg-backend\node_modules\jest-circus\build\jestAdapterInit.js:1557:28)
        at new Promise (<anonymous>)
        at callAsyncCircusFn (C:\Users\Javier\Documents\GitHub\TFGRepos\Back\tfg-backend\node_modules\jest-circus\build\jestAdapterInit.js:1497:10)
        at _callCircusTest (C:\Users\Javier\Documents\GitHub\TFGRepos\Back\tfg-backend\node_modules\jest-circus\build\jestAdapterInit.js:1007:40)
        at processTicksAndRejections (node:internal/process/task_queues:95:5)
        at _runTest (C:\Users\Javier\Documents\GitHub\TFGRepos\Back\tfg-backend\node_modules\jest-circus\build\jestAdapterInit.js:947:3)
        at C:\Users\Javier\Documents\GitHub\TFGRepos\Back\tfg-backend\node_modules\jest-circus\build\jestAdapterInit.js:849:7
        at _runTestsForDescribeBlock (C:\Users\Javier\Documents\GitHub\TFGRepos\Back\tfg-backend\node_modules\jest-circus\build\jestAdapterInit.js:862:11)
        at _runTestsForDescribeBlock (C:\Users\Javier\Documents\GitHub\TFGRepos\Back\tfg-backend\node_modules\jest-circus\build\jestAdapterInit.js:857:11)
        at _runTestsForDescribeBlock (C:\Users\Javier\Documents\GitHub\TFGRepos\Back\tfg-backend\node_modules\jest-circus\build\jestAdapterInit.js:857:11)
        at run (C:\Users\Javier\Documents\GitHub\TFGRepos\Back\tfg-backend\node_modules\jest-circus\build\jestAdapterInit.js:761:3)
        at runAndTransformResultsToJestFormat (C:\Users\Javier\Documents\GitHub\TFGRepos\Back\tfg-backend\node_modules\jest-circus\build\jestAdapterInit.js:1918:21)
        at jestAdapter (C:\Users\Javier\Documents\GitHub\TFGRepos\Back\tfg-backend\node_modules\jest-circus\build\runner.js:101:19)
        at runTestInternal (C:\Users\Javier\Documents\GitHub\TFGRepos\Back\tfg-backend\node_modules\jest-runner\build\testWorker.js:275:16)
        at runTest (C:\Users\Javier\Documents\GitHub\TFGRepos\Back\tfg-backend\node_modules\jest-runner\build\testWorker.js:343:7)
        at Object.worker (C:\Users\Javier\Documents\GitHub\TFGRepos\Back\tfg-backend\node_modules\jest-runner\build\testWorker.js:497:12)

    [0m [90m 36 |[39m     [36mreturn[39m[33m;[39m
     [90m 37 |[39m   }
    [31m[1m>[22m[39m[90m 38 |[39m   originalConsole[33m.[39merror([33m...[39margs)[33m;[39m
     [90m    |[39m                   [31m[1m^[22m[39m
     [90m 39 |[39m }[33m;[39m
     [90m 40 |[39m
     [90m 41 |[39m [90m// Timeout global para tests[39m[0m

      at console.error (tests/setup/test-setup.js:38:19)
      at RiskController.error [as loadSeedCases] (src/controllers/risk.controller.js:614:15)
      at Object.<anonymous> (tests/unit/controllers/risk.controller.test.js:634:7)

  console.error
    Error getting seed cases: Error: Service error
        at Object.<anonymous> (C:\Users\Javier\Documents\GitHub\TFGRepos\Back\tfg-backend\tests\unit\controllers\risk.controller.test.js:662:21)
        at Promise.finally.completed (C:\Users\Javier\Documents\GitHub\TFGRepos\Back\tfg-backend\node_modules\jest-circus\build\jestAdapterInit.js:1557:28)
        at new Promise (<anonymous>)
        at callAsyncCircusFn (C:\Users\Javier\Documents\GitHub\TFGRepos\Back\tfg-backend\node_modules\jest-circus\build\jestAdapterInit.js:1497:10)
        at _callCircusTest (C:\Users\Javier\Documents\GitHub\TFGRepos\Back\tfg-backend\node_modules\jest-circus\build\jestAdapterInit.js:1007:40)
        at processTicksAndRejections (node:internal/process/task_queues:95:5)
        at _runTest (C:\Users\Javier\Documents\GitHub\TFGRepos\Back\tfg-backend\node_modules\jest-circus\build\jestAdapterInit.js:947:3)
        at C:\Users\Javier\Documents\GitHub\TFGRepos\Back\tfg-backend\node_modules\jest-circus\build\jestAdapterInit.js:849:7
        at _runTestsForDescribeBlock (C:\Users\Javier\Documents\GitHub\TFGRepos\Back\tfg-backend\node_modules\jest-circus\build\jestAdapterInit.js:862:11)
        at _runTestsForDescribeBlock (C:\Users\Javier\Documents\GitHub\TFGRepos\Back\tfg-backend\node_modules\jest-circus\build\jestAdapterInit.js:857:11)
        at _runTestsForDescribeBlock (C:\Users\Javier\Documents\GitHub\TFGRepos\Back\tfg-backend\node_modules\jest-circus\build\jestAdapterInit.js:857:11)
        at run (C:\Users\Javier\Documents\GitHub\TFGRepos\Back\tfg-backend\node_modules\jest-circus\build\jestAdapterInit.js:761:3)
        at runAndTransformResultsToJestFormat (C:\Users\Javier\Documents\GitHub\TFGRepos\Back\tfg-backend\node_modules\jest-circus\build\jestAdapterInit.js:1918:21)
        at jestAdapter (C:\Users\Javier\Documents\GitHub\TFGRepos\Back\tfg-backend\node_modules\jest-circus\build\runner.js:101:19)
        at runTestInternal (C:\Users\Javier\Documents\GitHub\TFGRepos\Back\tfg-backend\node_modules\jest-runner\build\testWorker.js:275:16)
        at runTest (C:\Users\Javier\Documents\GitHub\TFGRepos\Back\tfg-backend\node_modules\jest-runner\build\testWorker.js:343:7)
        at Object.worker (C:\Users\Javier\Documents\GitHub\TFGRepos\Back\tfg-backend\node_modules\jest-runner\build\testWorker.js:497:12)

    [0m [90m 36 |[39m     [36mreturn[39m[33m;[39m
     [90m 37 |[39m   }
    [31m[1m>[22m[39m[90m 38 |[39m   originalConsole[33m.[39merror([33m...[39margs)[33m;[39m
     [90m    |[39m                   [31m[1m^[22m[39m
     [90m 39 |[39m }[33m;[39m
     [90m 40 |[39m
     [90m 41 |[39m [90m// Timeout global para tests[39m[0m

      at console.error (tests/setup/test-setup.js:38:19)
      at RiskController.error [as getSeedCases] (src/controllers/risk.controller.js:638:15)
      at Object.<anonymous> (tests/unit/controllers/risk.controller.test.js:665:7)

PASS tests/unit/controllers/risk.controller.test.js (5.618 s)
  Risk Controller - Unit Tests
    predictRisks
      ÔêÜ should predict risks successfully (57 ms)
      ÔêÜ should return 404 when project not found (66 ms)
      ÔêÜ should return 500 for other errors (10 ms)
    getProjectRisks
      ÔêÜ should get project risks successfully (15 ms)
      ÔêÜ should filter by status (27 ms)
      ÔêÜ should filter by occurred (6 ms)
      ÔêÜ should return 404 when project not found (3 ms)
    getRiskById
      ÔêÜ should get risk by id successfully (1 ms)
      ÔêÜ should return 404 when risk not found (1 ms)
      ÔêÜ should handle errors (3 ms)
    updateRiskFeedback
      ÔêÜ should update risk feedback successfully (2 ms)
      ÔêÜ should return 404 when risk not found (1 ms)
      ÔêÜ should handle errors (3 ms)
    captureOutcome
      ÔêÜ should capture outcome successfully (1 ms)
      ÔêÜ should return 404 when project not found (5 ms)
      ÔêÜ should return 403 when not authorized (8 ms)
      ÔêÜ should return 400 when required fields missing (41 ms)
    getOutcomeForm
      ÔêÜ should get outcome form successfully with language support (4 ms)
      ÔêÜ should get outcome form in English when lang=en (3 ms)
      ÔêÜ should return 404 when project not found (7 ms)
    getOrganizationInsights
      ÔêÜ should get organization insights successfully (1 ms)
      ÔêÜ should handle errors (3 ms)
    getOrganizationStats
      ÔêÜ should get organization stats successfully (61 ms)
      ÔêÜ should handle errors (4 ms)
    getAccuracyReport
      ÔêÜ should get accuracy report successfully (1 ms)
      ÔêÜ should handle errors (6 ms)
    getCaseBaseStats
      ÔêÜ should get case base stats successfully (1 ms)
      ÔêÜ should handle errors (2 ms)
    getOrganizationCases
      ÔêÜ should get organization cases successfully (1 ms)
      ÔêÜ should filter by type
    getCaseById
      ÔêÜ should get case by id successfully (1 ms)
      ÔêÜ should return 404 when case not found
    loadSeedCases
      ÔêÜ should load seed cases successfully
      ÔêÜ should handle errors (2 ms)
    getSeedCases
      ÔêÜ should get seed cases successfully (3 ms)
      ÔêÜ should handle errors (3 ms)

  console.error
    Error en uploadCV: Error: Processing error
        at Object.<anonymous> (C:\Users\Javier\Documents\GitHub\TFGRepos\Back\tfg-backend\tests\unit\controllers\cv.controller.test.js:208:21)
        at Promise.finally.completed (C:\Users\Javier\Documents\GitHub\TFGRepos\Back\tfg-backend\node_modules\jest-circus\build\jestAdapterInit.js:1557:28)
        at new Promise (<anonymous>)
        at callAsyncCircusFn (C:\Users\Javier\Documents\GitHub\TFGRepos\Back\tfg-backend\node_modules\jest-circus\build\jestAdapterInit.js:1497:10)
        at _callCircusTest (C:\Users\Javier\Documents\GitHub\TFGRepos\Back\tfg-backend\node_modules\jest-circus\build\jestAdapterInit.js:1007:40)
        at processTicksAndRejections (node:internal/process/task_queues:95:5)
        at _runTest (C:\Users\Javier\Documents\GitHub\TFGRepos\Back\tfg-backend\node_modules\jest-circus\build\jestAdapterInit.js:947:3)
        at C:\Users\Javier\Documents\GitHub\TFGRepos\Back\tfg-backend\node_modules\jest-circus\build\jestAdapterInit.js:849:7
        at _runTestsForDescribeBlock (C:\Users\Javier\Documents\GitHub\TFGRepos\Back\tfg-backend\node_modules\jest-circus\build\jestAdapterInit.js:862:11)
        at _runTestsForDescribeBlock (C:\Users\Javier\Documents\GitHub\TFGRepos\Back\tfg-backend\node_modules\jest-circus\build\jestAdapterInit.js:857:11)
        at _runTestsForDescribeBlock (C:\Users\Javier\Documents\GitHub\TFGRepos\Back\tfg-backend\node_modules\jest-circus\build\jestAdapterInit.js:857:11)
        at run (C:\Users\Javier\Documents\GitHub\TFGRepos\Back\tfg-backend\node_modules\jest-circus\build\jestAdapterInit.js:761:3)
        at runAndTransformResultsToJestFormat (C:\Users\Javier\Documents\GitHub\TFGRepos\Back\tfg-backend\node_modules\jest-circus\build\jestAdapterInit.js:1918:21)
        at jestAdapter (C:\Users\Javier\Documents\GitHub\TFGRepos\Back\tfg-backend\node_modules\jest-circus\build\runner.js:101:19)
        at runTestInternal (C:\Users\Javier\Documents\GitHub\TFGRepos\Back\tfg-backend\node_modules\jest-runner\build\testWorker.js:275:16)
        at runTest (C:\Users\Javier\Documents\GitHub\TFGRepos\Back\tfg-backend\node_modules\jest-runner\build\testWorker.js:343:7)
        at Object.worker (C:\Users\Javier\Documents\GitHub\TFGRepos\Back\tfg-backend\node_modules\jest-runner\build\testWorker.js:497:12)

    [0m [90m 36 |[39m     [36mreturn[39m[33m;[39m
     [90m 37 |[39m   }
    [31m[1m>[22m[39m[90m 38 |[39m   originalConsole[33m.[39merror([33m...[39margs)[33m;[39m
     [90m    |[39m                   [31m[1m^[22m[39m
     [90m 39 |[39m }[33m;[39m
     [90m 40 |[39m
     [90m 41 |[39m [90m// Timeout global para tests[39m[0m

      at console.error (tests/setup/test-setup.js:38:19)
      at CVController.error [as uploadCV] (src/controllers/cv.controller.js:115:15)
      at Object.<anonymous> (tests/unit/controllers/cv.controller.test.js:211:7)

  console.error
    Error enviando curr├¡culo a organizaci├│n: Error: ORGANIZATION_NOT_FOUND
        at Object.<anonymous> (C:\Users\Javier\Documents\GitHub\TFGRepos\Back\tfg-backend\tests\unit\controllers\cv.controller.test.js:563:21)
        at Promise.finally.completed (C:\Users\Javier\Documents\GitHub\TFGRepos\Back\tfg-backend\node_modules\jest-circus\build\jestAdapterInit.js:1557:28)
        at new Promise (<anonymous>)
        at callAsyncCircusFn (C:\Users\Javier\Documents\GitHub\TFGRepos\Back\tfg-backend\node_modules\jest-circus\build\jestAdapterInit.js:1497:10)
        at _callCircusTest (C:\Users\Javier\Documents\GitHub\TFGRepos\Back\tfg-backend\node_modules\jest-circus\build\jestAdapterInit.js:1007:40)
        at processTicksAndRejections (node:internal/process/task_queues:95:5)
        at _runTest (C:\Users\Javier\Documents\GitHub\TFGRepos\Back\tfg-backend\node_modules\jest-circus\build\jestAdapterInit.js:947:3)
        at C:\Users\Javier\Documents\GitHub\TFGRepos\Back\tfg-backend\node_modules\jest-circus\build\jestAdapterInit.js:849:7
        at _runTestsForDescribeBlock (C:\Users\Javier\Documents\GitHub\TFGRepos\Back\tfg-backend\node_modules\jest-circus\build\jestAdapterInit.js:862:11)
        at _runTestsForDescribeBlock (C:\Users\Javier\Documents\GitHub\TFGRepos\Back\tfg-backend\node_modules\jest-circus\build\jestAdapterInit.js:857:11)
        at _runTestsForDescribeBlock (C:\Users\Javier\Documents\GitHub\TFGRepos\Back\tfg-backend\node_modules\jest-circus\build\jestAdapterInit.js:857:11)
        at run (C:\Users\Javier\Documents\GitHub\TFGRepos\Back\tfg-backend\node_modules\jest-circus\build\jestAdapterInit.js:761:3)
        at runAndTransformResultsToJestFormat (C:\Users\Javier\Documents\GitHub\TFGRepos\Back\tfg-backend\node_modules\jest-circus\build\jestAdapterInit.js:1918:21)
        at jestAdapter (C:\Users\Javier\Documents\GitHub\TFGRepos\Back\tfg-backend\node_modules\jest-circus\build\runner.js:101:19)
        at runTestInternal (C:\Users\Javier\Documents\GitHub\TFGRepos\Back\tfg-backend\node_modules\jest-runner\build\testWorker.js:275:16)
        at runTest (C:\Users\Javier\Documents\GitHub\TFGRepos\Back\tfg-backend\node_modules\jest-runner\build\testWorker.js:343:7)
        at Object.worker (C:\Users\Javier\Documents\GitHub\TFGRepos\Back\tfg-backend\node_modules\jest-runner\build\testWorker.js:497:12)

    [0m [90m 36 |[39m     [36mreturn[39m[33m;[39m
     [90m 37 |[39m   }
    [31m[1m>[22m[39m[90m 38 |[39m   originalConsole[33m.[39merror([33m...[39margs)[33m;[39m
     [90m    |[39m                   [31m[1m^[22m[39m
     [90m 39 |[39m }[33m;[39m
     [90m 40 |[39m
     [90m 41 |[39m [90m// Timeout global para tests[39m[0m

      at console.error (tests/setup/test-setup.js:38:19)
      at CVController.error [as submitToOrganization] (src/controllers/cv.controller.js:293:15)
      at Object.<anonymous> (tests/unit/controllers/cv.controller.test.js:566:7)

  console.error
    Error enviando curr├¡culo a organizaci├│n: Error: CV_ALREADY_SUBMITTED
        at Object.<anonymous> (C:\Users\Javier\Documents\GitHub\TFGRepos\Back\tfg-backend\tests\unit\controllers\cv.controller.test.js:577:21)
        at Promise.finally.completed (C:\Users\Javier\Documents\GitHub\TFGRepos\Back\tfg-backend\node_modules\jest-circus\build\jestAdapterInit.js:1557:28)
        at new Promise (<anonymous>)
        at callAsyncCircusFn (C:\Users\Javier\Documents\GitHub\TFGRepos\Back\tfg-backend\node_modules\jest-circus\build\jestAdapterInit.js:1497:10)
        at _callCircusTest (C:\Users\Javier\Documents\GitHub\TFGRepos\Back\tfg-backend\node_modules\jest-circus\build\jestAdapterInit.js:1007:40)
        at processTicksAndRejections (node:internal/process/task_queues:95:5)
        at _runTest (C:\Users\Javier\Documents\GitHub\TFGRepos\Back\tfg-backend\node_modules\jest-circus\build\jestAdapterInit.js:947:3)
        at C:\Users\Javier\Documents\GitHub\TFGRepos\Back\tfg-backend\node_modules\jest-circus\build\jestAdapterInit.js:849:7
        at _runTestsForDescribeBlock (C:\Users\Javier\Documents\GitHub\TFGRepos\Back\tfg-backend\node_modules\jest-circus\build\jestAdapterInit.js:862:11)
        at _runTestsForDescribeBlock (C:\Users\Javier\Documents\GitHub\TFGRepos\Back\tfg-backend\node_modules\jest-circus\build\jestAdapterInit.js:857:11)
        at _runTestsForDescribeBlock (C:\Users\Javier\Documents\GitHub\TFGRepos\Back\tfg-backend\node_modules\jest-circus\build\jestAdapterInit.js:857:11)
        at run (C:\Users\Javier\Documents\GitHub\TFGRepos\Back\tfg-backend\node_modules\jest-circus\build\jestAdapterInit.js:761:3)
        at runAndTransformResultsToJestFormat (C:\Users\Javier\Documents\GitHub\TFGRepos\Back\tfg-backend\node_modules\jest-circus\build\jestAdapterInit.js:1918:21)
        at jestAdapter (C:\Users\Javier\Documents\GitHub\TFGRepos\Back\tfg-backend\node_modules\jest-circus\build\runner.js:101:19)
        at runTestInternal (C:\Users\Javier\Documents\GitHub\TFGRepos\Back\tfg-backend\node_modules\jest-runner\build\testWorker.js:275:16)
        at runTest (C:\Users\Javier\Documents\GitHub\TFGRepos\Back\tfg-backend\node_modules\jest-runner\build\testWorker.js:343:7)
        at Object.worker (C:\Users\Javier\Documents\GitHub\TFGRepos\Back\tfg-backend\node_modules\jest-runner\build\testWorker.js:497:12)

    [0m [90m 36 |[39m     [36mreturn[39m[33m;[39m
     [90m 37 |[39m   }
    [31m[1m>[22m[39m[90m 38 |[39m   originalConsole[33m.[39merror([33m...[39margs)[33m;[39m
     [90m    |[39m                   [31m[1m^[22m[39m
     [90m 39 |[39m }[33m;[39m
     [90m 40 |[39m
     [90m 41 |[39m [90m// Timeout global para tests[39m[0m

      at console.error (tests/setup/test-setup.js:38:19)
      at CVController.error [as submitToOrganization] (src/controllers/cv.controller.js:293:15)
      at Object.<anonymous> (tests/unit/controllers/cv.controller.test.js:580:7)

PASS tests/unit/services/projectNotificationHelper.test.js
  ProjectNotificationHelper - Unit Tests
    ÔêÜ notifyProjectCreated should return early when there are no admins to notify (459 ms)
    ÔêÜ notifyProjectCreated should notify admins excluding the project manager (695 ms)
    ÔêÜ notifyProjectUpdated should notify admins, PM, and assigned employees (deduped) (656 ms)

PASS tests/unit/controllers/cv.controller.test.js
  Curriculum Controller - Unit Tests
    uploadCV
      ÔêÜ should return error when no file is provided (4 ms)
      ÔêÜ should return error when unsupported file format (1 ms)
      ÔêÜ should return error when user has no curriculum processing consent (1 ms)
      ÔêÜ should process PDF curriculum successfully (2 ms)
      ÔêÜ should process TXT curriculum successfully (1 ms)
      ÔêÜ should handle empty text content (1 ms)
      ÔêÜ should handle errors (81 ms)
    getMyCV
      ÔêÜ should return user curriculum successfully (1 ms)
      ÔêÜ should handle errors (1 ms)
    getCVById
      ÔêÜ should return own curriculum by ID (2 ms)
      ÔêÜ should deny access to other user curriculum (1 ms)
      ÔêÜ should allow org_admin to access any curriculum
    getAllCVs
      ÔêÜ should return all curricula with filters (1 ms)
      ÔêÜ should return all curricula without filters (1 ms)
      ÔêÜ should pass org_admin user to service for organization filtering (1 ms)
    searchCVs
      ÔêÜ should search curricula by criteria (1 ms)
      ÔêÜ should use default values for missing criteria (1 ms)
      ÔêÜ should pass org_admin user to service for organization filtering (1 ms)
    updateCV
      ÔêÜ should update curriculum successfully (4 ms)
      ÔêÜ should handle errors (1 ms)
    deleteCV
      ÔêÜ should delete curriculum successfully (1 ms)
      ÔêÜ should handle errors (1 ms)
    getCVStats
      ÔêÜ should return curriculum statistics (1 ms)
      ÔêÜ should handle curriculum with no data (1 ms)
    submitToOrganization
      ÔêÜ should submit curriculum to organization successfully (2 ms)
      ÔêÜ should return error when organizationId is missing (1 ms)
      ÔêÜ should handle ORGANIZATION_NOT_FOUND error (19 ms)
      ÔêÜ should handle CV_ALREADY_SUBMITTED error (8 ms)
    getCompleteness
      ÔêÜ should return 404 when curriculum not found (1 ms)
      ÔêÜ should return completeness information
    getMissingFieldsQuestions
      ÔêÜ should return 404 when curriculum not found
      ÔêÜ should return isComplete when completeness is complete (1 ms)
      ÔêÜ should generate questions grouped by category (2 ms)
      ÔêÜ should generate conditional questions (flat list) (1 ms)
    completeFields
      ÔêÜ should validate updates (1 ms)
      ÔêÜ should return 404 when curriculum not found (1 ms)
      ÔêÜ should apply nested updates and return improvement (5 ms)
    startQuestionnaire
      ÔêÜ should return 404 when curriculum not found (1 ms)
      ÔêÜ should return isComplete when curriculum is already complete (2 ms)
      ÔêÜ should create session and return initial questions (1 ms)
    getNextQuestions
      ÔêÜ should validate responses format (1 ms)
      ÔêÜ should validate current phase (2 ms)
      ÔêÜ should return 404 when curriculum not found (1 ms)
      ÔêÜ should return next questions successfully
    getQuestionnairePhases
      ÔêÜ should return phases list (1 ms)
    submitPhaseResponses
      ÔêÜ should validate required fields (2 ms)
      ÔêÜ should return 404 when curriculum not found
      ÔêÜ should return completion when questionnaire becomes complete (1 ms)
    submitQuestionnaire (final)
      ÔêÜ should validate required fields (1 ms)
      ÔêÜ should return 404 when curriculum not found (4 ms)
      ÔêÜ should save final responses and return improvement (1 ms)

PASS tests/unit/services/organization.service.test.js
  OrganizationService
    createOrganization
      ÔêÜ should create an organization successfully (8 ms)
      ÔêÜ should throw error if admin not found (44 ms)
      ÔêÜ should throw error if user already administers an active organization (2 ms)
    getOrganizationById
      ÔêÜ should get organization by id (2 ms)
      ÔêÜ should throw error if organization not found (1 ms)
      ÔêÜ should throw error if user has no access (1 ms)
    updateOrganization
      ÔêÜ should update organization successfully (1 ms)
      ÔêÜ should throw error if organization not found (1 ms)
      ÔêÜ should throw error if user is not admin (1 ms)
    getOrganizationsByAdmin
      ÔêÜ should get all organizations managed by a user (6 ms)
    getOrganizationsByEmployee
      ÔêÜ should get all organizations where user is employee (16 ms)
    addEmployee
      ÔêÜ should add employee successfully (2 ms)
      ÔêÜ should throw error if user is not admin (1 ms)
      ÔêÜ should throw error if user not found (1 ms)
    removeEmployee
      ÔêÜ should remove employee successfully (1 ms)
      ÔêÜ should throw error if user is not admin (1 ms)
    updateEmployeeStatus
      ÔêÜ should update employee status successfully (1 ms)
      ÔêÜ should throw error if user is not admin (1 ms)

  console.log
    [NotificationController] Detected language: es | Query: undefined | User pref: undefined

      at console.log (tests/setup/test-setup.js:28:19)

  console.log
    [NotificationController] Detected language: es | Query: undefined | User pref: undefined

      at console.log (tests/setup/test-setup.js:28:19)

  console.log
    [NotificationController] Detected language: es | Query: undefined | User pref: undefined

      at console.log (tests/setup/test-setup.js:28:19)

  console.error
    Error obteniendo notificaciones: Error: Service error
        at Object.<anonymous> (C:\Users\Javier\Documents\GitHub\TFGRepos\Back\tfg-backend\tests\unit\controllers\notification.controller.test.js:98:66)
        at Promise.finally.completed (C:\Users\Javier\Documents\GitHub\TFGRepos\Back\tfg-backend\node_modules\jest-circus\build\jestAdapterInit.js:1557:28)
        at new Promise (<anonymous>)
        at callAsyncCircusFn (C:\Users\Javier\Documents\GitHub\TFGRepos\Back\tfg-backend\node_modules\jest-circus\build\jestAdapterInit.js:1497:10)
        at _callCircusTest (C:\Users\Javier\Documents\GitHub\TFGRepos\Back\tfg-backend\node_modules\jest-circus\build\jestAdapterInit.js:1007:40)
        at processTicksAndRejections (node:internal/process/task_queues:95:5)
        at _runTest (C:\Users\Javier\Documents\GitHub\TFGRepos\Back\tfg-backend\node_modules\jest-circus\build\jestAdapterInit.js:947:3)
        at C:\Users\Javier\Documents\GitHub\TFGRepos\Back\tfg-backend\node_modules\jest-circus\build\jestAdapterInit.js:849:7
        at _runTestsForDescribeBlock (C:\Users\Javier\Documents\GitHub\TFGRepos\Back\tfg-backend\node_modules\jest-circus\build\jestAdapterInit.js:862:11)
        at _runTestsForDescribeBlock (C:\Users\Javier\Documents\GitHub\TFGRepos\Back\tfg-backend\node_modules\jest-circus\build\jestAdapterInit.js:857:11)
        at _runTestsForDescribeBlock (C:\Users\Javier\Documents\GitHub\TFGRepos\Back\tfg-backend\node_modules\jest-circus\build\jestAdapterInit.js:857:11)
        at run (C:\Users\Javier\Documents\GitHub\TFGRepos\Back\tfg-backend\node_modules\jest-circus\build\jestAdapterInit.js:761:3)
        at runAndTransformResultsToJestFormat (C:\Users\Javier\Documents\GitHub\TFGRepos\Back\tfg-backend\node_modules\jest-circus\build\jestAdapterInit.js:1918:21)
        at jestAdapter (C:\Users\Javier\Documents\GitHub\TFGRepos\Back\tfg-backend\node_modules\jest-circus\build\runner.js:101:19)
        at runTestInternal (C:\Users\Javier\Documents\GitHub\TFGRepos\Back\tfg-backend\node_modules\jest-runner\build\testWorker.js:275:16)
        at runTest (C:\Users\Javier\Documents\GitHub\TFGRepos\Back\tfg-backend\node_modules\jest-runner\build\testWorker.js:343:7)
        at Object.worker (C:\Users\Javier\Documents\GitHub\TFGRepos\Back\tfg-backend\node_modules\jest-runner\build\testWorker.js:497:12)

    [0m [90m 36 |[39m     [36mreturn[39m[33m;[39m
     [90m 37 |[39m   }
    [31m[1m>[22m[39m[90m 38 |[39m   originalConsole[33m.[39merror([33m...[39margs)[33m;[39m
     [90m    |[39m                   [31m[1m^[22m[39m
     [90m 39 |[39m }[33m;[39m
     [90m 40 |[39m
     [90m 41 |[39m [90m// Timeout global para tests[39m[0m

      at console.error (tests/setup/test-setup.js:38:19)
      at NotificationController.error [as getNotifications] (src/controllers/notification.controller.js:52:15)
      at Object.<anonymous> (tests/unit/controllers/notification.controller.test.js:100:7)

  console.log
    [NotificationController] Detected language: es | Query: undefined | User pref: undefined

      at console.log (tests/setup/test-setup.js:28:19)

  console.error
    Error obteniendo conteo de no le├¡das: Error: boom
        at Object.<anonymous> (C:\Users\Javier\Documents\GitHub\TFGRepos\Back\tfg-backend\tests\unit\controllers\notification.controller.test.js:142:60)
        at Promise.finally.completed (C:\Users\Javier\Documents\GitHub\TFGRepos\Back\tfg-backend\node_modules\jest-circus\build\jestAdapterInit.js:1557:28)
        at new Promise (<anonymous>)
        at callAsyncCircusFn (C:\Users\Javier\Documents\GitHub\TFGRepos\Back\tfg-backend\node_modules\jest-circus\build\jestAdapterInit.js:1497:10)
        at _callCircusTest (C:\Users\Javier\Documents\GitHub\TFGRepos\Back\tfg-backend\node_modules\jest-circus\build\jestAdapterInit.js:1007:40)
        at processTicksAndRejections (node:internal/process/task_queues:95:5)
        at _runTest (C:\Users\Javier\Documents\GitHub\TFGRepos\Back\tfg-backend\node_modules\jest-circus\build\jestAdapterInit.js:947:3)
        at C:\Users\Javier\Documents\GitHub\TFGRepos\Back\tfg-backend\node_modules\jest-circus\build\jestAdapterInit.js:849:7
        at _runTestsForDescribeBlock (C:\Users\Javier\Documents\GitHub\TFGRepos\Back\tfg-backend\node_modules\jest-circus\build\jestAdapterInit.js:862:11)
        at _runTestsForDescribeBlock (C:\Users\Javier\Documents\GitHub\TFGRepos\Back\tfg-backend\node_modules\jest-circus\build\jestAdapterInit.js:857:11)
        at _runTestsForDescribeBlock (C:\Users\Javier\Documents\GitHub\TFGRepos\Back\tfg-backend\node_modules\jest-circus\build\jestAdapterInit.js:857:11)
        at run (C:\Users\Javier\Documents\GitHub\TFGRepos\Back\tfg-backend\node_modules\jest-circus\build\jestAdapterInit.js:761:3)
        at runAndTransformResultsToJestFormat (C:\Users\Javier\Documents\GitHub\TFGRepos\Back\tfg-backend\node_modules\jest-circus\build\jestAdapterInit.js:1918:21)
        at jestAdapter (C:\Users\Javier\Documents\GitHub\TFGRepos\Back\tfg-backend\node_modules\jest-circus\build\runner.js:101:19)
        at runTestInternal (C:\Users\Javier\Documents\GitHub\TFGRepos\Back\tfg-backend\node_modules\jest-runner\build\testWorker.js:275:16)
        at runTest (C:\Users\Javier\Documents\GitHub\TFGRepos\Back\tfg-backend\node_modules\jest-runner\build\testWorker.js:343:7)
        at Object.worker (C:\Users\Javier\Documents\GitHub\TFGRepos\Back\tfg-backend\node_modules\jest-runner\build\testWorker.js:497:12)

    [0m [90m 36 |[39m     [36mreturn[39m[33m;[39m
     [90m 37 |[39m   }
    [31m[1m>[22m[39m[90m 38 |[39m   originalConsole[33m.[39merror([33m...[39margs)[33m;[39m
     [90m    |[39m                   [31m[1m^[22m[39m
     [90m 39 |[39m }[33m;[39m
     [90m 40 |[39m
     [90m 41 |[39m [90m// Timeout global para tests[39m[0m

      at console.error (tests/setup/test-setup.js:38:19)
      at NotificationController.error [as getUnreadCount] (src/controllers/notification.controller.js:76:15)
      at Object.<anonymous> (tests/unit/controllers/notification.controller.test.js:144:7)

  console.error
    Error obteniendo estad├¡sticas: Error: boom
        at Object.<anonymous> (C:\Users\Javier\Documents\GitHub\TFGRepos\Back\tfg-backend\tests\unit\controllers\notification.controller.test.js:171:58)
        at Promise.finally.completed (C:\Users\Javier\Documents\GitHub\TFGRepos\Back\tfg-backend\node_modules\jest-circus\build\jestAdapterInit.js:1557:28)
        at new Promise (<anonymous>)
        at callAsyncCircusFn (C:\Users\Javier\Documents\GitHub\TFGRepos\Back\tfg-backend\node_modules\jest-circus\build\jestAdapterInit.js:1497:10)
        at _callCircusTest (C:\Users\Javier\Documents\GitHub\TFGRepos\Back\tfg-backend\node_modules\jest-circus\build\jestAdapterInit.js:1007:40)
        at processTicksAndRejections (node:internal/process/task_queues:95:5)
        at _runTest (C:\Users\Javier\Documents\GitHub\TFGRepos\Back\tfg-backend\node_modules\jest-circus\build\jestAdapterInit.js:947:3)
        at C:\Users\Javier\Documents\GitHub\TFGRepos\Back\tfg-backend\node_modules\jest-circus\build\jestAdapterInit.js:849:7
        at _runTestsForDescribeBlock (C:\Users\Javier\Documents\GitHub\TFGRepos\Back\tfg-backend\node_modules\jest-circus\build\jestAdapterInit.js:862:11)
        at _runTestsForDescribeBlock (C:\Users\Javier\Documents\GitHub\TFGRepos\Back\tfg-backend\node_modules\jest-circus\build\jestAdapterInit.js:857:11)
        at _runTestsForDescribeBlock (C:\Users\Javier\Documents\GitHub\TFGRepos\Back\tfg-backend\node_modules\jest-circus\build\jestAdapterInit.js:857:11)
        at run (C:\Users\Javier\Documents\GitHub\TFGRepos\Back\tfg-backend\node_modules\jest-circus\build\jestAdapterInit.js:761:3)
        at runAndTransformResultsToJestFormat (C:\Users\Javier\Documents\GitHub\TFGRepos\Back\tfg-backend\node_modules\jest-circus\build\jestAdapterInit.js:1918:21)
        at jestAdapter (C:\Users\Javier\Documents\GitHub\TFGRepos\Back\tfg-backend\node_modules\jest-circus\build\runner.js:101:19)
        at runTestInternal (C:\Users\Javier\Documents\GitHub\TFGRepos\Back\tfg-backend\node_modules\jest-runner\build\testWorker.js:275:16)
        at runTest (C:\Users\Javier\Documents\GitHub\TFGRepos\Back\tfg-backend\node_modules\jest-runner\build\testWorker.js:343:7)
        at Object.worker (C:\Users\Javier\Documents\GitHub\TFGRepos\Back\tfg-backend\node_modules\jest-runner\build\testWorker.js:497:12)

    [0m [90m 36 |[39m     [36mreturn[39m[33m;[39m
     [90m 37 |[39m   }
    [31m[1m>[22m[39m[90m 38 |[39m   originalConsole[33m.[39merror([33m...[39margs)[33m;[39m
     [90m    |[39m                   [31m[1m^[22m[39m
     [90m 39 |[39m }[33m;[39m
     [90m 40 |[39m
     [90m 41 |[39m [90m// Timeout global para tests[39m[0m

      at console.error (tests/setup/test-setup.js:38:19)
      at NotificationController.error [as getStats] (src/controllers/notification.controller.js:100:15)
      at Object.<anonymous> (tests/unit/controllers/notification.controller.test.js:173:7)

  console.error
    Error marcando como le├¡da: Error: Notification not found
        at Object.<anonymous> (C:\Users\Javier\Documents\GitHub\TFGRepos\Back\tfg-backend\tests\unit\controllers\notification.controller.test.js:202:56)
        at Promise.finally.completed (C:\Users\Javier\Documents\GitHub\TFGRepos\Back\tfg-backend\node_modules\jest-circus\build\jestAdapterInit.js:1557:28)
        at new Promise (<anonymous>)
        at callAsyncCircusFn (C:\Users\Javier\Documents\GitHub\TFGRepos\Back\tfg-backend\node_modules\jest-circus\build\jestAdapterInit.js:1497:10)
        at _callCircusTest (C:\Users\Javier\Documents\GitHub\TFGRepos\Back\tfg-backend\node_modules\jest-circus\build\jestAdapterInit.js:1007:40)
        at processTicksAndRejections (node:internal/process/task_queues:95:5)
        at _runTest (C:\Users\Javier\Documents\GitHub\TFGRepos\Back\tfg-backend\node_modules\jest-circus\build\jestAdapterInit.js:947:3)
        at C:\Users\Javier\Documents\GitHub\TFGRepos\Back\tfg-backend\node_modules\jest-circus\build\jestAdapterInit.js:849:7
        at _runTestsForDescribeBlock (C:\Users\Javier\Documents\GitHub\TFGRepos\Back\tfg-backend\node_modules\jest-circus\build\jestAdapterInit.js:862:11)
        at _runTestsForDescribeBlock (C:\Users\Javier\Documents\GitHub\TFGRepos\Back\tfg-backend\node_modules\jest-circus\build\jestAdapterInit.js:857:11)
        at _runTestsForDescribeBlock (C:\Users\Javier\Documents\GitHub\TFGRepos\Back\tfg-backend\node_modules\jest-circus\build\jestAdapterInit.js:857:11)
        at run (C:\Users\Javier\Documents\GitHub\TFGRepos\Back\tfg-backend\node_modules\jest-circus\build\jestAdapterInit.js:761:3)
        at runAndTransformResultsToJestFormat (C:\Users\Javier\Documents\GitHub\TFGRepos\Back\tfg-backend\node_modules\jest-circus\build\jestAdapterInit.js:1918:21)
        at jestAdapter (C:\Users\Javier\Documents\GitHub\TFGRepos\Back\tfg-backend\node_modules\jest-circus\build\runner.js:101:19)
        at runTestInternal (C:\Users\Javier\Documents\GitHub\TFGRepos\Back\tfg-backend\node_modules\jest-runner\build\testWorker.js:275:16)
        at runTest (C:\Users\Javier\Documents\GitHub\TFGRepos\Back\tfg-backend\node_modules\jest-runner\build\testWorker.js:343:7)
        at Object.worker (C:\Users\Javier\Documents\GitHub\TFGRepos\Back\tfg-backend\node_modules\jest-runner\build\testWorker.js:497:12)

    [0m [90m 36 |[39m     [36mreturn[39m[33m;[39m
     [90m 37 |[39m   }
    [31m[1m>[22m[39m[90m 38 |[39m   originalConsole[33m.[39merror([33m...[39margs)[33m;[39m
     [90m    |[39m                   [31m[1m^[22m[39m
     [90m 39 |[39m }[33m;[39m
     [90m 40 |[39m
     [90m 41 |[39m [90m// Timeout global para tests[39m[0m

      at console.error (tests/setup/test-setup.js:38:19)
      at NotificationController.error [as markAsRead] (src/controllers/notification.controller.js:127:15)
      at Object.<anonymous> (tests/unit/controllers/notification.controller.test.js:204:7)

  console.error
    Error marcando como le├¡da: Error: boom
        at Object.<anonymous> (C:\Users\Javier\Documents\GitHub\TFGRepos\Back\tfg-backend\tests\unit\controllers\notification.controller.test.js:215:56)
        at Promise.finally.completed (C:\Users\Javier\Documents\GitHub\TFGRepos\Back\tfg-backend\node_modules\jest-circus\build\jestAdapterInit.js:1557:28)
        at new Promise (<anonymous>)
        at callAsyncCircusFn (C:\Users\Javier\Documents\GitHub\TFGRepos\Back\tfg-backend\node_modules\jest-circus\build\jestAdapterInit.js:1497:10)
        at _callCircusTest (C:\Users\Javier\Documents\GitHub\TFGRepos\Back\tfg-backend\node_modules\jest-circus\build\jestAdapterInit.js:1007:40)
        at processTicksAndRejections (node:internal/process/task_queues:95:5)
        at _runTest (C:\Users\Javier\Documents\GitHub\TFGRepos\Back\tfg-backend\node_modules\jest-circus\build\jestAdapterInit.js:947:3)
        at C:\Users\Javier\Documents\GitHub\TFGRepos\Back\tfg-backend\node_modules\jest-circus\build\jestAdapterInit.js:849:7
        at _runTestsForDescribeBlock (C:\Users\Javier\Documents\GitHub\TFGRepos\Back\tfg-backend\node_modules\jest-circus\build\jestAdapterInit.js:862:11)
        at _runTestsForDescribeBlock (C:\Users\Javier\Documents\GitHub\TFGRepos\Back\tfg-backend\node_modules\jest-circus\build\jestAdapterInit.js:857:11)
        at _runTestsForDescribeBlock (C:\Users\Javier\Documents\GitHub\TFGRepos\Back\tfg-backend\node_modules\jest-circus\build\jestAdapterInit.js:857:11)
        at run (C:\Users\Javier\Documents\GitHub\TFGRepos\Back\tfg-backend\node_modules\jest-circus\build\jestAdapterInit.js:761:3)
        at runAndTransformResultsToJestFormat (C:\Users\Javier\Documents\GitHub\TFGRepos\Back\tfg-backend\node_modules\jest-circus\build\jestAdapterInit.js:1918:21)
        at jestAdapter (C:\Users\Javier\Documents\GitHub\TFGRepos\Back\tfg-backend\node_modules\jest-circus\build\runner.js:101:19)
        at runTestInternal (C:\Users\Javier\Documents\GitHub\TFGRepos\Back\tfg-backend\node_modules\jest-runner\build\testWorker.js:275:16)
        at runTest (C:\Users\Javier\Documents\GitHub\TFGRepos\Back\tfg-backend\node_modules\jest-runner\build\testWorker.js:343:7)
        at Object.worker (C:\Users\Javier\Documents\GitHub\TFGRepos\Back\tfg-backend\node_modules\jest-runner\build\testWorker.js:497:12)

    [0m [90m 36 |[39m     [36mreturn[39m[33m;[39m
     [90m 37 |[39m   }
    [31m[1m>[22m[39m[90m 38 |[39m   originalConsole[33m.[39merror([33m...[39margs)[33m;[39m
     [90m    |[39m                   [31m[1m^[22m[39m
     [90m 39 |[39m }[33m;[39m
     [90m 40 |[39m
     [90m 41 |[39m [90m// Timeout global para tests[39m[0m

      at console.error (tests/setup/test-setup.js:38:19)
      at NotificationController.error [as markAsRead] (src/controllers/notification.controller.js:127:15)
      at Object.<anonymous> (tests/unit/controllers/notification.controller.test.js:217:7)

  console.error
    Error marcando m├║ltiples como le├¡das: Error: boom
        at Object.<anonymous> (C:\Users\Javier\Documents\GitHub\TFGRepos\Back\tfg-backend\tests\unit\controllers\notification.controller.test.js:257:64)
        at Promise.finally.completed (C:\Users\Javier\Documents\GitHub\TFGRepos\Back\tfg-backend\node_modules\jest-circus\build\jestAdapterInit.js:1557:28)
        at new Promise (<anonymous>)
        at callAsyncCircusFn (C:\Users\Javier\Documents\GitHub\TFGRepos\Back\tfg-backend\node_modules\jest-circus\build\jestAdapterInit.js:1497:10)
        at _callCircusTest (C:\Users\Javier\Documents\GitHub\TFGRepos\Back\tfg-backend\node_modules\jest-circus\build\jestAdapterInit.js:1007:40)
        at processTicksAndRejections (node:internal/process/task_queues:95:5)
        at _runTest (C:\Users\Javier\Documents\GitHub\TFGRepos\Back\tfg-backend\node_modules\jest-circus\build\jestAdapterInit.js:947:3)
        at C:\Users\Javier\Documents\GitHub\TFGRepos\Back\tfg-backend\node_modules\jest-circus\build\jestAdapterInit.js:849:7
        at _runTestsForDescribeBlock (C:\Users\Javier\Documents\GitHub\TFGRepos\Back\tfg-backend\node_modules\jest-circus\build\jestAdapterInit.js:862:11)
        at _runTestsForDescribeBlock (C:\Users\Javier\Documents\GitHub\TFGRepos\Back\tfg-backend\node_modules\jest-circus\build\jestAdapterInit.js:857:11)
        at _runTestsForDescribeBlock (C:\Users\Javier\Documents\GitHub\TFGRepos\Back\tfg-backend\node_modules\jest-circus\build\jestAdapterInit.js:857:11)
        at run (C:\Users\Javier\Documents\GitHub\TFGRepos\Back\tfg-backend\node_modules\jest-circus\build\jestAdapterInit.js:761:3)
        at runAndTransformResultsToJestFormat (C:\Users\Javier\Documents\GitHub\TFGRepos\Back\tfg-backend\node_modules\jest-circus\build\jestAdapterInit.js:1918:21)
        at jestAdapter (C:\Users\Javier\Documents\GitHub\TFGRepos\Back\tfg-backend\node_modules\jest-circus\build\runner.js:101:19)
        at runTestInternal (C:\Users\Javier\Documents\GitHub\TFGRepos\Back\tfg-backend\node_modules\jest-runner\build\testWorker.js:275:16)
        at runTest (C:\Users\Javier\Documents\GitHub\TFGRepos\Back\tfg-backend\node_modules\jest-runner\build\testWorker.js:343:7)
        at Object.worker (C:\Users\Javier\Documents\GitHub\TFGRepos\Back\tfg-backend\node_modules\jest-runner\build\testWorker.js:497:12)

    [0m [90m 36 |[39m     [36mreturn[39m[33m;[39m
     [90m 37 |[39m   }
    [31m[1m>[22m[39m[90m 38 |[39m   originalConsole[33m.[39merror([33m...[39margs)[33m;[39m
     [90m    |[39m                   [31m[1m^[22m[39m
     [90m 39 |[39m }[33m;[39m
     [90m 40 |[39m
     [90m 41 |[39m [90m// Timeout global para tests[39m[0m

      at console.error (tests/setup/test-setup.js:38:19)
      at NotificationController.error [as markMultipleAsRead] (src/controllers/notification.controller.js:166:15)
      at Object.<anonymous> (tests/unit/controllers/notification.controller.test.js:259:7)

  console.error
    Error marcando todas como le├¡das: Error: boom
        at Object.<anonymous> (C:\Users\Javier\Documents\GitHub\TFGRepos\Back\tfg-backend\tests\unit\controllers\notification.controller.test.js:285:59)
        at Promise.finally.completed (C:\Users\Javier\Documents\GitHub\TFGRepos\Back\tfg-backend\node_modules\jest-circus\build\jestAdapterInit.js:1557:28)
        at new Promise (<anonymous>)
        at callAsyncCircusFn (C:\Users\Javier\Documents\GitHub\TFGRepos\Back\tfg-backend\node_modules\jest-circus\build\jestAdapterInit.js:1497:10)
        at _callCircusTest (C:\Users\Javier\Documents\GitHub\TFGRepos\Back\tfg-backend\node_modules\jest-circus\build\jestAdapterInit.js:1007:40)
        at processTicksAndRejections (node:internal/process/task_queues:95:5)
        at _runTest (C:\Users\Javier\Documents\GitHub\TFGRepos\Back\tfg-backend\node_modules\jest-circus\build\jestAdapterInit.js:947:3)
        at C:\Users\Javier\Documents\GitHub\TFGRepos\Back\tfg-backend\node_modules\jest-circus\build\jestAdapterInit.js:849:7
        at _runTestsForDescribeBlock (C:\Users\Javier\Documents\GitHub\TFGRepos\Back\tfg-backend\node_modules\jest-circus\build\jestAdapterInit.js:862:11)
        at _runTestsForDescribeBlock (C:\Users\Javier\Documents\GitHub\TFGRepos\Back\tfg-backend\node_modules\jest-circus\build\jestAdapterInit.js:857:11)
        at _runTestsForDescribeBlock (C:\Users\Javier\Documents\GitHub\TFGRepos\Back\tfg-backend\node_modules\jest-circus\build\jestAdapterInit.js:857:11)
        at run (C:\Users\Javier\Documents\GitHub\TFGRepos\Back\tfg-backend\node_modules\jest-circus\build\jestAdapterInit.js:761:3)
        at runAndTransformResultsToJestFormat (C:\Users\Javier\Documents\GitHub\TFGRepos\Back\tfg-backend\node_modules\jest-circus\build\jestAdapterInit.js:1918:21)
        at jestAdapter (C:\Users\Javier\Documents\GitHub\TFGRepos\Back\tfg-backend\node_modules\jest-circus\build\runner.js:101:19)
        at runTestInternal (C:\Users\Javier\Documents\GitHub\TFGRepos\Back\tfg-backend\node_modules\jest-runner\build\testWorker.js:275:16)
        at runTest (C:\Users\Javier\Documents\GitHub\TFGRepos\Back\tfg-backend\node_modules\jest-runner\build\testWorker.js:343:7)
        at Object.worker (C:\Users\Javier\Documents\GitHub\TFGRepos\Back\tfg-backend\node_modules\jest-runner\build\testWorker.js:497:12)

    [0m [90m 36 |[39m     [36mreturn[39m[33m;[39m
     [90m 37 |[39m   }
    [31m[1m>[22m[39m[90m 38 |[39m   originalConsole[33m.[39merror([33m...[39margs)[33m;[39m
     [90m    |[39m                   [31m[1m^[22m[39m
     [90m 39 |[39m }[33m;[39m
     [90m 40 |[39m
     [90m 41 |[39m [90m// Timeout global para tests[39m[0m

      at console.error (tests/setup/test-setup.js:38:19)
      at NotificationController.error [as markAllAsRead] (src/controllers/notification.controller.js:190:15)
      at Object.<anonymous> (tests/unit/controllers/notification.controller.test.js:287:7)

  console.error
    Error archivando notificaci├│n: Error: Notification not found
        at Object.<anonymous> (C:\Users\Javier\Documents\GitHub\TFGRepos\Back\tfg-backend\tests\unit\controllers\notification.controller.test.js:316:53)
        at Promise.finally.completed (C:\Users\Javier\Documents\GitHub\TFGRepos\Back\tfg-backend\node_modules\jest-circus\build\jestAdapterInit.js:1557:28)
        at new Promise (<anonymous>)
        at callAsyncCircusFn (C:\Users\Javier\Documents\GitHub\TFGRepos\Back\tfg-backend\node_modules\jest-circus\build\jestAdapterInit.js:1497:10)
        at _callCircusTest (C:\Users\Javier\Documents\GitHub\TFGRepos\Back\tfg-backend\node_modules\jest-circus\build\jestAdapterInit.js:1007:40)
        at processTicksAndRejections (node:internal/process/task_queues:95:5)
        at _runTest (C:\Users\Javier\Documents\GitHub\TFGRepos\Back\tfg-backend\node_modules\jest-circus\build\jestAdapterInit.js:947:3)
        at C:\Users\Javier\Documents\GitHub\TFGRepos\Back\tfg-backend\node_modules\jest-circus\build\jestAdapterInit.js:849:7
        at _runTestsForDescribeBlock (C:\Users\Javier\Documents\GitHub\TFGRepos\Back\tfg-backend\node_modules\jest-circus\build\jestAdapterInit.js:862:11)
        at _runTestsForDescribeBlock (C:\Users\Javier\Documents\GitHub\TFGRepos\Back\tfg-backend\node_modules\jest-circus\build\jestAdapterInit.js:857:11)
        at _runTestsForDescribeBlock (C:\Users\Javier\Documents\GitHub\TFGRepos\Back\tfg-backend\node_modules\jest-circus\build\jestAdapterInit.js:857:11)
        at run (C:\Users\Javier\Documents\GitHub\TFGRepos\Back\tfg-backend\node_modules\jest-circus\build\jestAdapterInit.js:761:3)
        at runAndTransformResultsToJestFormat (C:\Users\Javier\Documents\GitHub\TFGRepos\Back\tfg-backend\node_modules\jest-circus\build\jestAdapterInit.js:1918:21)
        at jestAdapter (C:\Users\Javier\Documents\GitHub\TFGRepos\Back\tfg-backend\node_modules\jest-circus\build\runner.js:101:19)
        at runTestInternal (C:\Users\Javier\Documents\GitHub\TFGRepos\Back\tfg-backend\node_modules\jest-runner\build\testWorker.js:275:16)
        at runTest (C:\Users\Javier\Documents\GitHub\TFGRepos\Back\tfg-backend\node_modules\jest-runner\build\testWorker.js:343:7)
        at Object.worker (C:\Users\Javier\Documents\GitHub\TFGRepos\Back\tfg-backend\node_modules\jest-runner\build\testWorker.js:497:12)

    [0m [90m 36 |[39m     [36mreturn[39m[33m;[39m
     [90m 37 |[39m   }
    [31m[1m>[22m[39m[90m 38 |[39m   originalConsole[33m.[39merror([33m...[39margs)[33m;[39m
     [90m    |[39m                   [31m[1m^[22m[39m
     [90m 39 |[39m }[33m;[39m
     [90m 40 |[39m
     [90m 41 |[39m [90m// Timeout global para tests[39m[0m

      at console.error (tests/setup/test-setup.js:38:19)
      at NotificationController.error [as archive] (src/controllers/notification.controller.js:217:15)
      at Object.<anonymous> (tests/unit/controllers/notification.controller.test.js:318:7)

  console.error
    Error archivando notificaci├│n: Error: boom
        at Object.<anonymous> (C:\Users\Javier\Documents\GitHub\TFGRepos\Back\tfg-backend\tests\unit\controllers\notification.controller.test.js:329:53)
        at Promise.finally.completed (C:\Users\Javier\Documents\GitHub\TFGRepos\Back\tfg-backend\node_modules\jest-circus\build\jestAdapterInit.js:1557:28)
        at new Promise (<anonymous>)
        at callAsyncCircusFn (C:\Users\Javier\Documents\GitHub\TFGRepos\Back\tfg-backend\node_modules\jest-circus\build\jestAdapterInit.js:1497:10)
        at _callCircusTest (C:\Users\Javier\Documents\GitHub\TFGRepos\Back\tfg-backend\node_modules\jest-circus\build\jestAdapterInit.js:1007:40)
        at processTicksAndRejections (node:internal/process/task_queues:95:5)
        at _runTest (C:\Users\Javier\Documents\GitHub\TFGRepos\Back\tfg-backend\node_modules\jest-circus\build\jestAdapterInit.js:947:3)
        at C:\Users\Javier\Documents\GitHub\TFGRepos\Back\tfg-backend\node_modules\jest-circus\build\jestAdapterInit.js:849:7
        at _runTestsForDescribeBlock (C:\Users\Javier\Documents\GitHub\TFGRepos\Back\tfg-backend\node_modules\jest-circus\build\jestAdapterInit.js:862:11)
        at _runTestsForDescribeBlock (C:\Users\Javier\Documents\GitHub\TFGRepos\Back\tfg-backend\node_modules\jest-circus\build\jestAdapterInit.js:857:11)
        at _runTestsForDescribeBlock (C:\Users\Javier\Documents\GitHub\TFGRepos\Back\tfg-backend\node_modules\jest-circus\build\jestAdapterInit.js:857:11)
        at run (C:\Users\Javier\Documents\GitHub\TFGRepos\Back\tfg-backend\node_modules\jest-circus\build\jestAdapterInit.js:761:3)
        at runAndTransformResultsToJestFormat (C:\Users\Javier\Documents\GitHub\TFGRepos\Back\tfg-backend\node_modules\jest-circus\build\jestAdapterInit.js:1918:21)
        at jestAdapter (C:\Users\Javier\Documents\GitHub\TFGRepos\Back\tfg-backend\node_modules\jest-circus\build\runner.js:101:19)
        at runTestInternal (C:\Users\Javier\Documents\GitHub\TFGRepos\Back\tfg-backend\node_modules\jest-runner\build\testWorker.js:275:16)
        at runTest (C:\Users\Javier\Documents\GitHub\TFGRepos\Back\tfg-backend\node_modules\jest-runner\build\testWorker.js:343:7)
        at Object.worker (C:\Users\Javier\Documents\GitHub\TFGRepos\Back\tfg-backend\node_modules\jest-runner\build\testWorker.js:497:12)

    [0m [90m 36 |[39m     [36mreturn[39m[33m;[39m
     [90m 37 |[39m   }
    [31m[1m>[22m[39m[90m 38 |[39m   originalConsole[33m.[39merror([33m...[39margs)[33m;[39m
     [90m    |[39m                   [31m[1m^[22m[39m
     [90m 39 |[39m }[33m;[39m
     [90m 40 |[39m
     [90m 41 |[39m [90m// Timeout global para tests[39m[0m

      at console.error (tests/setup/test-setup.js:38:19)
      at NotificationController.error [as archive] (src/controllers/notification.controller.js:217:15)
      at Object.<anonymous> (tests/unit/controllers/notification.controller.test.js:331:7)

  console.error
    Error eliminando notificaci├│n: Error: boom
        at Object.<anonymous> (C:\Users\Javier\Documents\GitHub\TFGRepos\Back\tfg-backend\tests\unit\controllers\notification.controller.test.js:372:52)
        at Promise.finally.completed (C:\Users\Javier\Documents\GitHub\TFGRepos\Back\tfg-backend\node_modules\jest-circus\build\jestAdapterInit.js:1557:28)
        at new Promise (<anonymous>)
        at callAsyncCircusFn (C:\Users\Javier\Documents\GitHub\TFGRepos\Back\tfg-backend\node_modules\jest-circus\build\jestAdapterInit.js:1497:10)
        at _callCircusTest (C:\Users\Javier\Documents\GitHub\TFGRepos\Back\tfg-backend\node_modules\jest-circus\build\jestAdapterInit.js:1007:40)
        at processTicksAndRejections (node:internal/process/task_queues:95:5)
        at _runTest (C:\Users\Javier\Documents\GitHub\TFGRepos\Back\tfg-backend\node_modules\jest-circus\build\jestAdapterInit.js:947:3)
        at C:\Users\Javier\Documents\GitHub\TFGRepos\Back\tfg-backend\node_modules\jest-circus\build\jestAdapterInit.js:849:7
        at _runTestsForDescribeBlock (C:\Users\Javier\Documents\GitHub\TFGRepos\Back\tfg-backend\node_modules\jest-circus\build\jestAdapterInit.js:862:11)
        at _runTestsForDescribeBlock (C:\Users\Javier\Documents\GitHub\TFGRepos\Back\tfg-backend\node_modules\jest-circus\build\jestAdapterInit.js:857:11)
        at _runTestsForDescribeBlock (C:\Users\Javier\Documents\GitHub\TFGRepos\Back\tfg-backend\node_modules\jest-circus\build\jestAdapterInit.js:857:11)
        at run (C:\Users\Javier\Documents\GitHub\TFGRepos\Back\tfg-backend\node_modules\jest-circus\build\jestAdapterInit.js:761:3)
        at runAndTransformResultsToJestFormat (C:\Users\Javier\Documents\GitHub\TFGRepos\Back\tfg-backend\node_modules\jest-circus\build\jestAdapterInit.js:1918:21)
        at jestAdapter (C:\Users\Javier\Documents\GitHub\TFGRepos\Back\tfg-backend\node_modules\jest-circus\build\runner.js:101:19)
        at runTestInternal (C:\Users\Javier\Documents\GitHub\TFGRepos\Back\tfg-backend\node_modules\jest-runner\build\testWorker.js:275:16)
        at runTest (C:\Users\Javier\Documents\GitHub\TFGRepos\Back\tfg-backend\node_modules\jest-runner\build\testWorker.js:343:7)
        at Object.worker (C:\Users\Javier\Documents\GitHub\TFGRepos\Back\tfg-backend\node_modules\jest-runner\build\testWorker.js:497:12)

    [0m [90m 36 |[39m     [36mreturn[39m[33m;[39m
     [90m 37 |[39m   }
    [31m[1m>[22m[39m[90m 38 |[39m   originalConsole[33m.[39merror([33m...[39margs)[33m;[39m
     [90m    |[39m                   [31m[1m^[22m[39m
     [90m 39 |[39m }[33m;[39m
     [90m 40 |[39m
     [90m 41 |[39m [90m// Timeout global para tests[39m[0m

      at console.error (tests/setup/test-setup.js:38:19)
      at NotificationController.error [as delete] (src/controllers/notification.controller.js:256:15)
      at Object.<anonymous> (tests/unit/controllers/notification.controller.test.js:374:7)

  console.error
    Error creando notificaci├│n: Error: Recipient user not found
        at Object.<anonymous> (C:\Users\Javier\Documents\GitHub\TFGRepos\Back\tfg-backend\tests\unit\controllers\notification.controller.test.js:452:52)
        at Promise.finally.completed (C:\Users\Javier\Documents\GitHub\TFGRepos\Back\tfg-backend\node_modules\jest-circus\build\jestAdapterInit.js:1557:28)
        at new Promise (<anonymous>)
        at callAsyncCircusFn (C:\Users\Javier\Documents\GitHub\TFGRepos\Back\tfg-backend\node_modules\jest-circus\build\jestAdapterInit.js:1497:10)
        at _callCircusTest (C:\Users\Javier\Documents\GitHub\TFGRepos\Back\tfg-backend\node_modules\jest-circus\build\jestAdapterInit.js:1007:40)
        at processTicksAndRejections (node:internal/process/task_queues:95:5)
        at _runTest (C:\Users\Javier\Documents\GitHub\TFGRepos\Back\tfg-backend\node_modules\jest-circus\build\jestAdapterInit.js:947:3)
        at C:\Users\Javier\Documents\GitHub\TFGRepos\Back\tfg-backend\node_modules\jest-circus\build\jestAdapterInit.js:849:7
        at _runTestsForDescribeBlock (C:\Users\Javier\Documents\GitHub\TFGRepos\Back\tfg-backend\node_modules\jest-circus\build\jestAdapterInit.js:862:11)
        at _runTestsForDescribeBlock (C:\Users\Javier\Documents\GitHub\TFGRepos\Back\tfg-backend\node_modules\jest-circus\build\jestAdapterInit.js:857:11)
        at _runTestsForDescribeBlock (C:\Users\Javier\Documents\GitHub\TFGRepos\Back\tfg-backend\node_modules\jest-circus\build\jestAdapterInit.js:857:11)
        at run (C:\Users\Javier\Documents\GitHub\TFGRepos\Back\tfg-backend\node_modules\jest-circus\build\jestAdapterInit.js:761:3)
        at runAndTransformResultsToJestFormat (C:\Users\Javier\Documents\GitHub\TFGRepos\Back\tfg-backend\node_modules\jest-circus\build\jestAdapterInit.js:1918:21)
        at jestAdapter (C:\Users\Javier\Documents\GitHub\TFGRepos\Back\tfg-backend\node_modules\jest-circus\build\runner.js:101:19)
        at runTestInternal (C:\Users\Javier\Documents\GitHub\TFGRepos\Back\tfg-backend\node_modules\jest-runner\build\testWorker.js:275:16)
        at runTest (C:\Users\Javier\Documents\GitHub\TFGRepos\Back\tfg-backend\node_modules\jest-runner\build\testWorker.js:343:7)
        at Object.worker (C:\Users\Javier\Documents\GitHub\TFGRepos\Back\tfg-backend\node_modules\jest-runner\build\testWorker.js:497:12)

    [0m [90m 36 |[39m     [36mreturn[39m[33m;[39m
     [90m 37 |[39m   }
    [31m[1m>[22m[39m[90m 38 |[39m   originalConsole[33m.[39merror([33m...[39margs)[33m;[39m
     [90m    |[39m                   [31m[1m^[22m[39m
     [90m 39 |[39m }[33m;[39m
     [90m 40 |[39m
     [90m 41 |[39m [90m// Timeout global para tests[39m[0m

      at console.error (tests/setup/test-setup.js:38:19)
      at NotificationController.error [as create] (src/controllers/notification.controller.js:322:15)
      at Object.<anonymous> (tests/unit/controllers/notification.controller.test.js:454:7)

PASS tests/unit/controllers/notification.controller.test.js
  Notification Controller - Unit Tests
    getNotifications
      ÔêÜ deber├¡a obtener notificaciones del usuario (22 ms)
      ÔêÜ deber├¡a aplicar filtros de query params (3 ms)
      ÔêÜ deber├¡a manejar errores (92 ms)
      ÔêÜ deber├¡a usar valores por defecto para page y limit (3 ms)
    getUnreadCount
      ÔêÜ should return unread count (2 ms)
      ÔêÜ should handle errors (4 ms)
    getStats
      ÔêÜ should return stats (1 ms)
      ÔêÜ should handle errors (7 ms)
    markAsRead
      ÔêÜ should mark notification as read (2 ms)
      ÔêÜ should return 404 when notification is not found (4 ms)
      ÔêÜ should handle errors (44 ms)
    markMultipleAsRead
      ÔêÜ should validate request body (1 ms)
      ÔêÜ should mark multiple as read (1 ms)
      ÔêÜ should handle errors (3 ms)
    markAllAsRead
      ÔêÜ should mark all as read (1 ms)
      ÔêÜ should handle errors (7 ms)
    archive
      ÔêÜ should archive notification (1 ms)
      ÔêÜ should return 404 when notification is not found (3 ms)
      ÔêÜ should handle errors (3 ms)
    delete
      ÔêÜ should delete notification (1 ms)
      ÔêÜ should return 404 when delete returns false (1 ms)
      ÔêÜ should handle errors (7 ms)
    create
      ÔêÜ should validate required fields (1 ms)
      ÔêÜ should validate notification type (1 ms)
      ÔêÜ should create notification successfully (2 ms)
      ÔêÜ should map Recipient user not found to 404 (29 ms)
    sendBulk
      ÔêÜ should validate recipientIds (1 ms)
      ÔêÜ should validate required fields (1 ms)
      ÔêÜ should send bulk notifications (2 ms)
    sendToRole
      ÔêÜ should validate required fields (19 ms)
      ÔêÜ should send notifications to role (1 ms)
    sendToAll
      ÔêÜ should validate required fields (8 ms)
      ÔêÜ should send notifications to all users (2 ms)

PASS tests/unit/services/user.service.test.js
  UserService - Unit Tests
    deleteAccount
      ÔêÜ should throw error if user not found (87 ms)
      ÔêÜ should throw error for invalid password (4 ms)
      ÔêÜ should throw error if user is primary admin of organization (3 ms)
      ÔêÜ should throw error if user is managing active projects (10 ms)
      ÔêÜ should successfully delete account with all cleanup (4 ms)
      ÔêÜ should handle OAuth users without password verification (1 ms)
      ÔêÜ should anonymize historical data in case base (10 ms)
    getDeletionPrerequisites
      ÔêÜ should throw error if user not found (3 ms)
      ÔêÜ should return canDelete=false if user is primary admin (1 ms)
      ÔêÜ should return canDelete=false if user is managing active projects (2 ms)
      ÔêÜ should return canDelete=true with warnings for data (9 ms)
      ÔêÜ should set requiresPassword=false for OAuth users (1 ms)
      ÔêÜ should include organization membership warning (21 ms)
      ÔêÜ should return clean prerequisites when no blockers or warnings (1 ms)
    _validateCanDelete
      ÔêÜ should allow deletion when no blockers exist (8 ms)
    _deletePersonalData
      ÔêÜ should delete curricula, notifications and BFI44 data (1 ms)
    _cleanOrganizationReferences
      ÔêÜ should remove user from organization admin and employee lists (2 ms)
    _cleanProjectReferences
      ÔêÜ should remove user from project teams and mark deleted PM (1 ms)

  console.error
    Error confirmAccount: Error: Invalid token
        at Object.<anonymous> (C:\Users\Javier\Documents\GitHub\TFGRepos\Back\tfg-backend\tests\unit\controllers\auth.controller.test.js:194:52)
        at Promise.finally.completed (C:\Users\Javier\Documents\GitHub\TFGRepos\Back\tfg-backend\node_modules\jest-circus\build\jestAdapterInit.js:1557:28)
        at new Promise (<anonymous>)
        at callAsyncCircusFn (C:\Users\Javier\Documents\GitHub\TFGRepos\Back\tfg-backend\node_modules\jest-circus\build\jestAdapterInit.js:1497:10)
        at _callCircusTest (C:\Users\Javier\Documents\GitHub\TFGRepos\Back\tfg-backend\node_modules\jest-circus\build\jestAdapterInit.js:1007:40)
        at processTicksAndRejections (node:internal/process/task_queues:95:5)
        at _runTest (C:\Users\Javier\Documents\GitHub\TFGRepos\Back\tfg-backend\node_modules\jest-circus\build\jestAdapterInit.js:947:3)
        at C:\Users\Javier\Documents\GitHub\TFGRepos\Back\tfg-backend\node_modules\jest-circus\build\jestAdapterInit.js:849:7
        at _runTestsForDescribeBlock (C:\Users\Javier\Documents\GitHub\TFGRepos\Back\tfg-backend\node_modules\jest-circus\build\jestAdapterInit.js:862:11)
        at _runTestsForDescribeBlock (C:\Users\Javier\Documents\GitHub\TFGRepos\Back\tfg-backend\node_modules\jest-circus\build\jestAdapterInit.js:857:11)
        at _runTestsForDescribeBlock (C:\Users\Javier\Documents\GitHub\TFGRepos\Back\tfg-backend\node_modules\jest-circus\build\jestAdapterInit.js:857:11)
        at run (C:\Users\Javier\Documents\GitHub\TFGRepos\Back\tfg-backend\node_modules\jest-circus\build\jestAdapterInit.js:761:3)
        at runAndTransformResultsToJestFormat (C:\Users\Javier\Documents\GitHub\TFGRepos\Back\tfg-backend\node_modules\jest-circus\build\jestAdapterInit.js:1918:21)
        at jestAdapter (C:\Users\Javier\Documents\GitHub\TFGRepos\Back\tfg-backend\node_modules\jest-circus\build\runner.js:101:19)
        at runTestInternal (C:\Users\Javier\Documents\GitHub\TFGRepos\Back\tfg-backend\node_modules\jest-runner\build\testWorker.js:275:16)
        at runTest (C:\Users\Javier\Documents\GitHub\TFGRepos\Back\tfg-backend\node_modules\jest-runner\build\testWorker.js:343:7)
        at Object.worker (C:\Users\Javier\Documents\GitHub\TFGRepos\Back\tfg-backend\node_modules\jest-runner\build\testWorker.js:497:12)

    [0m [90m 36 |[39m     [36mreturn[39m[33m;[39m
     [90m 37 |[39m   }
    [31m[1m>[22m[39m[90m 38 |[39m   originalConsole[33m.[39merror([33m...[39margs)[33m;[39m
     [90m    |[39m                   [31m[1m^[22m[39m
     [90m 39 |[39m }[33m;[39m
     [90m 40 |[39m
     [90m 41 |[39m [90m// Timeout global para tests[39m[0m

      at console.error (tests/setup/test-setup.js:38:19)
      at Object.error [as confirmAccount] (src/controllers/auth.controller.js:54:13)
      at Object.<anonymous> (tests/unit/controllers/auth.controller.test.js:196:7)

PASS tests/unit/controllers/auth.controller.test.js
  Auth Controller - Unit Tests
    register
      ÔêÜ deber├¡a registrar un usuario exitosamente (9 ms)
      ÔêÜ deber├¡a manejar errores de validaci├│n
      ÔêÜ deber├¡a manejar errores del servicio (1 ms)
    login
      ÔêÜ deber├¡a hacer login exitosamente (2 ms)
      ÔêÜ deber├¡a manejar credenciales inv├ílidas (1 ms)
    confirmAccount
      ÔêÜ deber├¡a confirmar cuenta con token v├ílido (2 ms)
      ÔêÜ deber├¡a usar URL por defecto si FRONTEND_URL no est├í definida (1 ms)
      ÔêÜ deber├¡a manejar token faltante
      ÔêÜ deber├¡a redirigir a error si falla la confirmaci├│n (23 ms)
    sendConfirmation
      ÔêÜ deber├¡a reenviar email de confirmaci├│n (1 ms)
      ÔêÜ deber├¡a manejar errores al reenviar

PASS tests/unit/services/cvNotificationHelper.test.js
  CVNotificationHelper - Unit Tests
    ÔêÜ notifyCVProcessed should include actionUrl with cvId (489 ms)
    ÔêÜ notifyCVUploaded should not throw if notificationService fails (494 ms)

  console.error
    Error en getQuestions: Error: Service error
        at Object.<anonymous> (C:\Users\Javier\Documents\GitHub\TFGRepos\Back\tfg-backend\tests\unit\controllers\bfi44.controller.test.js:48:21)
        at Promise.finally.completed (C:\Users\Javier\Documents\GitHub\TFGRepos\Back\tfg-backend\node_modules\jest-circus\build\jestAdapterInit.js:1557:28)
        at new Promise (<anonymous>)
        at callAsyncCircusFn (C:\Users\Javier\Documents\GitHub\TFGRepos\Back\tfg-backend\node_modules\jest-circus\build\jestAdapterInit.js:1497:10)
        at _callCircusTest (C:\Users\Javier\Documents\GitHub\TFGRepos\Back\tfg-backend\node_modules\jest-circus\build\jestAdapterInit.js:1007:40)
        at processTicksAndRejections (node:internal/process/task_queues:95:5)
        at _runTest (C:\Users\Javier\Documents\GitHub\TFGRepos\Back\tfg-backend\node_modules\jest-circus\build\jestAdapterInit.js:947:3)
        at C:\Users\Javier\Documents\GitHub\TFGRepos\Back\tfg-backend\node_modules\jest-circus\build\jestAdapterInit.js:849:7
        at _runTestsForDescribeBlock (C:\Users\Javier\Documents\GitHub\TFGRepos\Back\tfg-backend\node_modules\jest-circus\build\jestAdapterInit.js:862:11)
        at _runTestsForDescribeBlock (C:\Users\Javier\Documents\GitHub\TFGRepos\Back\tfg-backend\node_modules\jest-circus\build\jestAdapterInit.js:857:11)
        at _runTestsForDescribeBlock (C:\Users\Javier\Documents\GitHub\TFGRepos\Back\tfg-backend\node_modules\jest-circus\build\jestAdapterInit.js:857:11)
        at run (C:\Users\Javier\Documents\GitHub\TFGRepos\Back\tfg-backend\node_modules\jest-circus\build\jestAdapterInit.js:761:3)
        at runAndTransformResultsToJestFormat (C:\Users\Javier\Documents\GitHub\TFGRepos\Back\tfg-backend\node_modules\jest-circus\build\jestAdapterInit.js:1918:21)
        at jestAdapter (C:\Users\Javier\Documents\GitHub\TFGRepos\Back\tfg-backend\node_modules\jest-circus\build\runner.js:101:19)
        at runTestInternal (C:\Users\Javier\Documents\GitHub\TFGRepos\Back\tfg-backend\node_modules\jest-runner\build\testWorker.js:275:16)
        at runTest (C:\Users\Javier\Documents\GitHub\TFGRepos\Back\tfg-backend\node_modules\jest-runner\build\testWorker.js:343:7)
        at Object.worker (C:\Users\Javier\Documents\GitHub\TFGRepos\Back\tfg-backend\node_modules\jest-runner\build\testWorker.js:497:12)

    [0m [90m 36 |[39m     [36mreturn[39m[33m;[39m
     [90m 37 |[39m   }
    [31m[1m>[22m[39m[90m 38 |[39m   originalConsole[33m.[39merror([33m...[39margs)[33m;[39m
     [90m    |[39m                   [31m[1m^[22m[39m
     [90m 39 |[39m }[33m;[39m
     [90m 40 |[39m
     [90m 41 |[39m [90m// Timeout global para tests[39m[0m

      at console.error (tests/setup/test-setup.js:38:19)
      at Function.error [as getQuestions] (src/controllers/bfi44.controller.js:24:15)
      at Object.getQuestions (tests/unit/controllers/bfi44.controller.test.js:53:23)

  console.error
    Error en submitResponses: Error: Invalid responses
        at Object.<anonymous> (C:\Users\Javier\Documents\GitHub\TFGRepos\Back\tfg-backend\tests\unit\controllers\bfi44.controller.test.js:94:21)
        at Promise.finally.completed (C:\Users\Javier\Documents\GitHub\TFGRepos\Back\tfg-backend\node_modules\jest-circus\build\jestAdapterInit.js:1557:28)
        at new Promise (<anonymous>)
        at callAsyncCircusFn (C:\Users\Javier\Documents\GitHub\TFGRepos\Back\tfg-backend\node_modules\jest-circus\build\jestAdapterInit.js:1497:10)
        at _callCircusTest (C:\Users\Javier\Documents\GitHub\TFGRepos\Back\tfg-backend\node_modules\jest-circus\build\jestAdapterInit.js:1007:40)
        at processTicksAndRejections (node:internal/process/task_queues:95:5)
        at _runTest (C:\Users\Javier\Documents\GitHub\TFGRepos\Back\tfg-backend\node_modules\jest-circus\build\jestAdapterInit.js:947:3)
        at C:\Users\Javier\Documents\GitHub\TFGRepos\Back\tfg-backend\node_modules\jest-circus\build\jestAdapterInit.js:849:7
        at _runTestsForDescribeBlock (C:\Users\Javier\Documents\GitHub\TFGRepos\Back\tfg-backend\node_modules\jest-circus\build\jestAdapterInit.js:862:11)
        at _runTestsForDescribeBlock (C:\Users\Javier\Documents\GitHub\TFGRepos\Back\tfg-backend\node_modules\jest-circus\build\jestAdapterInit.js:857:11)
        at _runTestsForDescribeBlock (C:\Users\Javier\Documents\GitHub\TFGRepos\Back\tfg-backend\node_modules\jest-circus\build\jestAdapterInit.js:857:11)
        at run (C:\Users\Javier\Documents\GitHub\TFGRepos\Back\tfg-backend\node_modules\jest-circus\build\jestAdapterInit.js:761:3)
        at runAndTransformResultsToJestFormat (C:\Users\Javier\Documents\GitHub\TFGRepos\Back\tfg-backend\node_modules\jest-circus\build\jestAdapterInit.js:1918:21)
        at jestAdapter (C:\Users\Javier\Documents\GitHub\TFGRepos\Back\tfg-backend\node_modules\jest-circus\build\runner.js:101:19)
        at runTestInternal (C:\Users\Javier\Documents\GitHub\TFGRepos\Back\tfg-backend\node_modules\jest-runner\build\testWorker.js:275:16)
        at runTest (C:\Users\Javier\Documents\GitHub\TFGRepos\Back\tfg-backend\node_modules\jest-runner\build\testWorker.js:343:7)
        at Object.worker (C:\Users\Javier\Documents\GitHub\TFGRepos\Back\tfg-backend\node_modules\jest-runner\build\testWorker.js:497:12)

    [0m [90m 36 |[39m     [36mreturn[39m[33m;[39m
     [90m 37 |[39m   }
    [31m[1m>[22m[39m[90m 38 |[39m   originalConsole[33m.[39merror([33m...[39margs)[33m;[39m
     [90m    |[39m                   [31m[1m^[22m[39m
     [90m 39 |[39m }[33m;[39m
     [90m 40 |[39m
     [90m 41 |[39m [90m// Timeout global para tests[39m[0m

      at console.error (tests/setup/test-setup.js:38:19)
      at Function.error [as submitResponses] (src/controllers/bfi44.controller.js:50:15)
      at Object.<anonymous> (tests/unit/controllers/bfi44.controller.test.js:97:7)

  console.error
    Error en getProfile: Error: Database error
        at Object.<anonymous> (C:\Users\Javier\Documents\GitHub\TFGRepos\Back\tfg-backend\tests\unit\controllers\bfi44.controller.test.js:180:21)
        at Promise.finally.completed (C:\Users\Javier\Documents\GitHub\TFGRepos\Back\tfg-backend\node_modules\jest-circus\build\jestAdapterInit.js:1557:28)
        at new Promise (<anonymous>)
        at callAsyncCircusFn (C:\Users\Javier\Documents\GitHub\TFGRepos\Back\tfg-backend\node_modules\jest-circus\build\jestAdapterInit.js:1497:10)
        at _callCircusTest (C:\Users\Javier\Documents\GitHub\TFGRepos\Back\tfg-backend\node_modules\jest-circus\build\jestAdapterInit.js:1007:40)
        at processTicksAndRejections (node:internal/process/task_queues:95:5)
        at _runTest (C:\Users\Javier\Documents\GitHub\TFGRepos\Back\tfg-backend\node_modules\jest-circus\build\jestAdapterInit.js:947:3)
        at C:\Users\Javier\Documents\GitHub\TFGRepos\Back\tfg-backend\node_modules\jest-circus\build\jestAdapterInit.js:849:7
        at _runTestsForDescribeBlock (C:\Users\Javier\Documents\GitHub\TFGRepos\Back\tfg-backend\node_modules\jest-circus\build\jestAdapterInit.js:862:11)
        at _runTestsForDescribeBlock (C:\Users\Javier\Documents\GitHub\TFGRepos\Back\tfg-backend\node_modules\jest-circus\build\jestAdapterInit.js:857:11)
        at _runTestsForDescribeBlock (C:\Users\Javier\Documents\GitHub\TFGRepos\Back\tfg-backend\node_modules\jest-circus\build\jestAdapterInit.js:857:11)
        at run (C:\Users\Javier\Documents\GitHub\TFGRepos\Back\tfg-backend\node_modules\jest-circus\build\jestAdapterInit.js:761:3)
        at runAndTransformResultsToJestFormat (C:\Users\Javier\Documents\GitHub\TFGRepos\Back\tfg-backend\node_modules\jest-circus\build\jestAdapterInit.js:1918:21)
        at jestAdapter (C:\Users\Javier\Documents\GitHub\TFGRepos\Back\tfg-backend\node_modules\jest-circus\build\runner.js:101:19)
        at runTestInternal (C:\Users\Javier\Documents\GitHub\TFGRepos\Back\tfg-backend\node_modules\jest-runner\build\testWorker.js:275:16)
        at runTest (C:\Users\Javier\Documents\GitHub\TFGRepos\Back\tfg-backend\node_modules\jest-runner\build\testWorker.js:343:7)
        at Object.worker (C:\Users\Javier\Documents\GitHub\TFGRepos\Back\tfg-backend\node_modules\jest-runner\build\testWorker.js:497:12)

    [0m [90m 36 |[39m     [36mreturn[39m[33m;[39m
     [90m 37 |[39m   }
    [31m[1m>[22m[39m[90m 38 |[39m   originalConsole[33m.[39merror([33m...[39margs)[33m;[39m
     [90m    |[39m                   [31m[1m^[22m[39m
     [90m 39 |[39m }[33m;[39m
     [90m 40 |[39m
     [90m 41 |[39m [90m// Timeout global para tests[39m[0m

      at console.error (tests/setup/test-setup.js:38:19)
      at Function.error [as getProfile] (src/controllers/bfi44.controller.js:88:15)
      at Object.<anonymous> (tests/unit/controllers/bfi44.controller.test.js:183:7)

  console.error
    Error en getMyProfile: Error: Service error
        at Object.<anonymous> (C:\Users\Javier\Documents\GitHub\TFGRepos\Back\tfg-backend\tests\unit\controllers\bfi44.controller.test.js:213:21)
        at Promise.finally.completed (C:\Users\Javier\Documents\GitHub\TFGRepos\Back\tfg-backend\node_modules\jest-circus\build\jestAdapterInit.js:1557:28)
        at new Promise (<anonymous>)
        at callAsyncCircusFn (C:\Users\Javier\Documents\GitHub\TFGRepos\Back\tfg-backend\node_modules\jest-circus\build\jestAdapterInit.js:1497:10)
        at _callCircusTest (C:\Users\Javier\Documents\GitHub\TFGRepos\Back\tfg-backend\node_modules\jest-circus\build\jestAdapterInit.js:1007:40)
        at processTicksAndRejections (node:internal/process/task_queues:95:5)
        at _runTest (C:\Users\Javier\Documents\GitHub\TFGRepos\Back\tfg-backend\node_modules\jest-circus\build\jestAdapterInit.js:947:3)
        at C:\Users\Javier\Documents\GitHub\TFGRepos\Back\tfg-backend\node_modules\jest-circus\build\jestAdapterInit.js:849:7
        at _runTestsForDescribeBlock (C:\Users\Javier\Documents\GitHub\TFGRepos\Back\tfg-backend\node_modules\jest-circus\build\jestAdapterInit.js:862:11)
        at _runTestsForDescribeBlock (C:\Users\Javier\Documents\GitHub\TFGRepos\Back\tfg-backend\node_modules\jest-circus\build\jestAdapterInit.js:857:11)
        at _runTestsForDescribeBlock (C:\Users\Javier\Documents\GitHub\TFGRepos\Back\tfg-backend\node_modules\jest-circus\build\jestAdapterInit.js:857:11)
        at run (C:\Users\Javier\Documents\GitHub\TFGRepos\Back\tfg-backend\node_modules\jest-circus\build\jestAdapterInit.js:761:3)
        at runAndTransformResultsToJestFormat (C:\Users\Javier\Documents\GitHub\TFGRepos\Back\tfg-backend\node_modules\jest-circus\build\jestAdapterInit.js:1918:21)
        at jestAdapter (C:\Users\Javier\Documents\GitHub\TFGRepos\Back\tfg-backend\node_modules\jest-circus\build\runner.js:101:19)
        at runTestInternal (C:\Users\Javier\Documents\GitHub\TFGRepos\Back\tfg-backend\node_modules\jest-runner\build\testWorker.js:275:16)
        at runTest (C:\Users\Javier\Documents\GitHub\TFGRepos\Back\tfg-backend\node_modules\jest-runner\build\testWorker.js:343:7)
        at Object.worker (C:\Users\Javier\Documents\GitHub\TFGRepos\Back\tfg-backend\node_modules\jest-runner\build\testWorker.js:497:12)

    [0m [90m 36 |[39m     [36mreturn[39m[33m;[39m
     [90m 37 |[39m   }
    [31m[1m>[22m[39m[90m 38 |[39m   originalConsole[33m.[39merror([33m...[39margs)[33m;[39m
     [90m    |[39m                   [31m[1m^[22m[39m
     [90m 39 |[39m }[33m;[39m
     [90m 40 |[39m
     [90m 41 |[39m [90m// Timeout global para tests[39m[0m

      at console.error (tests/setup/test-setup.js:38:19)
      at Function.error [as getMyProfile] (src/controllers/bfi44.controller.js:110:15)
      at Object.<anonymous> (tests/unit/controllers/bfi44.controller.test.js:216:7)

  console.error
    Error en recalculateProfile: Error: Service error
        at Object.<anonymous> (C:\Users\Javier\Documents\GitHub\TFGRepos\Back\tfg-backend\tests\unit\controllers\bfi44.controller.test.js:251:21)
        at Promise.finally.completed (C:\Users\Javier\Documents\GitHub\TFGRepos\Back\tfg-backend\node_modules\jest-circus\build\jestAdapterInit.js:1557:28)
        at new Promise (<anonymous>)
        at callAsyncCircusFn (C:\Users\Javier\Documents\GitHub\TFGRepos\Back\tfg-backend\node_modules\jest-circus\build\jestAdapterInit.js:1497:10)
        at _callCircusTest (C:\Users\Javier\Documents\GitHub\TFGRepos\Back\tfg-backend\node_modules\jest-circus\build\jestAdapterInit.js:1007:40)
        at processTicksAndRejections (node:internal/process/task_queues:95:5)
        at _runTest (C:\Users\Javier\Documents\GitHub\TFGRepos\Back\tfg-backend\node_modules\jest-circus\build\jestAdapterInit.js:947:3)
        at C:\Users\Javier\Documents\GitHub\TFGRepos\Back\tfg-backend\node_modules\jest-circus\build\jestAdapterInit.js:849:7
        at _runTestsForDescribeBlock (C:\Users\Javier\Documents\GitHub\TFGRepos\Back\tfg-backend\node_modules\jest-circus\build\jestAdapterInit.js:862:11)
        at _runTestsForDescribeBlock (C:\Users\Javier\Documents\GitHub\TFGRepos\Back\tfg-backend\node_modules\jest-circus\build\jestAdapterInit.js:857:11)
        at _runTestsForDescribeBlock (C:\Users\Javier\Documents\GitHub\TFGRepos\Back\tfg-backend\node_modules\jest-circus\build\jestAdapterInit.js:857:11)
        at run (C:\Users\Javier\Documents\GitHub\TFGRepos\Back\tfg-backend\node_modules\jest-circus\build\jestAdapterInit.js:761:3)
        at runAndTransformResultsToJestFormat (C:\Users\Javier\Documents\GitHub\TFGRepos\Back\tfg-backend\node_modules\jest-circus\build\jestAdapterInit.js:1918:21)
        at jestAdapter (C:\Users\Javier\Documents\GitHub\TFGRepos\Back\tfg-backend\node_modules\jest-circus\build\runner.js:101:19)
        at runTestInternal (C:\Users\Javier\Documents\GitHub\TFGRepos\Back\tfg-backend\node_modules\jest-runner\build\testWorker.js:275:16)
        at runTest (C:\Users\Javier\Documents\GitHub\TFGRepos\Back\tfg-backend\node_modules\jest-runner\build\testWorker.js:343:7)
        at Object.worker (C:\Users\Javier\Documents\GitHub\TFGRepos\Back\tfg-backend\node_modules\jest-runner\build\testWorker.js:497:12)

    [0m [90m 36 |[39m     [36mreturn[39m[33m;[39m
     [90m 37 |[39m   }
    [31m[1m>[22m[39m[90m 38 |[39m   originalConsole[33m.[39merror([33m...[39margs)[33m;[39m
     [90m    |[39m                   [31m[1m^[22m[39m
     [90m 39 |[39m }[33m;[39m
     [90m 40 |[39m
     [90m 41 |[39m [90m// Timeout global para tests[39m[0m

      at console.error (tests/setup/test-setup.js:38:19)
      at Function.error [as recalculateProfile] (src/controllers/bfi44.controller.js:135:15)
      at Object.<anonymous> (tests/unit/controllers/bfi44.controller.test.js:254:7)

  console.error
    Error en hasProfile: Error: Service error
        at Object.<anonymous> (C:\Users\Javier\Documents\GitHub\TFGRepos\Back\tfg-backend\tests\unit\controllers\bfi44.controller.test.js:280:21)
        at Promise.finally.completed (C:\Users\Javier\Documents\GitHub\TFGRepos\Back\tfg-backend\node_modules\jest-circus\build\jestAdapterInit.js:1557:28)
        at new Promise (<anonymous>)
        at callAsyncCircusFn (C:\Users\Javier\Documents\GitHub\TFGRepos\Back\tfg-backend\node_modules\jest-circus\build\jestAdapterInit.js:1497:10)
        at _callCircusTest (C:\Users\Javier\Documents\GitHub\TFGRepos\Back\tfg-backend\node_modules\jest-circus\build\jestAdapterInit.js:1007:40)
        at processTicksAndRejections (node:internal/process/task_queues:95:5)
        at _runTest (C:\Users\Javier\Documents\GitHub\TFGRepos\Back\tfg-backend\node_modules\jest-circus\build\jestAdapterInit.js:947:3)
        at C:\Users\Javier\Documents\GitHub\TFGRepos\Back\tfg-backend\node_modules\jest-circus\build\jestAdapterInit.js:849:7
        at _runTestsForDescribeBlock (C:\Users\Javier\Documents\GitHub\TFGRepos\Back\tfg-backend\node_modules\jest-circus\build\jestAdapterInit.js:862:11)
        at _runTestsForDescribeBlock (C:\Users\Javier\Documents\GitHub\TFGRepos\Back\tfg-backend\node_modules\jest-circus\build\jestAdapterInit.js:857:11)
        at _runTestsForDescribeBlock (C:\Users\Javier\Documents\GitHub\TFGRepos\Back\tfg-backend\node_modules\jest-circus\build\jestAdapterInit.js:857:11)
        at run (C:\Users\Javier\Documents\GitHub\TFGRepos\Back\tfg-backend\node_modules\jest-circus\build\jestAdapterInit.js:761:3)
        at runAndTransformResultsToJestFormat (C:\Users\Javier\Documents\GitHub\TFGRepos\Back\tfg-backend\node_modules\jest-circus\build\jestAdapterInit.js:1918:21)
        at jestAdapter (C:\Users\Javier\Documents\GitHub\TFGRepos\Back\tfg-backend\node_modules\jest-circus\build\runner.js:101:19)
        at runTestInternal (C:\Users\Javier\Documents\GitHub\TFGRepos\Back\tfg-backend\node_modules\jest-runner\build\testWorker.js:275:16)
        at runTest (C:\Users\Javier\Documents\GitHub\TFGRepos\Back\tfg-backend\node_modules\jest-runner\build\testWorker.js:343:7)
        at Object.worker (C:\Users\Javier\Documents\GitHub\TFGRepos\Back\tfg-backend\node_modules\jest-runner\build\testWorker.js:497:12)

    [0m [90m 36 |[39m     [36mreturn[39m[33m;[39m
     [90m 37 |[39m   }
    [31m[1m>[22m[39m[90m 38 |[39m   originalConsole[33m.[39merror([33m...[39margs)[33m;[39m
     [90m    |[39m                   [31m[1m^[22m[39m
     [90m 39 |[39m }[33m;[39m
     [90m 40 |[39m
     [90m 41 |[39m [90m// Timeout global para tests[39m[0m

      at console.error (tests/setup/test-setup.js:38:19)
      at Function.error [as hasProfile] (src/controllers/bfi44.controller.js:153:15)
      at Object.<anonymous> (tests/unit/controllers/bfi44.controller.test.js:283:7)

  console.error
    Error en notifyPendingEmployees: Error: Service error
        at Object.<anonymous> (C:\Users\Javier\Documents\GitHub\TFGRepos\Back\tfg-backend\tests\unit\controllers\bfi44.controller.test.js:347:21)
        at Promise.finally.completed (C:\Users\Javier\Documents\GitHub\TFGRepos\Back\tfg-backend\node_modules\jest-circus\build\jestAdapterInit.js:1557:28)
        at new Promise (<anonymous>)
        at callAsyncCircusFn (C:\Users\Javier\Documents\GitHub\TFGRepos\Back\tfg-backend\node_modules\jest-circus\build\jestAdapterInit.js:1497:10)
        at _callCircusTest (C:\Users\Javier\Documents\GitHub\TFGRepos\Back\tfg-backend\node_modules\jest-circus\build\jestAdapterInit.js:1007:40)
        at processTicksAndRejections (node:internal/process/task_queues:95:5)
        at _runTest (C:\Users\Javier\Documents\GitHub\TFGRepos\Back\tfg-backend\node_modules\jest-circus\build\jestAdapterInit.js:947:3)
        at C:\Users\Javier\Documents\GitHub\TFGRepos\Back\tfg-backend\node_modules\jest-circus\build\jestAdapterInit.js:849:7
        at _runTestsForDescribeBlock (C:\Users\Javier\Documents\GitHub\TFGRepos\Back\tfg-backend\node_modules\jest-circus\build\jestAdapterInit.js:862:11)
        at _runTestsForDescribeBlock (C:\Users\Javier\Documents\GitHub\TFGRepos\Back\tfg-backend\node_modules\jest-circus\build\jestAdapterInit.js:857:11)
        at _runTestsForDescribeBlock (C:\Users\Javier\Documents\GitHub\TFGRepos\Back\tfg-backend\node_modules\jest-circus\build\jestAdapterInit.js:857:11)
        at run (C:\Users\Javier\Documents\GitHub\TFGRepos\Back\tfg-backend\node_modules\jest-circus\build\jestAdapterInit.js:761:3)
        at runAndTransformResultsToJestFormat (C:\Users\Javier\Documents\GitHub\TFGRepos\Back\tfg-backend\node_modules\jest-circus\build\jestAdapterInit.js:1918:21)
        at jestAdapter (C:\Users\Javier\Documents\GitHub\TFGRepos\Back\tfg-backend\node_modules\jest-circus\build\runner.js:101:19)
        at runTestInternal (C:\Users\Javier\Documents\GitHub\TFGRepos\Back\tfg-backend\node_modules\jest-runner\build\testWorker.js:275:16)
        at runTest (C:\Users\Javier\Documents\GitHub\TFGRepos\Back\tfg-backend\node_modules\jest-runner\build\testWorker.js:343:7)
        at Object.worker (C:\Users\Javier\Documents\GitHub\TFGRepos\Back\tfg-backend\node_modules\jest-runner\build\testWorker.js:497:12)

    [0m [90m 36 |[39m     [36mreturn[39m[33m;[39m
     [90m 37 |[39m   }
    [31m[1m>[22m[39m[90m 38 |[39m   originalConsole[33m.[39merror([33m...[39margs)[33m;[39m
     [90m    |[39m                   [31m[1m^[22m[39m
     [90m 39 |[39m }[33m;[39m
     [90m 40 |[39m
     [90m 41 |[39m [90m// Timeout global para tests[39m[0m

      at console.error (tests/setup/test-setup.js:38:19)
      at Function.error [as notifyPendingEmployees] (src/controllers/bfi44.controller.js:183:15)
      at Object.<anonymous> (tests/unit/controllers/bfi44.controller.test.js:350:7)

  console.error
    Error en getConsentStatus: Error: Database error
        at Object.<anonymous> (C:\Users\Javier\Documents\GitHub\TFGRepos\Back\tfg-backend\tests\unit\controllers\bfi44.controller.test.js:474:21)
        at Promise.finally.completed (C:\Users\Javier\Documents\GitHub\TFGRepos\Back\tfg-backend\node_modules\jest-circus\build\jestAdapterInit.js:1557:28)
        at new Promise (<anonymous>)
        at callAsyncCircusFn (C:\Users\Javier\Documents\GitHub\TFGRepos\Back\tfg-backend\node_modules\jest-circus\build\jestAdapterInit.js:1497:10)
        at _callCircusTest (C:\Users\Javier\Documents\GitHub\TFGRepos\Back\tfg-backend\node_modules\jest-circus\build\jestAdapterInit.js:1007:40)
        at processTicksAndRejections (node:internal/process/task_queues:95:5)
        at _runTest (C:\Users\Javier\Documents\GitHub\TFGRepos\Back\tfg-backend\node_modules\jest-circus\build\jestAdapterInit.js:947:3)
        at C:\Users\Javier\Documents\GitHub\TFGRepos\Back\tfg-backend\node_modules\jest-circus\build\jestAdapterInit.js:849:7
        at _runTestsForDescribeBlock (C:\Users\Javier\Documents\GitHub\TFGRepos\Back\tfg-backend\node_modules\jest-circus\build\jestAdapterInit.js:862:11)
        at _runTestsForDescribeBlock (C:\Users\Javier\Documents\GitHub\TFGRepos\Back\tfg-backend\node_modules\jest-circus\build\jestAdapterInit.js:857:11)
        at _runTestsForDescribeBlock (C:\Users\Javier\Documents\GitHub\TFGRepos\Back\tfg-backend\node_modules\jest-circus\build\jestAdapterInit.js:857:11)
        at run (C:\Users\Javier\Documents\GitHub\TFGRepos\Back\tfg-backend\node_modules\jest-circus\build\jestAdapterInit.js:761:3)
        at runAndTransformResultsToJestFormat (C:\Users\Javier\Documents\GitHub\TFGRepos\Back\tfg-backend\node_modules\jest-circus\build\jestAdapterInit.js:1918:21)
        at jestAdapter (C:\Users\Javier\Documents\GitHub\TFGRepos\Back\tfg-backend\node_modules\jest-circus\build\runner.js:101:19)
        at runTestInternal (C:\Users\Javier\Documents\GitHub\TFGRepos\Back\tfg-backend\node_modules\jest-runner\build\testWorker.js:275:16)
        at runTest (C:\Users\Javier\Documents\GitHub\TFGRepos\Back\tfg-backend\node_modules\jest-runner\build\testWorker.js:343:7)
        at Object.worker (C:\Users\Javier\Documents\GitHub\TFGRepos\Back\tfg-backend\node_modules\jest-runner\build\testWorker.js:497:12)

    [0m [90m 36 |[39m     [36mreturn[39m[33m;[39m
     [90m 37 |[39m   }
    [31m[1m>[22m[39m[90m 38 |[39m   originalConsole[33m.[39merror([33m...[39margs)[33m;[39m
     [90m    |[39m                   [31m[1m^[22m[39m
     [90m 39 |[39m }[33m;[39m
     [90m 40 |[39m
     [90m 41 |[39m [90m// Timeout global para tests[39m[0m

      at console.error (tests/setup/test-setup.js:38:19)
      at Function.error [as getConsentStatus] (src/controllers/bfi44.controller.js:274:15)
      at Object.<anonymous> (tests/unit/controllers/bfi44.controller.test.js:479:7)

  console.error
    Error en getOrganizationStats: Error: Service error
        at Object.<anonymous> (C:\Users\Javier\Documents\GitHub\TFGRepos\Back\tfg-backend\tests\unit\controllers\bfi44.controller.test.js:527:21)
        at Promise.finally.completed (C:\Users\Javier\Documents\GitHub\TFGRepos\Back\tfg-backend\node_modules\jest-circus\build\jestAdapterInit.js:1557:28)
        at new Promise (<anonymous>)
        at callAsyncCircusFn (C:\Users\Javier\Documents\GitHub\TFGRepos\Back\tfg-backend\node_modules\jest-circus\build\jestAdapterInit.js:1497:10)
        at _callCircusTest (C:\Users\Javier\Documents\GitHub\TFGRepos\Back\tfg-backend\node_modules\jest-circus\build\jestAdapterInit.js:1007:40)
        at processTicksAndRejections (node:internal/process/task_queues:95:5)
        at _runTest (C:\Users\Javier\Documents\GitHub\TFGRepos\Back\tfg-backend\node_modules\jest-circus\build\jestAdapterInit.js:947:3)
        at C:\Users\Javier\Documents\GitHub\TFGRepos\Back\tfg-backend\node_modules\jest-circus\build\jestAdapterInit.js:849:7
        at _runTestsForDescribeBlock (C:\Users\Javier\Documents\GitHub\TFGRepos\Back\tfg-backend\node_modules\jest-circus\build\jestAdapterInit.js:862:11)
        at _runTestsForDescribeBlock (C:\Users\Javier\Documents\GitHub\TFGRepos\Back\tfg-backend\node_modules\jest-circus\build\jestAdapterInit.js:857:11)
        at _runTestsForDescribeBlock (C:\Users\Javier\Documents\GitHub\TFGRepos\Back\tfg-backend\node_modules\jest-circus\build\jestAdapterInit.js:857:11)
        at run (C:\Users\Javier\Documents\GitHub\TFGRepos\Back\tfg-backend\node_modules\jest-circus\build\jestAdapterInit.js:761:3)
        at runAndTransformResultsToJestFormat (C:\Users\Javier\Documents\GitHub\TFGRepos\Back\tfg-backend\node_modules\jest-circus\build\jestAdapterInit.js:1918:21)
        at jestAdapter (C:\Users\Javier\Documents\GitHub\TFGRepos\Back\tfg-backend\node_modules\jest-circus\build\runner.js:101:19)
        at runTestInternal (C:\Users\Javier\Documents\GitHub\TFGRepos\Back\tfg-backend\node_modules\jest-runner\build\testWorker.js:275:16)
        at runTest (C:\Users\Javier\Documents\GitHub\TFGRepos\Back\tfg-backend\node_modules\jest-runner\build\testWorker.js:343:7)
        at Object.worker (C:\Users\Javier\Documents\GitHub\TFGRepos\Back\tfg-backend\node_modules\jest-runner\build\testWorker.js:497:12)

    [0m [90m 36 |[39m     [36mreturn[39m[33m;[39m
     [90m 37 |[39m   }
    [31m[1m>[22m[39m[90m 38 |[39m   originalConsole[33m.[39merror([33m...[39margs)[33m;[39m
     [90m    |[39m                   [31m[1m^[22m[39m
     [90m 39 |[39m }[33m;[39m
     [90m 40 |[39m
     [90m 41 |[39m [90m// Timeout global para tests[39m[0m

      at console.error (tests/setup/test-setup.js:38:19)
      at Function.error [as getOrganizationStats] (src/controllers/bfi44.controller.js:298:15)
      at Object.<anonymous> (tests/unit/controllers/bfi44.controller.test.js:530:7)

PASS tests/unit/controllers/bfi44.controller.test.js
  BFI44 Controller - Unit Tests
    getQuestions
      ÔêÜ should return questionnaire successfully (9 ms)
      ÔêÜ should handle errors (64 ms)
    submitResponses
      ÔêÜ should submit responses successfully (1 ms)
      ÔêÜ should return error when responses are missing (1 ms)
      ÔêÜ should handle service errors (3 ms)
    getProfile
      ÔêÜ should return own profile successfully (1 ms)
      ÔêÜ should return profile for org_admin (1 ms)
      ÔêÜ should deny access for unauthorized user (5 ms)
      ÔêÜ should allow organization admin to view employee profile (1 ms)
      ÔêÜ should return 404 when profile not found (1 ms)
      ÔêÜ should handle errors (6 ms)
    getMyProfile
      ÔêÜ should return user profile successfully (1 ms)
      ÔêÜ should return 404 when profile not found (1 ms)
      ÔêÜ should handle errors (8 ms)
    recalculateProfile
      ÔêÜ should recalculate profile successfully as org_admin (2 ms)
      ÔêÜ should deny access for non-admin (1 ms)
      ÔêÜ should handle errors (2 ms)
    hasProfile
      ÔêÜ should return true when user has profile
      ÔêÜ should return false when user has no profile
      ÔêÜ should handle errors (25 ms)
    notifyPendingEmployees
      ÔêÜ should notify pending employees successfully
      ÔêÜ should notify pending employees as project manager (1 ms)
      ÔêÜ should deny access for non-admin
      ÔêÜ should return error when user has no organization (6 ms)
      ÔêÜ should handle errors (7 ms)
    getEmployeesWithoutTest
      ÔêÜ should return employees without test as org_admin (5 ms)
      ÔêÜ should return employees without test as project manager (1 ms)
      ÔêÜ should deny access for regular employee (1 ms)
      ÔêÜ should return error when user has no organization
    getConsentStatus
      ÔêÜ should return consent status when user has consent (1 ms)
      ÔêÜ should return false when user has no consent (1 ms)
      ÔêÜ should return 404 when user not found (1 ms)
      ÔêÜ should handle errors (3 ms)
    getOrganizationStats
      ÔêÜ should return organization stats (1 ms)
      ÔêÜ should deny access for non-admin
      ÔêÜ should return error when user has no organization
      ÔêÜ should handle errors (3 ms)

PASS tests/unit/services/riskPrediction.service.test.js
  riskPrediction.service - Unit Tests
    ÔêÜ combineRisks separates DT and CBR risks with detection summary (5 ms)

PASS tests/unit/services/notification.service.test.js
  notification.service - Unit Tests
    ÔêÜ create should throw AppError when recipient does not exist (567 ms)
    ÔêÜ create should save and send through channels (984 ms)
    ÔêÜ getUnreadCount should call Notification.countDocuments with unread filters (864 ms)

PASS tests/unit/services/teamSynergy.service.test.js
  teamSynergy.service - Unit Tests
    ÔêÜ _calculateComplementarity returns a score for 2+ profiles (16 ms)
    ÔêÜ _calculateRoleDiversity returns assignments and distribution (3 ms)

PASS tests/unit/services/teamAnalysis.service.test.js
  teamAnalysis.service - Unit Tests
    ÔêÜ extractTeamSkills aggregates and categorizes skills (18 ms)
    ÔêÜ analyzeTeamPersonality marks unavailable when no results (1 ms)

PASS tests/unit/services/aiExtractor.service.test.js
  aiExtractor.service - Unit Tests
    ÔêÜ _getApiEndpoint should include the current model (698 ms)
    ÔêÜ _canUseCurrentModel should return false when model is in cooldown (1115 ms)
    ÔêÜ _switchToNextModel should set cooldown for previous model and advance index (714 ms)

PASS tests/unit/services/cbr.service.test.js
  cbr.service - Unit Tests
    ÔêÜ calculateSimilarity returns 0 when features2 is missing (3 ms)
    ÔêÜ calculateSimilarity returns a value clamped to [0, 1] (5 ms)
    ÔêÜ extractProjectFeatures should include language coverage from teamAnalysis (3 ms)

PASS tests/unit/services/organizationNotificationHelper.test.js
  OrganizationNotificationHelper - Unit Tests
    ÔêÜ notifyCVSubmitted should do nothing when notifyOnCVSubmission is disabled (537 ms)
    ÔêÜ notifyCVSubmitted should create notifications for all admins when enabled (692 ms)
    ÔêÜ notifyEmployeeAdded should set pending title when status is pending (750 ms)

PASS tests/unit/services/authNotificationHelper.test.js
  AuthNotificationHelper - Unit Tests
    ÔêÜ notifyAccountCreated should create an IN_APP notification (880 ms)
    ÔêÜ notifyAccountConfirmed should not throw if notificationService fails (766 ms)
    ÔêÜ _extractId should handle string and object with _id (496 ms)

  console.error
    Error adding manual risk: Error: Project not found
        at Object.addManualRisk (C:\Users\Javier\Documents\GitHub\TFGRepos\Back\tfg-backend\src\services\manualRisk.service.js:30:13)
        at processTicksAndRejections (node:internal/process/task_queues:95:5)
        at Object.<anonymous> (C:\Users\Javier\Documents\GitHub\TFGRepos\Back\tfg-backend\tests\unit\services\manualRisk.service.test.js:21:7)

    [0m [90m 36 |[39m     [36mreturn[39m[33m;[39m
     [90m 37 |[39m   }
    [31m[1m>[22m[39m[90m 38 |[39m   originalConsole[33m.[39merror([33m...[39margs)[33m;[39m
     [90m    |[39m                   [31m[1m^[22m[39m
     [90m 39 |[39m }[33m;[39m
     [90m 40 |[39m
     [90m 41 |[39m [90m// Timeout global para tests[39m[0m

      at console.error (tests/setup/test-setup.js:38:19)
      at Object.error [as addManualRisk] (src/services/manualRisk.service.js:82:13)
      at Object.<anonymous> (tests/unit/services/manualRisk.service.test.js:21:7)

  console.error
    Error adding manual risk: Error: Not authorized: only project manager can add risks
        at Object.addManualRisk (C:\Users\Javier\Documents\GitHub\TFGRepos\Back\tfg-backend\src\services\manualRisk.service.js:38:13)
        at processTicksAndRejections (node:internal/process/task_queues:95:5)
        at Object.<anonymous> (C:\Users\Javier\Documents\GitHub\TFGRepos\Back\tfg-backend\tests\unit\services\manualRisk.service.test.js:39:7)

    [0m [90m 36 |[39m     [36mreturn[39m[33m;[39m
     [90m 37 |[39m   }
    [31m[1m>[22m[39m[90m 38 |[39m   originalConsole[33m.[39merror([33m...[39margs)[33m;[39m
     [90m    |[39m                   [31m[1m^[22m[39m
     [90m 39 |[39m }[33m;[39m
     [90m 40 |[39m
     [90m 41 |[39m [90m// Timeout global para tests[39m[0m

      at console.error (tests/setup/test-setup.js:38:19)
      at Object.error [as addManualRisk] (src/services/manualRisk.service.js:82:13)
      at Object.<anonymous> (tests/unit/services/manualRisk.service.test.js:39:7)

  console.error
    Error adding manual risk: Error: Missing required fields: type, title, description
        at Object.addManualRisk (C:\Users\Javier\Documents\GitHub\TFGRepos\Back\tfg-backend\src\services\manualRisk.service.js:43:13)
        at processTicksAndRejections (node:internal/process/task_queues:95:5)
        at Object.<anonymous> (C:\Users\Javier\Documents\GitHub\TFGRepos\Back\tfg-backend\tests\unit\services\manualRisk.service.test.js:57:7)

    [0m [90m 36 |[39m     [36mreturn[39m[33m;[39m
     [90m 37 |[39m   }
    [31m[1m>[22m[39m[90m 38 |[39m   originalConsole[33m.[39merror([33m...[39margs)[33m;[39m
     [90m    |[39m                   [31m[1m^[22m[39m
     [90m 39 |[39m }[33m;[39m
     [90m 40 |[39m
     [90m 41 |[39m [90m// Timeout global para tests[39m[0m

      at console.error (tests/setup/test-setup.js:38:19)
      at Object.error [as addManualRisk] (src/services/manualRisk.service.js:82:13)
      at Object.<anonymous> (tests/unit/services/manualRisk.service.test.js:57:7)

  console.error
    Error adding manual risk: Error: Similarity must be between 0 and 1
        at Object.addManualRisk (C:\Users\Javier\Documents\GitHub\TFGRepos\Back\tfg-backend\src\services\manualRisk.service.js:48:15)
        at processTicksAndRejections (node:internal/process/task_queues:95:5)
        at Object.<anonymous> (C:\Users\Javier\Documents\GitHub\TFGRepos\Back\tfg-backend\tests\unit\services\manualRisk.service.test.js:82:7)

    [0m [90m 36 |[39m     [36mreturn[39m[33m;[39m
     [90m 37 |[39m   }
    [31m[1m>[22m[39m[90m 38 |[39m   originalConsole[33m.[39merror([33m...[39margs)[33m;[39m
     [90m    |[39m                   [31m[1m^[22m[39m
     [90m 39 |[39m }[33m;[39m
     [90m 40 |[39m
     [90m 41 |[39m [90m// Timeout global para tests[39m[0m

      at console.error (tests/setup/test-setup.js:38:19)
      at Object.error [as addManualRisk] (src/services/manualRisk.service.js:82:13)
      at Object.<anonymous> (tests/unit/services/manualRisk.service.test.js:82:7)

  console.error
    Error updating manual risk: Error: Project not found
        at Object.updateRisk (C:\Users\Javier\Documents\GitHub\TFGRepos\Back\tfg-backend\src\services\manualRisk.service.js:105:13)
        at processTicksAndRejections (node:internal/process/task_queues:95:5)
        at Object.<anonymous> (C:\Users\Javier\Documents\GitHub\TFGRepos\Back\tfg-backend\tests\unit\services\manualRisk.service.test.js:165:7)

    [0m [90m 36 |[39m     [36mreturn[39m[33m;[39m
     [90m 37 |[39m   }
    [31m[1m>[22m[39m[90m 38 |[39m   originalConsole[33m.[39merror([33m...[39margs)[33m;[39m
     [90m    |[39m                   [31m[1m^[22m[39m
     [90m 39 |[39m }[33m;[39m
     [90m 40 |[39m
     [90m 41 |[39m [90m// Timeout global para tests[39m[0m

      at console.error (tests/setup/test-setup.js:38:19)
      at Object.error [as updateRisk] (src/services/manualRisk.service.js:160:13)
      at Object.<anonymous> (tests/unit/services/manualRisk.service.test.js:165:7)

  console.error
    Error updating manual risk: Error: Not authorized: only project manager can update risks
        at Object.updateRisk (C:\Users\Javier\Documents\GitHub\TFGRepos\Back\tfg-backend\src\services\manualRisk.service.js:113:13)
        at processTicksAndRejections (node:internal/process/task_queues:95:5)
        at Object.<anonymous> (C:\Users\Javier\Documents\GitHub\TFGRepos\Back\tfg-backend\tests\unit\services\manualRisk.service.test.js:180:7)

    [0m [90m 36 |[39m     [36mreturn[39m[33m;[39m
     [90m 37 |[39m   }
    [31m[1m>[22m[39m[90m 38 |[39m   originalConsole[33m.[39merror([33m...[39margs)[33m;[39m
     [90m    |[39m                   [31m[1m^[22m[39m
     [90m 39 |[39m }[33m;[39m
     [90m 40 |[39m
     [90m 41 |[39m [90m// Timeout global para tests[39m[0m

      at console.error (tests/setup/test-setup.js:38:19)
      at Object.error [as updateRisk] (src/services/manualRisk.service.js:160:13)
      at Object.<anonymous> (tests/unit/services/manualRisk.service.test.js:180:7)

  console.error
    Error updating manual risk: Error: Risk not found
        at Object.updateRisk (C:\Users\Javier\Documents\GitHub\TFGRepos\Back\tfg-backend\src\services\manualRisk.service.js:119:13)
        at processTicksAndRejections (node:internal/process/task_queues:95:5)
        at Object.<anonymous> (C:\Users\Javier\Documents\GitHub\TFGRepos\Back\tfg-backend\tests\unit\services\manualRisk.service.test.js:197:7)

    [0m [90m 36 |[39m     [36mreturn[39m[33m;[39m
     [90m 37 |[39m   }
    [31m[1m>[22m[39m[90m 38 |[39m   originalConsole[33m.[39merror([33m...[39margs)[33m;[39m
     [90m    |[39m                   [31m[1m^[22m[39m
     [90m 39 |[39m }[33m;[39m
     [90m 40 |[39m
     [90m 41 |[39m [90m// Timeout global para tests[39m[0m

      at console.error (tests/setup/test-setup.js:38:19)
      at Object.error [as updateRisk] (src/services/manualRisk.service.js:160:13)
      at Object.<anonymous> (tests/unit/services/manualRisk.service.test.js:197:7)

  console.error
    Error updating manual risk: Error: Risk does not belong to this project
        at Object.updateRisk (C:\Users\Javier\Documents\GitHub\TFGRepos\Back\tfg-backend\src\services\manualRisk.service.js:123:13)
        at processTicksAndRejections (node:internal/process/task_queues:95:5)
        at Object.<anonymous> (C:\Users\Javier\Documents\GitHub\TFGRepos\Back\tfg-backend\tests\unit\services\manualRisk.service.test.js:219:7)

    [0m [90m 36 |[39m     [36mreturn[39m[33m;[39m
     [90m 37 |[39m   }
    [31m[1m>[22m[39m[90m 38 |[39m   originalConsole[33m.[39merror([33m...[39margs)[33m;[39m
     [90m    |[39m                   [31m[1m^[22m[39m
     [90m 39 |[39m }[33m;[39m
     [90m 40 |[39m
     [90m 41 |[39m [90m// Timeout global para tests[39m[0m

      at console.error (tests/setup/test-setup.js:38:19)
      at Object.error [as updateRisk] (src/services/manualRisk.service.js:160:13)
      at Object.<anonymous> (tests/unit/services/manualRisk.service.test.js:219:7)

  console.error
    Error getting manual risks: Error: Database error
        at Object.<anonymous> (C:\Users\Javier\Documents\GitHub\TFGRepos\Back\tfg-backend\tests\unit\services\manualRisk.service.test.js:346:43)
        at Promise.finally.completed (C:\Users\Javier\Documents\GitHub\TFGRepos\Back\tfg-backend\node_modules\jest-circus\build\jestAdapterInit.js:1557:28)
        at new Promise (<anonymous>)
        at callAsyncCircusFn (C:\Users\Javier\Documents\GitHub\TFGRepos\Back\tfg-backend\node_modules\jest-circus\build\jestAdapterInit.js:1497:10)
        at _callCircusTest (C:\Users\Javier\Documents\GitHub\TFGRepos\Back\tfg-backend\node_modules\jest-circus\build\jestAdapterInit.js:1007:40)
        at processTicksAndRejections (node:internal/process/task_queues:95:5)
        at _runTest (C:\Users\Javier\Documents\GitHub\TFGRepos\Back\tfg-backend\node_modules\jest-circus\build\jestAdapterInit.js:947:3)
        at C:\Users\Javier\Documents\GitHub\TFGRepos\Back\tfg-backend\node_modules\jest-circus\build\jestAdapterInit.js:849:7
        at _runTestsForDescribeBlock (C:\Users\Javier\Documents\GitHub\TFGRepos\Back\tfg-backend\node_modules\jest-circus\build\jestAdapterInit.js:862:11)
        at _runTestsForDescribeBlock (C:\Users\Javier\Documents\GitHub\TFGRepos\Back\tfg-backend\node_modules\jest-circus\build\jestAdapterInit.js:857:11)
        at _runTestsForDescribeBlock (C:\Users\Javier\Documents\GitHub\TFGRepos\Back\tfg-backend\node_modules\jest-circus\build\jestAdapterInit.js:857:11)
        at run (C:\Users\Javier\Documents\GitHub\TFGRepos\Back\tfg-backend\node_modules\jest-circus\build\jestAdapterInit.js:761:3)
        at runAndTransformResultsToJestFormat (C:\Users\Javier\Documents\GitHub\TFGRepos\Back\tfg-backend\node_modules\jest-circus\build\jestAdapterInit.js:1918:21)
        at jestAdapter (C:\Users\Javier\Documents\GitHub\TFGRepos\Back\tfg-backend\node_modules\jest-circus\build\runner.js:101:19)
        at runTestInternal (C:\Users\Javier\Documents\GitHub\TFGRepos\Back\tfg-backend\node_modules\jest-runner\build\testWorker.js:275:16)
        at runTest (C:\Users\Javier\Documents\GitHub\TFGRepos\Back\tfg-backend\node_modules\jest-runner\build\testWorker.js:343:7)
        at Object.worker (C:\Users\Javier\Documents\GitHub\TFGRepos\Back\tfg-backend\node_modules\jest-runner\build\testWorker.js:497:12)

    [0m [90m 36 |[39m     [36mreturn[39m[33m;[39m
     [90m 37 |[39m   }
    [31m[1m>[22m[39m[90m 38 |[39m   originalConsole[33m.[39merror([33m...[39margs)[33m;[39m
     [90m    |[39m                   [31m[1m^[22m[39m
     [90m 39 |[39m }[33m;[39m
     [90m 40 |[39m
     [90m 41 |[39m [90m// Timeout global para tests[39m[0m

      at console.error (tests/setup/test-setup.js:38:19)
      at Object.error [as getProjectManualRisks] (src/services/manualRisk.service.js:180:13)
      at Object.<anonymous> (tests/unit/services/manualRisk.service.test.js:349:7)

  console.error
    Error deleting manual risk: Error: Project not found
        at Object.deleteManualRisk (C:\Users\Javier\Documents\GitHub\TFGRepos\Back\tfg-backend\src\services\manualRisk.service.js:199:13)
        at processTicksAndRejections (node:internal/process/task_queues:95:5)
        at Object.<anonymous> (C:\Users\Javier\Documents\GitHub\TFGRepos\Back\tfg-backend\tests\unit\services\manualRisk.service.test.js:361:7)

    [0m [90m 36 |[39m     [36mreturn[39m[33m;[39m
     [90m 37 |[39m   }
    [31m[1m>[22m[39m[90m 38 |[39m   originalConsole[33m.[39merror([33m...[39margs)[33m;[39m
     [90m    |[39m                   [31m[1m^[22m[39m
     [90m 39 |[39m }[33m;[39m
     [90m 40 |[39m
     [90m 41 |[39m [90m// Timeout global para tests[39m[0m

      at console.error (tests/setup/test-setup.js:38:19)
      at Object.error [as deleteManualRisk] (src/services/manualRisk.service.js:240:13)
      at Object.<anonymous> (tests/unit/services/manualRisk.service.test.js:361:7)

  console.error
    Error deleting manual risk: Error: Not authorized: only project manager can delete risks
        at Object.deleteManualRisk (C:\Users\Javier\Documents\GitHub\TFGRepos\Back\tfg-backend\src\services\manualRisk.service.js:207:13)
        at processTicksAndRejections (node:internal/process/task_queues:95:5)
        at Object.<anonymous> (C:\Users\Javier\Documents\GitHub\TFGRepos\Back\tfg-backend\tests\unit\services\manualRisk.service.test.js:376:7)

    [0m [90m 36 |[39m     [36mreturn[39m[33m;[39m
     [90m 37 |[39m   }
    [31m[1m>[22m[39m[90m 38 |[39m   originalConsole[33m.[39merror([33m...[39margs)[33m;[39m
     [90m    |[39m                   [31m[1m^[22m[39m
     [90m 39 |[39m }[33m;[39m
     [90m 40 |[39m
     [90m 41 |[39m [90m// Timeout global para tests[39m[0m

      at console.error (tests/setup/test-setup.js:38:19)
      at Object.error [as deleteManualRisk] (src/services/manualRisk.service.js:240:13)
      at Object.<anonymous> (tests/unit/services/manualRisk.service.test.js:376:7)

  console.error
    Error deleting manual risk: Error: Cannot delete risks from completed projects
        at Object.deleteManualRisk (C:\Users\Javier\Documents\GitHub\TFGRepos\Back\tfg-backend\src\services\manualRisk.service.js:212:13)
        at processTicksAndRejections (node:internal/process/task_queues:95:5)
        at Object.<anonymous> (C:\Users\Javier\Documents\GitHub\TFGRepos\Back\tfg-backend\tests\unit\services\manualRisk.service.test.js:392:7)

    [0m [90m 36 |[39m     [36mreturn[39m[33m;[39m
     [90m 37 |[39m   }
    [31m[1m>[22m[39m[90m 38 |[39m   originalConsole[33m.[39merror([33m...[39margs)[33m;[39m
     [90m    |[39m                   [31m[1m^[22m[39m
     [90m 39 |[39m }[33m;[39m
     [90m 40 |[39m
     [90m 41 |[39m [90m// Timeout global para tests[39m[0m

      at console.error (tests/setup/test-setup.js:38:19)
      at Object.error [as deleteManualRisk] (src/services/manualRisk.service.js:240:13)
      at Object.<anonymous> (tests/unit/services/manualRisk.service.test.js:392:7)

  console.error
    Error deleting manual risk: Error: Risk not found
        at Object.deleteManualRisk (C:\Users\Javier\Documents\GitHub\TFGRepos\Back\tfg-backend\src\services\manualRisk.service.js:218:13)
        at processTicksAndRejections (node:internal/process/task_queues:95:5)
        at Object.<anonymous> (C:\Users\Javier\Documents\GitHub\TFGRepos\Back\tfg-backend\tests\unit\services\manualRisk.service.test.js:410:7)

    [0m [90m 36 |[39m     [36mreturn[39m[33m;[39m
     [90m 37 |[39m   }
    [31m[1m>[22m[39m[90m 38 |[39m   originalConsole[33m.[39merror([33m...[39margs)[33m;[39m
     [90m    |[39m                   [31m[1m^[22m[39m
     [90m 39 |[39m }[33m;[39m
     [90m 40 |[39m
     [90m 41 |[39m [90m// Timeout global para tests[39m[0m

      at console.error (tests/setup/test-setup.js:38:19)
      at Object.error [as deleteManualRisk] (src/services/manualRisk.service.js:240:13)
      at Object.<anonymous> (tests/unit/services/manualRisk.service.test.js:410:7)

  console.error
    Error deleting manual risk: Error: Risk does not belong to this project
        at Object.deleteManualRisk (C:\Users\Javier\Documents\GitHub\TFGRepos\Back\tfg-backend\src\services\manualRisk.service.js:222:13)
        at processTicksAndRejections (node:internal/process/task_queues:95:5)
        at Object.<anonymous> (C:\Users\Javier\Documents\GitHub\TFGRepos\Back\tfg-backend\tests\unit\services\manualRisk.service.test.js:434:7)

    [0m [90m 36 |[39m     [36mreturn[39m[33m;[39m
     [90m 37 |[39m   }
    [31m[1m>[22m[39m[90m 38 |[39m   originalConsole[33m.[39merror([33m...[39margs)[33m;[39m
     [90m    |[39m                   [31m[1m^[22m[39m
     [90m 39 |[39m }[33m;[39m
     [90m 40 |[39m
     [90m 41 |[39m [90m// Timeout global para tests[39m[0m

      at console.error (tests/setup/test-setup.js:38:19)
      at Object.error [as deleteManualRisk] (src/services/manualRisk.service.js:240:13)
      at Object.<anonymous> (tests/unit/services/manualRisk.service.test.js:434:7)

  console.error
    Error deleting manual risk: Error: Can only delete manually added risks
        at Object.deleteManualRisk (C:\Users\Javier\Documents\GitHub\TFGRepos\Back\tfg-backend\src\services\manualRisk.service.js:226:13)
        at processTicksAndRejections (node:internal/process/task_queues:95:5)
        at Object.<anonymous> (C:\Users\Javier\Documents\GitHub\TFGRepos\Back\tfg-backend\tests\unit\services\manualRisk.service.test.js:458:7)

    [0m [90m 36 |[39m     [36mreturn[39m[33m;[39m
     [90m 37 |[39m   }
    [31m[1m>[22m[39m[90m 38 |[39m   originalConsole[33m.[39merror([33m...[39margs)[33m;[39m
     [90m    |[39m                   [31m[1m^[22m[39m
     [90m 39 |[39m }[33m;[39m
     [90m 40 |[39m
     [90m 41 |[39m [90m// Timeout global para tests[39m[0m

      at console.error (tests/setup/test-setup.js:38:19)
      at Object.error [as deleteManualRisk] (src/services/manualRisk.service.js:240:13)
      at Object.<anonymous> (tests/unit/services/manualRisk.service.test.js:458:7)

PASS tests/unit/services/manualRisk.service.test.js
  ManualRiskService - Unit Tests
    addManualRisk
      ÔêÜ should throw error if project not found (42 ms)
      ÔêÜ should throw error if user is not project manager (5 ms)
      ÔêÜ should throw error if missing required fields (17 ms)
      ÔêÜ should throw error if similarity out of range (3 ms)
      ÔêÜ should successfully create manual risk (35 ms)
      ÔêÜ should not duplicate risk in project riskPredictions (1 ms)
    updateRisk
      ÔêÜ should throw error if project not found (4 ms)
      ÔêÜ should throw error if user is not project manager (6 ms)
      ÔêÜ should throw error if risk not found (3 ms)
      ÔêÜ should throw error if risk does not belong to project (2 ms)
      ÔêÜ should update basic fields for active project (1 ms)
      ÔêÜ should allow marking occurred for completed project (1 ms)
      ÔêÜ should set status to avoided when occurred is false (1 ms)
    getProjectManualRisks
      ÔêÜ should return all manual risks for a project (2 ms)
      ÔêÜ should return empty array if no manual risks (1 ms)
      ÔêÜ should handle errors gracefully (7 ms)
    deleteManualRisk
      ÔêÜ should throw error if project not found (3 ms)
      ÔêÜ should throw error if user is not project manager (5 ms)
      ÔêÜ should throw error if project is completed (5 ms)
      ÔêÜ should throw error if risk not found (2 ms)
      ÔêÜ should throw error if risk does not belong to project (2 ms)
      ÔêÜ should throw error if risk is not manual (4 ms)
      ÔêÜ should successfully delete manual risk (1 ms)

PASS tests/unit/services/postProject.service.test.js
  postProject.service - Unit Tests
    calculatePredictionAccuracy
      ÔêÜ returns 0 when no predictions (6 ms)
      ÔêÜ counts correct predictions only (1 ms)
    i18n integration - risk translations
      ÔêÜ should translate risk types to Spanish (4 ms)
      ÔêÜ should translate risk types to English (14 ms)
      ÔêÜ should have Spanish translations for postProject section (14 ms)
      ÔêÜ should have English translations for postProject section (1 ms)
      ÔêÜ should have risk descriptions for postProject in Spanish (2 ms)

PASS tests/unit/services/cv.service.test.js
  cv.service - Unit Tests
    ÔêÜ _cleanEmptyFields removes empty arrays and empty nested structures (4 ms)

PASS tests/unit/services/auth.service.test.js
  AuthService - Unit Tests
    register
      ÔêÜ deber├¡a registrar un usuario exitosamente (1059 ms)
      ÔêÜ deber├¡a lanzar error si el usuario ya existe (38 ms)
    login
      ÔêÜ deber├¡a hacer login exitosamente con credenciales v├ílidas (23 ms)
      ÔêÜ deber├¡a rechazar login con credenciales incorrectas (7 ms)
      ÔêÜ deber├¡a bloquear cuenta despu├®s de 3 intentos fallidos (5 ms)
      ÔêÜ deber├¡a rechazar login si la cuenta est├í bloqueada (5 ms)
      ÔêÜ deber├¡a resetear intentos despu├®s de login exitoso (5 ms)

  console.error
    Error en EmailChannel: Error: El usuario no tiene email configurado
        at EmailChannel.send (C:\Users\Javier\Documents\GitHub\TFGRepos\Back\tfg-backend\src\services\notificationChannels\EmailChannel.js:24:15)
        at Object.send (C:\Users\Javier\Documents\GitHub\TFGRepos\Back\tfg-backend\tests\unit\services\notificationChannels\EmailChannel.test.js:45:34)
        at Promise.finally.completed (C:\Users\Javier\Documents\GitHub\TFGRepos\Back\tfg-backend\node_modules\jest-circus\build\jestAdapterInit.js:1557:28)
        at new Promise (<anonymous>)
        at callAsyncCircusFn (C:\Users\Javier\Documents\GitHub\TFGRepos\Back\tfg-backend\node_modules\jest-circus\build\jestAdapterInit.js:1497:10)
        at _callCircusTest (C:\Users\Javier\Documents\GitHub\TFGRepos\Back\tfg-backend\node_modules\jest-circus\build\jestAdapterInit.js:1007:40)
        at processTicksAndRejections (node:internal/process/task_queues:95:5)
        at _runTest (C:\Users\Javier\Documents\GitHub\TFGRepos\Back\tfg-backend\node_modules\jest-circus\build\jestAdapterInit.js:947:3)
        at C:\Users\Javier\Documents\GitHub\TFGRepos\Back\tfg-backend\node_modules\jest-circus\build\jestAdapterInit.js:849:7
        at _runTestsForDescribeBlock (C:\Users\Javier\Documents\GitHub\TFGRepos\Back\tfg-backend\node_modules\jest-circus\build\jestAdapterInit.js:862:11)
        at _runTestsForDescribeBlock (C:\Users\Javier\Documents\GitHub\TFGRepos\Back\tfg-backend\node_modules\jest-circus\build\jestAdapterInit.js:857:11)
        at run (C:\Users\Javier\Documents\GitHub\TFGRepos\Back\tfg-backend\node_modules\jest-circus\build\jestAdapterInit.js:761:3)
        at runAndTransformResultsToJestFormat (C:\Users\Javier\Documents\GitHub\TFGRepos\Back\tfg-backend\node_modules\jest-circus\build\jestAdapterInit.js:1918:21)
        at jestAdapter (C:\Users\Javier\Documents\GitHub\TFGRepos\Back\tfg-backend\node_modules\jest-circus\build\runner.js:101:19)
        at runTestInternal (C:\Users\Javier\Documents\GitHub\TFGRepos\Back\tfg-backend\node_modules\jest-runner\build\testWorker.js:275:16)
        at runTest (C:\Users\Javier\Documents\GitHub\TFGRepos\Back\tfg-backend\node_modules\jest-runner\build\testWorker.js:343:7)
        at Object.worker (C:\Users\Javier\Documents\GitHub\TFGRepos\Back\tfg-backend\node_modules\jest-runner\build\testWorker.js:497:12)

    [0m [90m 36 |[39m     [36mreturn[39m[33m;[39m
     [90m 37 |[39m   }
    [31m[1m>[22m[39m[90m 38 |[39m   originalConsole[33m.[39merror([33m...[39margs)[33m;[39m
     [90m    |[39m                   [31m[1m^[22m[39m
     [90m 39 |[39m }[33m;[39m
     [90m 40 |[39m
     [90m 41 |[39m [90m// Timeout global para tests[39m[0m

      at console.error (tests/setup/test-setup.js:38:19)
      at EmailChannel.error [as send] (src/services/notificationChannels/EmailChannel.js:40:15)
      at Object.send (tests/unit/services/notificationChannels/EmailChannel.test.js:45:34)

  console.error
    Error en EmailChannel: Error: Error al enviar email: 400 - Bad Request
        at EmailChannel.sendEmail (C:\Users\Javier\Documents\GitHub\TFGRepos\Back\tfg-backend\src\services\notificationChannels\EmailChannel.js:152:13)
        at processTicksAndRejections (node:internal/process/task_queues:95:5)
        at EmailChannel.send (C:\Users\Javier\Documents\GitHub\TFGRepos\Back\tfg-backend\src\services\notificationChannels\EmailChannel.js:31:7)
        at Object.<anonymous> (C:\Users\Javier\Documents\GitHub\TFGRepos\Back\tfg-backend\tests\unit\services\notificationChannels\EmailChannel.test.js:90:20)

    [0m [90m 36 |[39m     [36mreturn[39m[33m;[39m
     [90m 37 |[39m   }
    [31m[1m>[22m[39m[90m 38 |[39m   originalConsole[33m.[39merror([33m...[39margs)[33m;[39m
     [90m    |[39m                   [31m[1m^[22m[39m
     [90m 39 |[39m }[33m;[39m
     [90m 40 |[39m
     [90m 41 |[39m [90m// Timeout global para tests[39m[0m

      at console.error (tests/setup/test-setup.js:38:19)
      at EmailChannel.error [as send] (src/services/notificationChannels/EmailChannel.js:40:15)
      at Object.<anonymous> (tests/unit/services/notificationChannels/EmailChannel.test.js:90:20)

PASS tests/unit/services/notificationChannels/EmailChannel.test.js
  EmailChannel - Unit Tests
    ÔêÜ canSend should return false when email missing or not confirmed (11 ms)
    ÔêÜ canSend should respect notificationPreferences.email=false
    ÔêÜ buildEmailContent should include action button when actionUrl exists (14 ms)
    ÔêÜ send should fail when recipient has no email (29 ms)
    ÔêÜ send should call Brevo API and return sent status (1 ms)
    ÔêÜ send should return failed when Brevo API responds non-ok (3 ms)

PASS tests/unit/services/bfi44NotificationHelper.test.js
  BFI44NotificationHelper - Unit Tests
    ÔêÜ notifyMultipleEmployeesPending should call notifyTestPending for each user (406 ms)
    ÔêÜ notifyTestPending should create a notification with actionUrl to the test (386 ms)

PASS tests/unit/services/bfi44.service.test.js
  bfi44.service - Unit Tests
    ÔêÜ reverseScore should invert 1..5 scale (3 ms)
    ÔêÜ validateResponses should reject wrong response count (31 ms)
    ÔêÜ validateResponses should reject missing questions (7 ms)
    ÔêÜ validateResponses should reject values outside 1..5 (1 ms)
    ÔêÜ calculateFactorScore should throw when an item is missing in Map (2 ms)
    ÔêÜ calculateAllFactors should return numeric scores for all factors (3 ms)

PASS tests/unit/services/notificationChannels/NotificationChannel.test.js
  NotificationChannel (base) - Unit Tests
    ÔêÜ send should throw (must be implemented) (13 ms)
    ÔêÜ getChannelType should throw (must be implemented) (3 ms)
    ÔêÜ canSend should default to true (1 ms)

PASS tests/unit/services/notificationChannels/InAppChannel.test.js
  InAppChannel - Unit Tests
    ÔêÜ send should return delivered status (7 ms)
    ÔêÜ canSend should return false when recipient is missing or not confirmed (1 ms)
    ÔêÜ canSend should respect notificationPreferences.inApp=false (1 ms)
    ÔêÜ canSend should default to true when confirmed and no preferences (1 ms)

  console.error
    Error al crear organizaci├│n: Error: El usuario ya administra una organizaci├│n
        at Object.<anonymous> (C:\Users\Javier\Documents\GitHub\TFGRepos\Back\tfg-backend\tests\unit\controllers\organization.controller.test.js:58:21)
        at Promise.finally.completed (C:\Users\Javier\Documents\GitHub\TFGRepos\Back\tfg-backend\node_modules\jest-circus\build\jestAdapterInit.js:1557:28)
        at new Promise (<anonymous>)
        at callAsyncCircusFn (C:\Users\Javier\Documents\GitHub\TFGRepos\Back\tfg-backend\node_modules\jest-circus\build\jestAdapterInit.js:1497:10)
        at _callCircusTest (C:\Users\Javier\Documents\GitHub\TFGRepos\Back\tfg-backend\node_modules\jest-circus\build\jestAdapterInit.js:1007:40)
        at processTicksAndRejections (node:internal/process/task_queues:95:5)
        at _runTest (C:\Users\Javier\Documents\GitHub\TFGRepos\Back\tfg-backend\node_modules\jest-circus\build\jestAdapterInit.js:947:3)
        at C:\Users\Javier\Documents\GitHub\TFGRepos\Back\tfg-backend\node_modules\jest-circus\build\jestAdapterInit.js:849:7
        at _runTestsForDescribeBlock (C:\Users\Javier\Documents\GitHub\TFGRepos\Back\tfg-backend\node_modules\jest-circus\build\jestAdapterInit.js:862:11)
        at _runTestsForDescribeBlock (C:\Users\Javier\Documents\GitHub\TFGRepos\Back\tfg-backend\node_modules\jest-circus\build\jestAdapterInit.js:857:11)
        at _runTestsForDescribeBlock (C:\Users\Javier\Documents\GitHub\TFGRepos\Back\tfg-backend\node_modules\jest-circus\build\jestAdapterInit.js:857:11)
        at run (C:\Users\Javier\Documents\GitHub\TFGRepos\Back\tfg-backend\node_modules\jest-circus\build\jestAdapterInit.js:761:3)
        at runAndTransformResultsToJestFormat (C:\Users\Javier\Documents\GitHub\TFGRepos\Back\tfg-backend\node_modules\jest-circus\build\jestAdapterInit.js:1918:21)
        at jestAdapter (C:\Users\Javier\Documents\GitHub\TFGRepos\Back\tfg-backend\node_modules\jest-circus\build\runner.js:101:19)
        at runTestInternal (C:\Users\Javier\Documents\GitHub\TFGRepos\Back\tfg-backend\node_modules\jest-runner\build\testWorker.js:275:16)
        at runTest (C:\Users\Javier\Documents\GitHub\TFGRepos\Back\tfg-backend\node_modules\jest-runner\build\testWorker.js:343:7)
        at Object.worker (C:\Users\Javier\Documents\GitHub\TFGRepos\Back\tfg-backend\node_modules\jest-runner\build\testWorker.js:497:12)

    [0m [90m 36 |[39m     [36mreturn[39m[33m;[39m
     [90m 37 |[39m   }
    [31m[1m>[22m[39m[90m 38 |[39m   originalConsole[33m.[39merror([33m...[39margs)[33m;[39m
     [90m    |[39m                   [31m[1m^[22m[39m
     [90m 39 |[39m }[33m;[39m
     [90m 40 |[39m
     [90m 41 |[39m [90m// Timeout global para tests[39m[0m

      at console.error (tests/setup/test-setup.js:38:19)
      at OrganizationController.error [as createOrganization] (src/controllers/organization.controller.js:29:15)
      at Object.<anonymous> (tests/unit/controllers/organization.controller.test.js:61:7)

  console.error
    Error al crear organizaci├│n: Error: Validation error
        at Object.<anonymous> (C:\Users\Javier\Documents\GitHub\TFGRepos\Back\tfg-backend\tests\unit\controllers\organization.controller.test.js:72:21)
        at Promise.finally.completed (C:\Users\Javier\Documents\GitHub\TFGRepos\Back\tfg-backend\node_modules\jest-circus\build\jestAdapterInit.js:1557:28)
        at new Promise (<anonymous>)
        at callAsyncCircusFn (C:\Users\Javier\Documents\GitHub\TFGRepos\Back\tfg-backend\node_modules\jest-circus\build\jestAdapterInit.js:1497:10)
        at _callCircusTest (C:\Users\Javier\Documents\GitHub\TFGRepos\Back\tfg-backend\node_modules\jest-circus\build\jestAdapterInit.js:1007:40)
        at processTicksAndRejections (node:internal/process/task_queues:95:5)
        at _runTest (C:\Users\Javier\Documents\GitHub\TFGRepos\Back\tfg-backend\node_modules\jest-circus\build\jestAdapterInit.js:947:3)
        at C:\Users\Javier\Documents\GitHub\TFGRepos\Back\tfg-backend\node_modules\jest-circus\build\jestAdapterInit.js:849:7
        at _runTestsForDescribeBlock (C:\Users\Javier\Documents\GitHub\TFGRepos\Back\tfg-backend\node_modules\jest-circus\build\jestAdapterInit.js:862:11)
        at _runTestsForDescribeBlock (C:\Users\Javier\Documents\GitHub\TFGRepos\Back\tfg-backend\node_modules\jest-circus\build\jestAdapterInit.js:857:11)
        at _runTestsForDescribeBlock (C:\Users\Javier\Documents\GitHub\TFGRepos\Back\tfg-backend\node_modules\jest-circus\build\jestAdapterInit.js:857:11)
        at run (C:\Users\Javier\Documents\GitHub\TFGRepos\Back\tfg-backend\node_modules\jest-circus\build\jestAdapterInit.js:761:3)
        at runAndTransformResultsToJestFormat (C:\Users\Javier\Documents\GitHub\TFGRepos\Back\tfg-backend\node_modules\jest-circus\build\jestAdapterInit.js:1918:21)
        at jestAdapter (C:\Users\Javier\Documents\GitHub\TFGRepos\Back\tfg-backend\node_modules\jest-circus\build\runner.js:101:19)
        at runTestInternal (C:\Users\Javier\Documents\GitHub\TFGRepos\Back\tfg-backend\node_modules\jest-runner\build\testWorker.js:275:16)
        at runTest (C:\Users\Javier\Documents\GitHub\TFGRepos\Back\tfg-backend\node_modules\jest-runner\build\testWorker.js:343:7)
        at Object.worker (C:\Users\Javier\Documents\GitHub\TFGRepos\Back\tfg-backend\node_modules\jest-runner\build\testWorker.js:497:12)

    [0m [90m 36 |[39m     [36mreturn[39m[33m;[39m
     [90m 37 |[39m   }
    [31m[1m>[22m[39m[90m 38 |[39m   originalConsole[33m.[39merror([33m...[39margs)[33m;[39m
     [90m    |[39m                   [31m[1m^[22m[39m
     [90m 39 |[39m }[33m;[39m
     [90m 40 |[39m
     [90m 41 |[39m [90m// Timeout global para tests[39m[0m

      at console.error (tests/setup/test-setup.js:38:19)
      at OrganizationController.error [as createOrganization] (src/controllers/organization.controller.js:29:15)
      at Object.<anonymous> (tests/unit/controllers/organization.controller.test.js:75:7)

  console.error
    Error al obtener organizaci├│n: Error: Organizaci├│n no encontrada
        at Object.<anonymous> (C:\Users\Javier\Documents\GitHub\TFGRepos\Back\tfg-backend\tests\unit\controllers\organization.controller.test.js:113:21)
        at Promise.finally.completed (C:\Users\Javier\Documents\GitHub\TFGRepos\Back\tfg-backend\node_modules\jest-circus\build\jestAdapterInit.js:1557:28)
        at new Promise (<anonymous>)
        at callAsyncCircusFn (C:\Users\Javier\Documents\GitHub\TFGRepos\Back\tfg-backend\node_modules\jest-circus\build\jestAdapterInit.js:1497:10)
        at _callCircusTest (C:\Users\Javier\Documents\GitHub\TFGRepos\Back\tfg-backend\node_modules\jest-circus\build\jestAdapterInit.js:1007:40)
        at processTicksAndRejections (node:internal/process/task_queues:95:5)
        at _runTest (C:\Users\Javier\Documents\GitHub\TFGRepos\Back\tfg-backend\node_modules\jest-circus\build\jestAdapterInit.js:947:3)
        at C:\Users\Javier\Documents\GitHub\TFGRepos\Back\tfg-backend\node_modules\jest-circus\build\jestAdapterInit.js:849:7
        at _runTestsForDescribeBlock (C:\Users\Javier\Documents\GitHub\TFGRepos\Back\tfg-backend\node_modules\jest-circus\build\jestAdapterInit.js:862:11)
        at _runTestsForDescribeBlock (C:\Users\Javier\Documents\GitHub\TFGRepos\Back\tfg-backend\node_modules\jest-circus\build\jestAdapterInit.js:857:11)
        at _runTestsForDescribeBlock (C:\Users\Javier\Documents\GitHub\TFGRepos\Back\tfg-backend\node_modules\jest-circus\build\jestAdapterInit.js:857:11)
        at run (C:\Users\Javier\Documents\GitHub\TFGRepos\Back\tfg-backend\node_modules\jest-circus\build\jestAdapterInit.js:761:3)
        at runAndTransformResultsToJestFormat (C:\Users\Javier\Documents\GitHub\TFGRepos\Back\tfg-backend\node_modules\jest-circus\build\jestAdapterInit.js:1918:21)
        at jestAdapter (C:\Users\Javier\Documents\GitHub\TFGRepos\Back\tfg-backend\node_modules\jest-circus\build\runner.js:101:19)
        at runTestInternal (C:\Users\Javier\Documents\GitHub\TFGRepos\Back\tfg-backend\node_modules\jest-runner\build\testWorker.js:275:16)
        at runTest (C:\Users\Javier\Documents\GitHub\TFGRepos\Back\tfg-backend\node_modules\jest-runner\build\testWorker.js:343:7)
        at Object.worker (C:\Users\Javier\Documents\GitHub\TFGRepos\Back\tfg-backend\node_modules\jest-runner\build\testWorker.js:497:12)

    [0m [90m 36 |[39m     [36mreturn[39m[33m;[39m
     [90m 37 |[39m   }
    [31m[1m>[22m[39m[90m 38 |[39m   originalConsole[33m.[39merror([33m...[39margs)[33m;[39m
     [90m    |[39m                   [31m[1m^[22m[39m
     [90m 39 |[39m }[33m;[39m
     [90m 40 |[39m
     [90m 41 |[39m [90m// Timeout global para tests[39m[0m

      at console.error (tests/setup/test-setup.js:38:19)
      at OrganizationController.error [as getOrganization] (src/controllers/organization.controller.js:76:15)
      at Object.<anonymous> (tests/unit/controllers/organization.controller.test.js:116:7)

  console.error
    Error al obtener organizaci├│n: Error: Database error
        at Object.<anonymous> (C:\Users\Javier\Documents\GitHub\TFGRepos\Back\tfg-backend\tests\unit\controllers\organization.controller.test.js:123:21)
        at Promise.finally.completed (C:\Users\Javier\Documents\GitHub\TFGRepos\Back\tfg-backend\node_modules\jest-circus\build\jestAdapterInit.js:1557:28)
        at new Promise (<anonymous>)
        at callAsyncCircusFn (C:\Users\Javier\Documents\GitHub\TFGRepos\Back\tfg-backend\node_modules\jest-circus\build\jestAdapterInit.js:1497:10)
        at _callCircusTest (C:\Users\Javier\Documents\GitHub\TFGRepos\Back\tfg-backend\node_modules\jest-circus\build\jestAdapterInit.js:1007:40)
        at processTicksAndRejections (node:internal/process/task_queues:95:5)
        at _runTest (C:\Users\Javier\Documents\GitHub\TFGRepos\Back\tfg-backend\node_modules\jest-circus\build\jestAdapterInit.js:947:3)
        at C:\Users\Javier\Documents\GitHub\TFGRepos\Back\tfg-backend\node_modules\jest-circus\build\jestAdapterInit.js:849:7
        at _runTestsForDescribeBlock (C:\Users\Javier\Documents\GitHub\TFGRepos\Back\tfg-backend\node_modules\jest-circus\build\jestAdapterInit.js:862:11)
        at _runTestsForDescribeBlock (C:\Users\Javier\Documents\GitHub\TFGRepos\Back\tfg-backend\node_modules\jest-circus\build\jestAdapterInit.js:857:11)
        at _runTestsForDescribeBlock (C:\Users\Javier\Documents\GitHub\TFGRepos\Back\tfg-backend\node_modules\jest-circus\build\jestAdapterInit.js:857:11)
        at run (C:\Users\Javier\Documents\GitHub\TFGRepos\Back\tfg-backend\node_modules\jest-circus\build\jestAdapterInit.js:761:3)
        at runAndTransformResultsToJestFormat (C:\Users\Javier\Documents\GitHub\TFGRepos\Back\tfg-backend\node_modules\jest-circus\build\jestAdapterInit.js:1918:21)
        at jestAdapter (C:\Users\Javier\Documents\GitHub\TFGRepos\Back\tfg-backend\node_modules\jest-circus\build\runner.js:101:19)
        at runTestInternal (C:\Users\Javier\Documents\GitHub\TFGRepos\Back\tfg-backend\node_modules\jest-runner\build\testWorker.js:275:16)
        at runTest (C:\Users\Javier\Documents\GitHub\TFGRepos\Back\tfg-backend\node_modules\jest-runner\build\testWorker.js:343:7)
        at Object.worker (C:\Users\Javier\Documents\GitHub\TFGRepos\Back\tfg-backend\node_modules\jest-runner\build\testWorker.js:497:12)

    [0m [90m 36 |[39m     [36mreturn[39m[33m;[39m
     [90m 37 |[39m   }
    [31m[1m>[22m[39m[90m 38 |[39m   originalConsole[33m.[39merror([33m...[39margs)[33m;[39m
     [90m    |[39m                   [31m[1m^[22m[39m
     [90m 39 |[39m }[33m;[39m
     [90m 40 |[39m
     [90m 41 |[39m [90m// Timeout global para tests[39m[0m

      at console.error (tests/setup/test-setup.js:38:19)
      at OrganizationController.error [as getOrganization] (src/controllers/organization.controller.js:76:15)
      at Object.<anonymous> (tests/unit/controllers/organization.controller.test.js:126:7)

  console.error
    Error al actualizar organizaci├│n: Error: No tienes permisos
        at Object.<anonymous> (C:\Users\Javier\Documents\GitHub\TFGRepos\Back\tfg-backend\tests\unit\controllers\organization.controller.test.js:161:21)
        at Promise.finally.completed (C:\Users\Javier\Documents\GitHub\TFGRepos\Back\tfg-backend\node_modules\jest-circus\build\jestAdapterInit.js:1557:28)
        at new Promise (<anonymous>)
        at callAsyncCircusFn (C:\Users\Javier\Documents\GitHub\TFGRepos\Back\tfg-backend\node_modules\jest-circus\build\jestAdapterInit.js:1497:10)
        at _callCircusTest (C:\Users\Javier\Documents\GitHub\TFGRepos\Back\tfg-backend\node_modules\jest-circus\build\jestAdapterInit.js:1007:40)
        at processTicksAndRejections (node:internal/process/task_queues:95:5)
        at _runTest (C:\Users\Javier\Documents\GitHub\TFGRepos\Back\tfg-backend\node_modules\jest-circus\build\jestAdapterInit.js:947:3)
        at C:\Users\Javier\Documents\GitHub\TFGRepos\Back\tfg-backend\node_modules\jest-circus\build\jestAdapterInit.js:849:7
        at _runTestsForDescribeBlock (C:\Users\Javier\Documents\GitHub\TFGRepos\Back\tfg-backend\node_modules\jest-circus\build\jestAdapterInit.js:862:11)
        at _runTestsForDescribeBlock (C:\Users\Javier\Documents\GitHub\TFGRepos\Back\tfg-backend\node_modules\jest-circus\build\jestAdapterInit.js:857:11)
        at _runTestsForDescribeBlock (C:\Users\Javier\Documents\GitHub\TFGRepos\Back\tfg-backend\node_modules\jest-circus\build\jestAdapterInit.js:857:11)
        at run (C:\Users\Javier\Documents\GitHub\TFGRepos\Back\tfg-backend\node_modules\jest-circus\build\jestAdapterInit.js:761:3)
        at runAndTransformResultsToJestFormat (C:\Users\Javier\Documents\GitHub\TFGRepos\Back\tfg-backend\node_modules\jest-circus\build\jestAdapterInit.js:1918:21)
        at jestAdapter (C:\Users\Javier\Documents\GitHub\TFGRepos\Back\tfg-backend\node_modules\jest-circus\build\runner.js:101:19)
        at runTestInternal (C:\Users\Javier\Documents\GitHub\TFGRepos\Back\tfg-backend\node_modules\jest-runner\build\testWorker.js:275:16)
        at runTest (C:\Users\Javier\Documents\GitHub\TFGRepos\Back\tfg-backend\node_modules\jest-runner\build\testWorker.js:343:7)
        at Object.worker (C:\Users\Javier\Documents\GitHub\TFGRepos\Back\tfg-backend\node_modules\jest-runner\build\testWorker.js:497:12)

    [0m [90m 36 |[39m     [36mreturn[39m[33m;[39m
     [90m 37 |[39m   }
    [31m[1m>[22m[39m[90m 38 |[39m   originalConsole[33m.[39merror([33m...[39margs)[33m;[39m
     [90m    |[39m                   [31m[1m^[22m[39m
     [90m 39 |[39m }[33m;[39m
     [90m 40 |[39m
     [90m 41 |[39m [90m// Timeout global para tests[39m[0m

      at console.error (tests/setup/test-setup.js:38:19)
      at OrganizationController.error [as updateOrganization] (src/controllers/organization.controller.js:120:15)
      at Object.<anonymous> (tests/unit/controllers/organization.controller.test.js:164:7)

  console.error
    Error al actualizar organizaci├│n: Error: Organizaci├│n no encontrada
        at Object.<anonymous> (C:\Users\Javier\Documents\GitHub\TFGRepos\Back\tfg-backend\tests\unit\controllers\organization.controller.test.js:171:21)
        at Promise.finally.completed (C:\Users\Javier\Documents\GitHub\TFGRepos\Back\tfg-backend\node_modules\jest-circus\build\jestAdapterInit.js:1557:28)
        at new Promise (<anonymous>)
        at callAsyncCircusFn (C:\Users\Javier\Documents\GitHub\TFGRepos\Back\tfg-backend\node_modules\jest-circus\build\jestAdapterInit.js:1497:10)
        at _callCircusTest (C:\Users\Javier\Documents\GitHub\TFGRepos\Back\tfg-backend\node_modules\jest-circus\build\jestAdapterInit.js:1007:40)
        at processTicksAndRejections (node:internal/process/task_queues:95:5)
        at _runTest (C:\Users\Javier\Documents\GitHub\TFGRepos\Back\tfg-backend\node_modules\jest-circus\build\jestAdapterInit.js:947:3)
        at C:\Users\Javier\Documents\GitHub\TFGRepos\Back\tfg-backend\node_modules\jest-circus\build\jestAdapterInit.js:849:7
        at _runTestsForDescribeBlock (C:\Users\Javier\Documents\GitHub\TFGRepos\Back\tfg-backend\node_modules\jest-circus\build\jestAdapterInit.js:862:11)
        at _runTestsForDescribeBlock (C:\Users\Javier\Documents\GitHub\TFGRepos\Back\tfg-backend\node_modules\jest-circus\build\jestAdapterInit.js:857:11)
        at _runTestsForDescribeBlock (C:\Users\Javier\Documents\GitHub\TFGRepos\Back\tfg-backend\node_modules\jest-circus\build\jestAdapterInit.js:857:11)
        at run (C:\Users\Javier\Documents\GitHub\TFGRepos\Back\tfg-backend\node_modules\jest-circus\build\jestAdapterInit.js:761:3)
        at runAndTransformResultsToJestFormat (C:\Users\Javier\Documents\GitHub\TFGRepos\Back\tfg-backend\node_modules\jest-circus\build\jestAdapterInit.js:1918:21)
        at jestAdapter (C:\Users\Javier\Documents\GitHub\TFGRepos\Back\tfg-backend\node_modules\jest-circus\build\runner.js:101:19)
        at runTestInternal (C:\Users\Javier\Documents\GitHub\TFGRepos\Back\tfg-backend\node_modules\jest-runner\build\testWorker.js:275:16)
        at runTest (C:\Users\Javier\Documents\GitHub\TFGRepos\Back\tfg-backend\node_modules\jest-runner\build\testWorker.js:343:7)
        at Object.worker (C:\Users\Javier\Documents\GitHub\TFGRepos\Back\tfg-backend\node_modules\jest-runner\build\testWorker.js:497:12)

    [0m [90m 36 |[39m     [36mreturn[39m[33m;[39m
     [90m 37 |[39m   }
    [31m[1m>[22m[39m[90m 38 |[39m   originalConsole[33m.[39merror([33m...[39margs)[33m;[39m
     [90m    |[39m                   [31m[1m^[22m[39m
     [90m 39 |[39m }[33m;[39m
     [90m 40 |[39m
     [90m 41 |[39m [90m// Timeout global para tests[39m[0m

      at console.error (tests/setup/test-setup.js:38:19)
      at OrganizationController.error [as updateOrganization] (src/controllers/organization.controller.js:120:15)
      at Object.<anonymous> (tests/unit/controllers/organization.controller.test.js:174:7)

  console.error
    Error al actualizar organizaci├│n: Error: Unexpected error
        at Object.<anonymous> (C:\Users\Javier\Documents\GitHub\TFGRepos\Back\tfg-backend\tests\unit\controllers\organization.controller.test.js:182:21)
        at Promise.finally.completed (C:\Users\Javier\Documents\GitHub\TFGRepos\Back\tfg-backend\node_modules\jest-circus\build\jestAdapterInit.js:1557:28)
        at new Promise (<anonymous>)
        at callAsyncCircusFn (C:\Users\Javier\Documents\GitHub\TFGRepos\Back\tfg-backend\node_modules\jest-circus\build\jestAdapterInit.js:1497:10)
        at _callCircusTest (C:\Users\Javier\Documents\GitHub\TFGRepos\Back\tfg-backend\node_modules\jest-circus\build\jestAdapterInit.js:1007:40)
        at processTicksAndRejections (node:internal/process/task_queues:95:5)
        at _runTest (C:\Users\Javier\Documents\GitHub\TFGRepos\Back\tfg-backend\node_modules\jest-circus\build\jestAdapterInit.js:947:3)
        at C:\Users\Javier\Documents\GitHub\TFGRepos\Back\tfg-backend\node_modules\jest-circus\build\jestAdapterInit.js:849:7
        at _runTestsForDescribeBlock (C:\Users\Javier\Documents\GitHub\TFGRepos\Back\tfg-backend\node_modules\jest-circus\build\jestAdapterInit.js:862:11)
        at _runTestsForDescribeBlock (C:\Users\Javier\Documents\GitHub\TFGRepos\Back\tfg-backend\node_modules\jest-circus\build\jestAdapterInit.js:857:11)
        at _runTestsForDescribeBlock (C:\Users\Javier\Documents\GitHub\TFGRepos\Back\tfg-backend\node_modules\jest-circus\build\jestAdapterInit.js:857:11)
        at run (C:\Users\Javier\Documents\GitHub\TFGRepos\Back\tfg-backend\node_modules\jest-circus\build\jestAdapterInit.js:761:3)
        at runAndTransformResultsToJestFormat (C:\Users\Javier\Documents\GitHub\TFGRepos\Back\tfg-backend\node_modules\jest-circus\build\jestAdapterInit.js:1918:21)
        at jestAdapter (C:\Users\Javier\Documents\GitHub\TFGRepos\Back\tfg-backend\node_modules\jest-circus\build\runner.js:101:19)
        at runTestInternal (C:\Users\Javier\Documents\GitHub\TFGRepos\Back\tfg-backend\node_modules\jest-runner\build\testWorker.js:275:16)
        at runTest (C:\Users\Javier\Documents\GitHub\TFGRepos\Back\tfg-backend\node_modules\jest-runner\build\testWorker.js:343:7)
        at Object.worker (C:\Users\Javier\Documents\GitHub\TFGRepos\Back\tfg-backend\node_modules\jest-runner\build\testWorker.js:497:12)

    [0m [90m 36 |[39m     [36mreturn[39m[33m;[39m
     [90m 37 |[39m   }
    [31m[1m>[22m[39m[90m 38 |[39m   originalConsole[33m.[39merror([33m...[39margs)[33m;[39m
     [90m    |[39m                   [31m[1m^[22m[39m
     [90m 39 |[39m }[33m;[39m
     [90m 40 |[39m
     [90m 41 |[39m [90m// Timeout global para tests[39m[0m

      at console.error (tests/setup/test-setup.js:38:19)
      at OrganizationController.error [as updateOrganization] (src/controllers/organization.controller.js:120:15)
      at Object.<anonymous> (tests/unit/controllers/organization.controller.test.js:185:7)

  console.error
    Error al obtener organizaciones del usuario: Error: Service error
        at Object.<anonymous> (C:\Users\Javier\Documents\GitHub\TFGRepos\Back\tfg-backend\tests\unit\controllers\organization.controller.test.js:237:21)
        at Promise.finally.completed (C:\Users\Javier\Documents\GitHub\TFGRepos\Back\tfg-backend\node_modules\jest-circus\build\jestAdapterInit.js:1557:28)
        at new Promise (<anonymous>)
        at callAsyncCircusFn (C:\Users\Javier\Documents\GitHub\TFGRepos\Back\tfg-backend\node_modules\jest-circus\build\jestAdapterInit.js:1497:10)
        at _callCircusTest (C:\Users\Javier\Documents\GitHub\TFGRepos\Back\tfg-backend\node_modules\jest-circus\build\jestAdapterInit.js:1007:40)
        at processTicksAndRejections (node:internal/process/task_queues:95:5)
        at _runTest (C:\Users\Javier\Documents\GitHub\TFGRepos\Back\tfg-backend\node_modules\jest-circus\build\jestAdapterInit.js:947:3)
        at C:\Users\Javier\Documents\GitHub\TFGRepos\Back\tfg-backend\node_modules\jest-circus\build\jestAdapterInit.js:849:7
        at _runTestsForDescribeBlock (C:\Users\Javier\Documents\GitHub\TFGRepos\Back\tfg-backend\node_modules\jest-circus\build\jestAdapterInit.js:862:11)
        at _runTestsForDescribeBlock (C:\Users\Javier\Documents\GitHub\TFGRepos\Back\tfg-backend\node_modules\jest-circus\build\jestAdapterInit.js:857:11)
        at _runTestsForDescribeBlock (C:\Users\Javier\Documents\GitHub\TFGRepos\Back\tfg-backend\node_modules\jest-circus\build\jestAdapterInit.js:857:11)
        at run (C:\Users\Javier\Documents\GitHub\TFGRepos\Back\tfg-backend\node_modules\jest-circus\build\jestAdapterInit.js:761:3)
        at runAndTransformResultsToJestFormat (C:\Users\Javier\Documents\GitHub\TFGRepos\Back\tfg-backend\node_modules\jest-circus\build\jestAdapterInit.js:1918:21)
        at jestAdapter (C:\Users\Javier\Documents\GitHub\TFGRepos\Back\tfg-backend\node_modules\jest-circus\build\runner.js:101:19)
        at runTestInternal (C:\Users\Javier\Documents\GitHub\TFGRepos\Back\tfg-backend\node_modules\jest-runner\build\testWorker.js:275:16)
        at runTest (C:\Users\Javier\Documents\GitHub\TFGRepos\Back\tfg-backend\node_modules\jest-runner\build\testWorker.js:343:7)
        at Object.worker (C:\Users\Javier\Documents\GitHub\TFGRepos\Back\tfg-backend\node_modules\jest-runner\build\testWorker.js:497:12)

    [0m [90m 36 |[39m     [36mreturn[39m[33m;[39m
     [90m 37 |[39m   }
    [31m[1m>[22m[39m[90m 38 |[39m   originalConsole[33m.[39merror([33m...[39margs)[33m;[39m
     [90m    |[39m                   [31m[1m^[22m[39m
     [90m 39 |[39m }[33m;[39m
     [90m 40 |[39m
     [90m 41 |[39m [90m// Timeout global para tests[39m[0m

      at console.error (tests/setup/test-setup.js:38:19)
      at OrganizationController.error [as getMyOrganizations] (src/controllers/organization.controller.js:153:15)
      at Object.<anonymous> (tests/unit/controllers/organization.controller.test.js:240:7)

  console.error
    Error al agregar empleado: Error: No tienes permisos
        at Object.<anonymous> (C:\Users\Javier\Documents\GitHub\TFGRepos\Back\tfg-backend\tests\unit\controllers\organization.controller.test.js:289:21)
        at Promise.finally.completed (C:\Users\Javier\Documents\GitHub\TFGRepos\Back\tfg-backend\node_modules\jest-circus\build\jestAdapterInit.js:1557:28)
        at new Promise (<anonymous>)
        at callAsyncCircusFn (C:\Users\Javier\Documents\GitHub\TFGRepos\Back\tfg-backend\node_modules\jest-circus\build\jestAdapterInit.js:1497:10)
        at _callCircusTest (C:\Users\Javier\Documents\GitHub\TFGRepos\Back\tfg-backend\node_modules\jest-circus\build\jestAdapterInit.js:1007:40)
        at processTicksAndRejections (node:internal/process/task_queues:95:5)
        at _runTest (C:\Users\Javier\Documents\GitHub\TFGRepos\Back\tfg-backend\node_modules\jest-circus\build\jestAdapterInit.js:947:3)
        at C:\Users\Javier\Documents\GitHub\TFGRepos\Back\tfg-backend\node_modules\jest-circus\build\jestAdapterInit.js:849:7
        at _runTestsForDescribeBlock (C:\Users\Javier\Documents\GitHub\TFGRepos\Back\tfg-backend\node_modules\jest-circus\build\jestAdapterInit.js:862:11)
        at _runTestsForDescribeBlock (C:\Users\Javier\Documents\GitHub\TFGRepos\Back\tfg-backend\node_modules\jest-circus\build\jestAdapterInit.js:857:11)
        at _runTestsForDescribeBlock (C:\Users\Javier\Documents\GitHub\TFGRepos\Back\tfg-backend\node_modules\jest-circus\build\jestAdapterInit.js:857:11)
        at run (C:\Users\Javier\Documents\GitHub\TFGRepos\Back\tfg-backend\node_modules\jest-circus\build\jestAdapterInit.js:761:3)
        at runAndTransformResultsToJestFormat (C:\Users\Javier\Documents\GitHub\TFGRepos\Back\tfg-backend\node_modules\jest-circus\build\jestAdapterInit.js:1918:21)
        at jestAdapter (C:\Users\Javier\Documents\GitHub\TFGRepos\Back\tfg-backend\node_modules\jest-circus\build\runner.js:101:19)
        at runTestInternal (C:\Users\Javier\Documents\GitHub\TFGRepos\Back\tfg-backend\node_modules\jest-runner\build\testWorker.js:275:16)
        at runTest (C:\Users\Javier\Documents\GitHub\TFGRepos\Back\tfg-backend\node_modules\jest-runner\build\testWorker.js:343:7)
        at Object.worker (C:\Users\Javier\Documents\GitHub\TFGRepos\Back\tfg-backend\node_modules\jest-runner\build\testWorker.js:497:12)

    [0m [90m 36 |[39m     [36mreturn[39m[33m;[39m
     [90m 37 |[39m   }
    [31m[1m>[22m[39m[90m 38 |[39m   originalConsole[33m.[39merror([33m...[39margs)[33m;[39m
     [90m    |[39m                   [31m[1m^[22m[39m
     [90m 39 |[39m }[33m;[39m
     [90m 40 |[39m
     [90m 41 |[39m [90m// Timeout global para tests[39m[0m

      at console.error (tests/setup/test-setup.js:38:19)
      at OrganizationController.error [as addEmployee] (src/controllers/organization.controller.js:191:15)
      at Object.<anonymous> (tests/unit/controllers/organization.controller.test.js:292:7)

  console.error
    Error al agregar empleado: Error: Unknown error
        at Object.<anonymous> (C:\Users\Javier\Documents\GitHub\TFGRepos\Back\tfg-backend\tests\unit\controllers\organization.controller.test.js:300:21)
        at Promise.finally.completed (C:\Users\Javier\Documents\GitHub\TFGRepos\Back\tfg-backend\node_modules\jest-circus\build\jestAdapterInit.js:1557:28)
        at new Promise (<anonymous>)
        at callAsyncCircusFn (C:\Users\Javier\Documents\GitHub\TFGRepos\Back\tfg-backend\node_modules\jest-circus\build\jestAdapterInit.js:1497:10)
        at _callCircusTest (C:\Users\Javier\Documents\GitHub\TFGRepos\Back\tfg-backend\node_modules\jest-circus\build\jestAdapterInit.js:1007:40)
        at processTicksAndRejections (node:internal/process/task_queues:95:5)
        at _runTest (C:\Users\Javier\Documents\GitHub\TFGRepos\Back\tfg-backend\node_modules\jest-circus\build\jestAdapterInit.js:947:3)
        at C:\Users\Javier\Documents\GitHub\TFGRepos\Back\tfg-backend\node_modules\jest-circus\build\jestAdapterInit.js:849:7
        at _runTestsForDescribeBlock (C:\Users\Javier\Documents\GitHub\TFGRepos\Back\tfg-backend\node_modules\jest-circus\build\jestAdapterInit.js:862:11)
        at _runTestsForDescribeBlock (C:\Users\Javier\Documents\GitHub\TFGRepos\Back\tfg-backend\node_modules\jest-circus\build\jestAdapterInit.js:857:11)
        at _runTestsForDescribeBlock (C:\Users\Javier\Documents\GitHub\TFGRepos\Back\tfg-backend\node_modules\jest-circus\build\jestAdapterInit.js:857:11)
        at run (C:\Users\Javier\Documents\GitHub\TFGRepos\Back\tfg-backend\node_modules\jest-circus\build\jestAdapterInit.js:761:3)
        at runAndTransformResultsToJestFormat (C:\Users\Javier\Documents\GitHub\TFGRepos\Back\tfg-backend\node_modules\jest-circus\build\jestAdapterInit.js:1918:21)
        at jestAdapter (C:\Users\Javier\Documents\GitHub\TFGRepos\Back\tfg-backend\node_modules\jest-circus\build\runner.js:101:19)
        at runTestInternal (C:\Users\Javier\Documents\GitHub\TFGRepos\Back\tfg-backend\node_modules\jest-runner\build\testWorker.js:275:16)
        at runTest (C:\Users\Javier\Documents\GitHub\TFGRepos\Back\tfg-backend\node_modules\jest-runner\build\testWorker.js:343:7)
        at Object.worker (C:\Users\Javier\Documents\GitHub\TFGRepos\Back\tfg-backend\node_modules\jest-runner\build\testWorker.js:497:12)

    [0m [90m 36 |[39m     [36mreturn[39m[33m;[39m
     [90m 37 |[39m   }
    [31m[1m>[22m[39m[90m 38 |[39m   originalConsole[33m.[39merror([33m...[39margs)[33m;[39m
     [90m    |[39m                   [31m[1m^[22m[39m
     [90m 39 |[39m }[33m;[39m
     [90m 40 |[39m
     [90m 41 |[39m [90m// Timeout global para tests[39m[0m

      at console.error (tests/setup/test-setup.js:38:19)
      at OrganizationController.error [as addEmployee] (src/controllers/organization.controller.js:191:15)
      at Object.<anonymous> (tests/unit/controllers/organization.controller.test.js:303:7)

  console.error
    Error al remover empleado: Error: Usuario no encontrado
        at Object.<anonymous> (C:\Users\Javier\Documents\GitHub\TFGRepos\Back\tfg-backend\tests\unit\controllers\organization.controller.test.js:333:21)
        at Promise.finally.completed (C:\Users\Javier\Documents\GitHub\TFGRepos\Back\tfg-backend\node_modules\jest-circus\build\jestAdapterInit.js:1557:28)
        at new Promise (<anonymous>)
        at callAsyncCircusFn (C:\Users\Javier\Documents\GitHub\TFGRepos\Back\tfg-backend\node_modules\jest-circus\build\jestAdapterInit.js:1497:10)
        at _callCircusTest (C:\Users\Javier\Documents\GitHub\TFGRepos\Back\tfg-backend\node_modules\jest-circus\build\jestAdapterInit.js:1007:40)
        at processTicksAndRejections (node:internal/process/task_queues:95:5)
        at _runTest (C:\Users\Javier\Documents\GitHub\TFGRepos\Back\tfg-backend\node_modules\jest-circus\build\jestAdapterInit.js:947:3)
        at C:\Users\Javier\Documents\GitHub\TFGRepos\Back\tfg-backend\node_modules\jest-circus\build\jestAdapterInit.js:849:7
        at _runTestsForDescribeBlock (C:\Users\Javier\Documents\GitHub\TFGRepos\Back\tfg-backend\node_modules\jest-circus\build\jestAdapterInit.js:862:11)
        at _runTestsForDescribeBlock (C:\Users\Javier\Documents\GitHub\TFGRepos\Back\tfg-backend\node_modules\jest-circus\build\jestAdapterInit.js:857:11)
        at _runTestsForDescribeBlock (C:\Users\Javier\Documents\GitHub\TFGRepos\Back\tfg-backend\node_modules\jest-circus\build\jestAdapterInit.js:857:11)
        at run (C:\Users\Javier\Documents\GitHub\TFGRepos\Back\tfg-backend\node_modules\jest-circus\build\jestAdapterInit.js:761:3)
        at runAndTransformResultsToJestFormat (C:\Users\Javier\Documents\GitHub\TFGRepos\Back\tfg-backend\node_modules\jest-circus\build\jestAdapterInit.js:1918:21)
        at jestAdapter (C:\Users\Javier\Documents\GitHub\TFGRepos\Back\tfg-backend\node_modules\jest-circus\build\runner.js:101:19)
        at runTestInternal (C:\Users\Javier\Documents\GitHub\TFGRepos\Back\tfg-backend\node_modules\jest-runner\build\testWorker.js:275:16)
        at runTest (C:\Users\Javier\Documents\GitHub\TFGRepos\Back\tfg-backend\node_modules\jest-runner\build\testWorker.js:343:7)
        at Object.worker (C:\Users\Javier\Documents\GitHub\TFGRepos\Back\tfg-backend\node_modules\jest-runner\build\testWorker.js:497:12)

    [0m [90m 36 |[39m     [36mreturn[39m[33m;[39m
     [90m 37 |[39m   }
    [31m[1m>[22m[39m[90m 38 |[39m   originalConsole[33m.[39merror([33m...[39margs)[33m;[39m
     [90m    |[39m                   [31m[1m^[22m[39m
     [90m 39 |[39m }[33m;[39m
     [90m 40 |[39m
     [90m 41 |[39m [90m// Timeout global para tests[39m[0m

      at console.error (tests/setup/test-setup.js:38:19)
      at OrganizationController.error [as removeEmployee] (src/controllers/organization.controller.js:222:15)
      at Object.<anonymous> (tests/unit/controllers/organization.controller.test.js:336:7)

  console.error
    Error al remover empleado: Error: Unexpected remove error
        at Object.<anonymous> (C:\Users\Javier\Documents\GitHub\TFGRepos\Back\tfg-backend\tests\unit\controllers\organization.controller.test.js:344:21)
        at Promise.finally.completed (C:\Users\Javier\Documents\GitHub\TFGRepos\Back\tfg-backend\node_modules\jest-circus\build\jestAdapterInit.js:1557:28)
        at new Promise (<anonymous>)
        at callAsyncCircusFn (C:\Users\Javier\Documents\GitHub\TFGRepos\Back\tfg-backend\node_modules\jest-circus\build\jestAdapterInit.js:1497:10)
        at _callCircusTest (C:\Users\Javier\Documents\GitHub\TFGRepos\Back\tfg-backend\node_modules\jest-circus\build\jestAdapterInit.js:1007:40)
        at processTicksAndRejections (node:internal/process/task_queues:95:5)
        at _runTest (C:\Users\Javier\Documents\GitHub\TFGRepos\Back\tfg-backend\node_modules\jest-circus\build\jestAdapterInit.js:947:3)
        at C:\Users\Javier\Documents\GitHub\TFGRepos\Back\tfg-backend\node_modules\jest-circus\build\jestAdapterInit.js:849:7
        at _runTestsForDescribeBlock (C:\Users\Javier\Documents\GitHub\TFGRepos\Back\tfg-backend\node_modules\jest-circus\build\jestAdapterInit.js:862:11)
        at _runTestsForDescribeBlock (C:\Users\Javier\Documents\GitHub\TFGRepos\Back\tfg-backend\node_modules\jest-circus\build\jestAdapterInit.js:857:11)
        at _runTestsForDescribeBlock (C:\Users\Javier\Documents\GitHub\TFGRepos\Back\tfg-backend\node_modules\jest-circus\build\jestAdapterInit.js:857:11)
        at run (C:\Users\Javier\Documents\GitHub\TFGRepos\Back\tfg-backend\node_modules\jest-circus\build\jestAdapterInit.js:761:3)
        at runAndTransformResultsToJestFormat (C:\Users\Javier\Documents\GitHub\TFGRepos\Back\tfg-backend\node_modules\jest-circus\build\jestAdapterInit.js:1918:21)
        at jestAdapter (C:\Users\Javier\Documents\GitHub\TFGRepos\Back\tfg-backend\node_modules\jest-circus\build\runner.js:101:19)
        at runTestInternal (C:\Users\Javier\Documents\GitHub\TFGRepos\Back\tfg-backend\node_modules\jest-runner\build\testWorker.js:275:16)
        at runTest (C:\Users\Javier\Documents\GitHub\TFGRepos\Back\tfg-backend\node_modules\jest-runner\build\testWorker.js:343:7)
        at Object.worker (C:\Users\Javier\Documents\GitHub\TFGRepos\Back\tfg-backend\node_modules\jest-runner\build\testWorker.js:497:12)

    [0m [90m 36 |[39m     [36mreturn[39m[33m;[39m
     [90m 37 |[39m   }
    [31m[1m>[22m[39m[90m 38 |[39m   originalConsole[33m.[39merror([33m...[39margs)[33m;[39m
     [90m    |[39m                   [31m[1m^[22m[39m
     [90m 39 |[39m }[33m;[39m
     [90m 40 |[39m
     [90m 41 |[39m [90m// Timeout global para tests[39m[0m

      at console.error (tests/setup/test-setup.js:38:19)
      at OrganizationController.error [as removeEmployee] (src/controllers/organization.controller.js:222:15)
      at Object.<anonymous> (tests/unit/controllers/organization.controller.test.js:347:7)

  console.error
    Error al actualizar estado del empleado: Error: Unexpected status error
        at Object.<anonymous> (C:\Users\Javier\Documents\GitHub\TFGRepos\Back\tfg-backend\tests\unit\controllers\organization.controller.test.js:394:21)
        at Promise.finally.completed (C:\Users\Javier\Documents\GitHub\TFGRepos\Back\tfg-backend\node_modules\jest-circus\build\jestAdapterInit.js:1557:28)
        at new Promise (<anonymous>)
        at callAsyncCircusFn (C:\Users\Javier\Documents\GitHub\TFGRepos\Back\tfg-backend\node_modules\jest-circus\build\jestAdapterInit.js:1497:10)
        at _callCircusTest (C:\Users\Javier\Documents\GitHub\TFGRepos\Back\tfg-backend\node_modules\jest-circus\build\jestAdapterInit.js:1007:40)
        at processTicksAndRejections (node:internal/process/task_queues:95:5)
        at _runTest (C:\Users\Javier\Documents\GitHub\TFGRepos\Back\tfg-backend\node_modules\jest-circus\build\jestAdapterInit.js:947:3)
        at C:\Users\Javier\Documents\GitHub\TFGRepos\Back\tfg-backend\node_modules\jest-circus\build\jestAdapterInit.js:849:7
        at _runTestsForDescribeBlock (C:\Users\Javier\Documents\GitHub\TFGRepos\Back\tfg-backend\node_modules\jest-circus\build\jestAdapterInit.js:862:11)
        at _runTestsForDescribeBlock (C:\Users\Javier\Documents\GitHub\TFGRepos\Back\tfg-backend\node_modules\jest-circus\build\jestAdapterInit.js:857:11)
        at _runTestsForDescribeBlock (C:\Users\Javier\Documents\GitHub\TFGRepos\Back\tfg-backend\node_modules\jest-circus\build\jestAdapterInit.js:857:11)
        at run (C:\Users\Javier\Documents\GitHub\TFGRepos\Back\tfg-backend\node_modules\jest-circus\build\jestAdapterInit.js:761:3)
        at runAndTransformResultsToJestFormat (C:\Users\Javier\Documents\GitHub\TFGRepos\Back\tfg-backend\node_modules\jest-circus\build\jestAdapterInit.js:1918:21)
        at jestAdapter (C:\Users\Javier\Documents\GitHub\TFGRepos\Back\tfg-backend\node_modules\jest-circus\build\runner.js:101:19)
        at runTestInternal (C:\Users\Javier\Documents\GitHub\TFGRepos\Back\tfg-backend\node_modules\jest-runner\build\testWorker.js:275:16)
        at runTest (C:\Users\Javier\Documents\GitHub\TFGRepos\Back\tfg-backend\node_modules\jest-runner\build\testWorker.js:343:7)
        at Object.worker (C:\Users\Javier\Documents\GitHub\TFGRepos\Back\tfg-backend\node_modules\jest-runner\build\testWorker.js:497:12)

    [0m [90m 36 |[39m     [36mreturn[39m[33m;[39m
     [90m 37 |[39m   }
    [31m[1m>[22m[39m[90m 38 |[39m   originalConsole[33m.[39merror([33m...[39margs)[33m;[39m
     [90m    |[39m                   [31m[1m^[22m[39m
     [90m 39 |[39m }[33m;[39m
     [90m 40 |[39m
     [90m 41 |[39m [90m// Timeout global para tests[39m[0m

      at console.error (tests/setup/test-setup.js:38:19)
      at OrganizationController.error [as updateEmployeeStatus] (src/controllers/organization.controller.js:262:15)
      at Object.<anonymous> (tests/unit/controllers/organization.controller.test.js:397:7)

  console.error
    Error al agregar administrador: Error: Solo el administrador principal puede a├▒adir administradores
        at Object.<anonymous> (C:\Users\Javier\Documents\GitHub\TFGRepos\Back\tfg-backend\tests\unit\controllers\organization.controller.test.js:436:21)
        at Promise.finally.completed (C:\Users\Javier\Documents\GitHub\TFGRepos\Back\tfg-backend\node_modules\jest-circus\build\jestAdapterInit.js:1557:28)
        at new Promise (<anonymous>)
        at callAsyncCircusFn (C:\Users\Javier\Documents\GitHub\TFGRepos\Back\tfg-backend\node_modules\jest-circus\build\jestAdapterInit.js:1497:10)
        at _callCircusTest (C:\Users\Javier\Documents\GitHub\TFGRepos\Back\tfg-backend\node_modules\jest-circus\build\jestAdapterInit.js:1007:40)
        at processTicksAndRejections (node:internal/process/task_queues:95:5)
        at _runTest (C:\Users\Javier\Documents\GitHub\TFGRepos\Back\tfg-backend\node_modules\jest-circus\build\jestAdapterInit.js:947:3)
        at C:\Users\Javier\Documents\GitHub\TFGRepos\Back\tfg-backend\node_modules\jest-circus\build\jestAdapterInit.js:849:7
        at _runTestsForDescribeBlock (C:\Users\Javier\Documents\GitHub\TFGRepos\Back\tfg-backend\node_modules\jest-circus\build\jestAdapterInit.js:862:11)
        at _runTestsForDescribeBlock (C:\Users\Javier\Documents\GitHub\TFGRepos\Back\tfg-backend\node_modules\jest-circus\build\jestAdapterInit.js:857:11)
        at _runTestsForDescribeBlock (C:\Users\Javier\Documents\GitHub\TFGRepos\Back\tfg-backend\node_modules\jest-circus\build\jestAdapterInit.js:857:11)
        at run (C:\Users\Javier\Documents\GitHub\TFGRepos\Back\tfg-backend\node_modules\jest-circus\build\jestAdapterInit.js:761:3)
        at runAndTransformResultsToJestFormat (C:\Users\Javier\Documents\GitHub\TFGRepos\Back\tfg-backend\node_modules\jest-circus\build\jestAdapterInit.js:1918:21)
        at jestAdapter (C:\Users\Javier\Documents\GitHub\TFGRepos\Back\tfg-backend\node_modules\jest-circus\build\runner.js:101:19)
        at runTestInternal (C:\Users\Javier\Documents\GitHub\TFGRepos\Back\tfg-backend\node_modules\jest-runner\build\testWorker.js:275:16)
        at runTest (C:\Users\Javier\Documents\GitHub\TFGRepos\Back\tfg-backend\node_modules\jest-runner\build\testWorker.js:343:7)
        at Object.worker (C:\Users\Javier\Documents\GitHub\TFGRepos\Back\tfg-backend\node_modules\jest-runner\build\testWorker.js:497:12)

    [0m [90m 36 |[39m     [36mreturn[39m[33m;[39m
     [90m 37 |[39m   }
    [31m[1m>[22m[39m[90m 38 |[39m   originalConsole[33m.[39merror([33m...[39margs)[33m;[39m
     [90m    |[39m                   [31m[1m^[22m[39m
     [90m 39 |[39m }[33m;[39m
     [90m 40 |[39m
     [90m 41 |[39m [90m// Timeout global para tests[39m[0m

      at console.error (tests/setup/test-setup.js:38:19)
      at OrganizationController.error [as addAdmin] (src/controllers/organization.controller.js:301:15)
      at Object.<anonymous> (tests/unit/controllers/organization.controller.test.js:439:7)

  console.error
    Error al desactivar organizaci├│n: Error: Solo el administrador principal puede desactivar
        at Object.<anonymous> (C:\Users\Javier\Documents\GitHub\TFGRepos\Back\tfg-backend\tests\unit\controllers\organization.controller.test.js:568:21)
        at Promise.finally.completed (C:\Users\Javier\Documents\GitHub\TFGRepos\Back\tfg-backend\node_modules\jest-circus\build\jestAdapterInit.js:1557:28)
        at new Promise (<anonymous>)
        at callAsyncCircusFn (C:\Users\Javier\Documents\GitHub\TFGRepos\Back\tfg-backend\node_modules\jest-circus\build\jestAdapterInit.js:1497:10)
        at _callCircusTest (C:\Users\Javier\Documents\GitHub\TFGRepos\Back\tfg-backend\node_modules\jest-circus\build\jestAdapterInit.js:1007:40)
        at processTicksAndRejections (node:internal/process/task_queues:95:5)
        at _runTest (C:\Users\Javier\Documents\GitHub\TFGRepos\Back\tfg-backend\node_modules\jest-circus\build\jestAdapterInit.js:947:3)
        at C:\Users\Javier\Documents\GitHub\TFGRepos\Back\tfg-backend\node_modules\jest-circus\build\jestAdapterInit.js:849:7
        at _runTestsForDescribeBlock (C:\Users\Javier\Documents\GitHub\TFGRepos\Back\tfg-backend\node_modules\jest-circus\build\jestAdapterInit.js:862:11)
        at _runTestsForDescribeBlock (C:\Users\Javier\Documents\GitHub\TFGRepos\Back\tfg-backend\node_modules\jest-circus\build\jestAdapterInit.js:857:11)
        at _runTestsForDescribeBlock (C:\Users\Javier\Documents\GitHub\TFGRepos\Back\tfg-backend\node_modules\jest-circus\build\jestAdapterInit.js:857:11)
        at run (C:\Users\Javier\Documents\GitHub\TFGRepos\Back\tfg-backend\node_modules\jest-circus\build\jestAdapterInit.js:761:3)
        at runAndTransformResultsToJestFormat (C:\Users\Javier\Documents\GitHub\TFGRepos\Back\tfg-backend\node_modules\jest-circus\build\jestAdapterInit.js:1918:21)
        at jestAdapter (C:\Users\Javier\Documents\GitHub\TFGRepos\Back\tfg-backend\node_modules\jest-circus\build\runner.js:101:19)
        at runTestInternal (C:\Users\Javier\Documents\GitHub\TFGRepos\Back\tfg-backend\node_modules\jest-runner\build\testWorker.js:275:16)
        at runTest (C:\Users\Javier\Documents\GitHub\TFGRepos\Back\tfg-backend\node_modules\jest-runner\build\testWorker.js:343:7)
        at Object.worker (C:\Users\Javier\Documents\GitHub\TFGRepos\Back\tfg-backend\node_modules\jest-runner\build\testWorker.js:497:12)

    [0m [90m 36 |[39m     [36mreturn[39m[33m;[39m
     [90m 37 |[39m   }
    [31m[1m>[22m[39m[90m 38 |[39m   originalConsole[33m.[39merror([33m...[39margs)[33m;[39m
     [90m    |[39m                   [31m[1m^[22m[39m
     [90m 39 |[39m }[33m;[39m
     [90m 40 |[39m
     [90m 41 |[39m [90m// Timeout global para tests[39m[0m

      at console.error (tests/setup/test-setup.js:38:19)
      at OrganizationController.error [as deactivateOrganization] (src/controllers/organization.controller.js:394:15)
      at Object.<anonymous> (tests/unit/controllers/organization.controller.test.js:571:7)

PASS tests/unit/services/notificationChannels/PushChannel.test.js
  PushChannel - Unit Tests
    ÔêÜ send should return failed and not implemented (33 ms)
    ÔêÜ canSend should return false when recipient missing or push disabled (1 ms)

  console.error
    Error al actualizar configuraci├│n: Error: No tienes permisos
        at Object.<anonymous> (C:\Users\Javier\Documents\GitHub\TFGRepos\Back\tfg-backend\tests\unit\controllers\organization.controller.test.js:613:21)
        at Promise.finally.completed (C:\Users\Javier\Documents\GitHub\TFGRepos\Back\tfg-backend\node_modules\jest-circus\build\jestAdapterInit.js:1557:28)
        at new Promise (<anonymous>)
        at callAsyncCircusFn (C:\Users\Javier\Documents\GitHub\TFGRepos\Back\tfg-backend\node_modules\jest-circus\build\jestAdapterInit.js:1497:10)
        at _callCircusTest (C:\Users\Javier\Documents\GitHub\TFGRepos\Back\tfg-backend\node_modules\jest-circus\build\jestAdapterInit.js:1007:40)
        at processTicksAndRejections (node:internal/process/task_queues:95:5)
        at _runTest (C:\Users\Javier\Documents\GitHub\TFGRepos\Back\tfg-backend\node_modules\jest-circus\build\jestAdapterInit.js:947:3)
        at C:\Users\Javier\Documents\GitHub\TFGRepos\Back\tfg-backend\node_modules\jest-circus\build\jestAdapterInit.js:849:7
        at _runTestsForDescribeBlock (C:\Users\Javier\Documents\GitHub\TFGRepos\Back\tfg-backend\node_modules\jest-circus\build\jestAdapterInit.js:862:11)
        at _runTestsForDescribeBlock (C:\Users\Javier\Documents\GitHub\TFGRepos\Back\tfg-backend\node_modules\jest-circus\build\jestAdapterInit.js:857:11)
        at _runTestsForDescribeBlock (C:\Users\Javier\Documents\GitHub\TFGRepos\Back\tfg-backend\node_modules\jest-circus\build\jestAdapterInit.js:857:11)
        at run (C:\Users\Javier\Documents\GitHub\TFGRepos\Back\tfg-backend\node_modules\jest-circus\build\jestAdapterInit.js:761:3)
        at runAndTransformResultsToJestFormat (C:\Users\Javier\Documents\GitHub\TFGRepos\Back\tfg-backend\node_modules\jest-circus\build\jestAdapterInit.js:1918:21)
        at jestAdapter (C:\Users\Javier\Documents\GitHub\TFGRepos\Back\tfg-backend\node_modules\jest-circus\build\runner.js:101:19)
        at runTestInternal (C:\Users\Javier\Documents\GitHub\TFGRepos\Back\tfg-backend\node_modules\jest-runner\build\testWorker.js:275:16)
        at runTest (C:\Users\Javier\Documents\GitHub\TFGRepos\Back\tfg-backend\node_modules\jest-runner\build\testWorker.js:343:7)
        at Object.worker (C:\Users\Javier\Documents\GitHub\TFGRepos\Back\tfg-backend\node_modules\jest-runner\build\testWorker.js:497:12)

    [0m [90m 36 |[39m     [36mreturn[39m[33m;[39m
     [90m 37 |[39m   }
    [31m[1m>[22m[39m[90m 38 |[39m   originalConsole[33m.[39merror([33m...[39margs)[33m;[39m
     [90m    |[39m                   [31m[1m^[22m[39m
     [90m 39 |[39m }[33m;[39m
     [90m 40 |[39m
     [90m 41 |[39m [90m// Timeout global para tests[39m[0m

      at console.error (tests/setup/test-setup.js:38:19)
      at OrganizationController.error [as updateSettings] (src/controllers/organization.controller.js:453:15)
      at Object.<anonymous> (tests/unit/controllers/organization.controller.test.js:616:7)

  console.error
    Error al obtener estad├¡sticas: Error: No tienes permisos
        at Object.<anonymous> (C:\Users\Javier\Documents\GitHub\TFGRepos\Back\tfg-backend\tests\unit\controllers\organization.controller.test.js:647:21)
        at Promise.finally.completed (C:\Users\Javier\Documents\GitHub\TFGRepos\Back\tfg-backend\node_modules\jest-circus\build\jestAdapterInit.js:1557:28)
        at new Promise (<anonymous>)
        at callAsyncCircusFn (C:\Users\Javier\Documents\GitHub\TFGRepos\Back\tfg-backend\node_modules\jest-circus\build\jestAdapterInit.js:1497:10)
        at _callCircusTest (C:\Users\Javier\Documents\GitHub\TFGRepos\Back\tfg-backend\node_modules\jest-circus\build\jestAdapterInit.js:1007:40)
        at processTicksAndRejections (node:internal/process/task_queues:95:5)
        at _runTest (C:\Users\Javier\Documents\GitHub\TFGRepos\Back\tfg-backend\node_modules\jest-circus\build\jestAdapterInit.js:947:3)
        at C:\Users\Javier\Documents\GitHub\TFGRepos\Back\tfg-backend\node_modules\jest-circus\build\jestAdapterInit.js:849:7
        at _runTestsForDescribeBlock (C:\Users\Javier\Documents\GitHub\TFGRepos\Back\tfg-backend\node_modules\jest-circus\build\jestAdapterInit.js:862:11)
        at _runTestsForDescribeBlock (C:\Users\Javier\Documents\GitHub\TFGRepos\Back\tfg-backend\node_modules\jest-circus\build\jestAdapterInit.js:857:11)
        at _runTestsForDescribeBlock (C:\Users\Javier\Documents\GitHub\TFGRepos\Back\tfg-backend\node_modules\jest-circus\build\jestAdapterInit.js:857:11)
        at run (C:\Users\Javier\Documents\GitHub\TFGRepos\Back\tfg-backend\node_modules\jest-circus\build\jestAdapterInit.js:761:3)
        at runAndTransformResultsToJestFormat (C:\Users\Javier\Documents\GitHub\TFGRepos\Back\tfg-backend\node_modules\jest-circus\build\jestAdapterInit.js:1918:21)
        at jestAdapter (C:\Users\Javier\Documents\GitHub\TFGRepos\Back\tfg-backend\node_modules\jest-circus\build\runner.js:101:19)
        at runTestInternal (C:\Users\Javier\Documents\GitHub\TFGRepos\Back\tfg-backend\node_modules\jest-runner\build\testWorker.js:275:16)
        at runTest (C:\Users\Javier\Documents\GitHub\TFGRepos\Back\tfg-backend\node_modules\jest-runner\build\testWorker.js:343:7)
        at Object.worker (C:\Users\Javier\Documents\GitHub\TFGRepos\Back\tfg-backend\node_modules\jest-runner\build\testWorker.js:497:12)

    [0m [90m 36 |[39m     [36mreturn[39m[33m;[39m
     [90m 37 |[39m   }
    [31m[1m>[22m[39m[90m 38 |[39m   originalConsole[33m.[39merror([33m...[39margs)[33m;[39m
     [90m    |[39m                   [31m[1m^[22m[39m
     [90m 39 |[39m }[33m;[39m
     [90m 40 |[39m
     [90m 41 |[39m [90m// Timeout global para tests[39m[0m

      at console.error (tests/setup/test-setup.js:38:19)
      at OrganizationController.error [as getStats] (src/controllers/organization.controller.js:479:15)
      at Object.<anonymous> (tests/unit/controllers/organization.controller.test.js:650:7)

  console.error
    Error al asignar rol de jefe de proyecto: Error: Organizaci├│n no encontrada
        at Object.<anonymous> (C:\Users\Javier\Documents\GitHub\TFGRepos\Back\tfg-backend\tests\unit\controllers\organization.controller.test.js:714:21)
        at Promise.finally.completed (C:\Users\Javier\Documents\GitHub\TFGRepos\Back\tfg-backend\node_modules\jest-circus\build\jestAdapterInit.js:1557:28)
        at new Promise (<anonymous>)
        at callAsyncCircusFn (C:\Users\Javier\Documents\GitHub\TFGRepos\Back\tfg-backend\node_modules\jest-circus\build\jestAdapterInit.js:1497:10)
        at _callCircusTest (C:\Users\Javier\Documents\GitHub\TFGRepos\Back\tfg-backend\node_modules\jest-circus\build\jestAdapterInit.js:1007:40)
        at processTicksAndRejections (node:internal/process/task_queues:95:5)
        at _runTest (C:\Users\Javier\Documents\GitHub\TFGRepos\Back\tfg-backend\node_modules\jest-circus\build\jestAdapterInit.js:947:3)
        at C:\Users\Javier\Documents\GitHub\TFGRepos\Back\tfg-backend\node_modules\jest-circus\build\jestAdapterInit.js:849:7
        at _runTestsForDescribeBlock (C:\Users\Javier\Documents\GitHub\TFGRepos\Back\tfg-backend\node_modules\jest-circus\build\jestAdapterInit.js:862:11)
        at _runTestsForDescribeBlock (C:\Users\Javier\Documents\GitHub\TFGRepos\Back\tfg-backend\node_modules\jest-circus\build\jestAdapterInit.js:857:11)
        at _runTestsForDescribeBlock (C:\Users\Javier\Documents\GitHub\TFGRepos\Back\tfg-backend\node_modules\jest-circus\build\jestAdapterInit.js:857:11)
        at run (C:\Users\Javier\Documents\GitHub\TFGRepos\Back\tfg-backend\node_modules\jest-circus\build\jestAdapterInit.js:761:3)
        at runAndTransformResultsToJestFormat (C:\Users\Javier\Documents\GitHub\TFGRepos\Back\tfg-backend\node_modules\jest-circus\build\jestAdapterInit.js:1918:21)
        at jestAdapter (C:\Users\Javier\Documents\GitHub\TFGRepos\Back\tfg-backend\node_modules\jest-circus\build\runner.js:101:19)
        at runTestInternal (C:\Users\Javier\Documents\GitHub\TFGRepos\Back\tfg-backend\node_modules\jest-runner\build\testWorker.js:275:16)
        at runTest (C:\Users\Javier\Documents\GitHub\TFGRepos\Back\tfg-backend\node_modules\jest-runner\build\testWorker.js:343:7)
        at Object.worker (C:\Users\Javier\Documents\GitHub\TFGRepos\Back\tfg-backend\node_modules\jest-runner\build\testWorker.js:497:12)

    [0m [90m 36 |[39m     [36mreturn[39m[33m;[39m
     [90m 37 |[39m   }
    [31m[1m>[22m[39m[90m 38 |[39m   originalConsole[33m.[39merror([33m...[39margs)[33m;[39m
     [90m    |[39m                   [31m[1m^[22m[39m
     [90m 39 |[39m }[33m;[39m
     [90m 40 |[39m
     [90m 41 |[39m [90m// Timeout global para tests[39m[0m

      at console.error (tests/setup/test-setup.js:38:19)
      at OrganizationController.error [as setProjectManagerRole] (src/controllers/organization.controller.js:521:15)
      at Object.<anonymous> (tests/unit/controllers/organization.controller.test.js:717:7)

  console.error
    Error al obtener jefes de proyecto: Error: Organizaci├│n no encontrada
        at Object.<anonymous> (C:\Users\Javier\Documents\GitHub\TFGRepos\Back\tfg-backend\tests\unit\controllers\organization.controller.test.js:745:21)
        at Promise.finally.completed (C:\Users\Javier\Documents\GitHub\TFGRepos\Back\tfg-backend\node_modules\jest-circus\build\jestAdapterInit.js:1557:28)
        at new Promise (<anonymous>)
        at callAsyncCircusFn (C:\Users\Javier\Documents\GitHub\TFGRepos\Back\tfg-backend\node_modules\jest-circus\build\jestAdapterInit.js:1497:10)
        at _callCircusTest (C:\Users\Javier\Documents\GitHub\TFGRepos\Back\tfg-backend\node_modules\jest-circus\build\jestAdapterInit.js:1007:40)
        at processTicksAndRejections (node:internal/process/task_queues:95:5)
        at _runTest (C:\Users\Javier\Documents\GitHub\TFGRepos\Back\tfg-backend\node_modules\jest-circus\build\jestAdapterInit.js:947:3)
        at C:\Users\Javier\Documents\GitHub\TFGRepos\Back\tfg-backend\node_modules\jest-circus\build\jestAdapterInit.js:849:7
        at _runTestsForDescribeBlock (C:\Users\Javier\Documents\GitHub\TFGRepos\Back\tfg-backend\node_modules\jest-circus\build\jestAdapterInit.js:862:11)
        at _runTestsForDescribeBlock (C:\Users\Javier\Documents\GitHub\TFGRepos\Back\tfg-backend\node_modules\jest-circus\build\jestAdapterInit.js:857:11)
        at _runTestsForDescribeBlock (C:\Users\Javier\Documents\GitHub\TFGRepos\Back\tfg-backend\node_modules\jest-circus\build\jestAdapterInit.js:857:11)
        at run (C:\Users\Javier\Documents\GitHub\TFGRepos\Back\tfg-backend\node_modules\jest-circus\build\jestAdapterInit.js:761:3)
        at runAndTransformResultsToJestFormat (C:\Users\Javier\Documents\GitHub\TFGRepos\Back\tfg-backend\node_modules\jest-circus\build\jestAdapterInit.js:1918:21)
        at jestAdapter (C:\Users\Javier\Documents\GitHub\TFGRepos\Back\tfg-backend\node_modules\jest-circus\build\runner.js:101:19)
        at runTestInternal (C:\Users\Javier\Documents\GitHub\TFGRepos\Back\tfg-backend\node_modules\jest-runner\build\testWorker.js:275:16)
        at runTest (C:\Users\Javier\Documents\GitHub\TFGRepos\Back\tfg-backend\node_modules\jest-runner\build\testWorker.js:343:7)
        at Object.worker (C:\Users\Javier\Documents\GitHub\TFGRepos\Back\tfg-backend\node_modules\jest-runner\build\testWorker.js:497:12)

    [0m [90m 36 |[39m     [36mreturn[39m[33m;[39m
     [90m 37 |[39m   }
    [31m[1m>[22m[39m[90m 38 |[39m   originalConsole[33m.[39merror([33m...[39margs)[33m;[39m
     [90m    |[39m                   [31m[1m^[22m[39m
     [90m 39 |[39m }[33m;[39m
     [90m 40 |[39m
     [90m 41 |[39m [90m// Timeout global para tests[39m[0m

      at console.error (tests/setup/test-setup.js:38:19)
      at OrganizationController.error [as getProjectManagers] (src/controllers/organization.controller.js:553:15)
      at Object.<anonymous> (tests/unit/controllers/organization.controller.test.js:748:7)

PASS tests/unit/controllers/organization.controller.test.js
  Organization Controller - Unit Tests
    createOrganization
      ÔêÜ should create organization successfully (5 ms)
      ÔêÜ should return 409 when admin already manages organization (51 ms)
      ÔêÜ should return 400 for other errors (8 ms)
    getOrganization
      ÔêÜ should get organization successfully (2 ms)
      ÔêÜ should include employees when requested (1 ms)
      ÔêÜ should return 404 when organization not found (3 ms)
      ÔêÜ should return 400 for other errors (5 ms)
    updateOrganization
      ÔêÜ should update organization successfully (1 ms)
      ÔêÜ should return 403 for permission errors (12 ms)
      ÔêÜ should return 404 when organization not found (4 ms)
      ÔêÜ should return 400 for other errors (6 ms)
    getMyOrganizations
      ÔêÜ should return organizations for org_admin (1 ms)
      ÔêÜ should return organizations for employee (1 ms)
      ÔêÜ should return empty array for unknown role (1 ms)
      ÔêÜ should handle errors (4 ms)
    addEmployee
      ÔêÜ should add employee successfully (1 ms)
      ÔêÜ should return error when userId is missing
      ÔêÜ should return 403 for permission errors (7 ms)
      ÔêÜ should return 400 for other errors (3 ms)
    removeEmployee
      ÔêÜ should remove employee successfully (1 ms)
      ÔêÜ should handle not found errors (2 ms)
      ÔêÜ should return 400 for other errors (3 ms)
    updateEmployeeStatus
      ÔêÜ should update employee status successfully (14 ms)
      ÔêÜ should return error when status is missing (1 ms)
      ÔêÜ should return 400 for other errors (6 ms)
    addAdmin
      ÔêÜ should add admin successfully (2 ms)
      ÔêÜ should return error when userId is missing
      ÔêÜ should return 403 for non-principal admin (3 ms)
    getEmployees
      ÔêÜ should get employees successfully (2 ms)
      ÔêÜ should apply filters when provided (1 ms)
    searchOrganizations
      ÔêÜ should search organizations with filters (1 ms)
      ÔêÜ should use default pagination values (1 ms)
    deactivateOrganization
      ÔêÜ should deactivate organization successfully (1 ms)
      ÔêÜ should return 403 for non-principal admin (6 ms)
    activateOrganization
      ÔêÜ should activate organization successfully (1 ms)
    updateSettings
      ÔêÜ should update settings successfully (1 ms)
      ÔêÜ should handle permission errors (3 ms)
    getStats
      ÔêÜ should get organization stats successfully (1 ms)
      ÔêÜ should handle permission errors (3 ms)
    setProjectManagerRole
      ÔêÜ should assign project manager role successfully (1 ms)
      ÔêÜ should remove project manager role successfully (1 ms)
      ÔêÜ should return error when isProjectManager is not boolean (1 ms)
      ÔêÜ should return 404 when employee not found (6 ms)
    getProjectManagers
      ÔêÜ should get project managers successfully (2 ms)
      ÔêÜ should handle not found errors (4 ms)

PASS tests/unit/utils/responseHandler.test.js
  ResponseHandler
    success
      ÔêÜ should send success response with default status 200 (5 ms)
      ÔêÜ should send success response with custom status code (2 ms)
      ÔêÜ should spread data object properties (2 ms)
    error
      ÔêÜ should send error response with default status 400 (1 ms)
      ÔêÜ should send error response with custom status code (3 ms)
      ÔêÜ should handle empty error message (1 ms)
    handleError
      ÔêÜ should handle AppError instances (3 ms)
      ÔêÜ should handle errors with code property (1 ms)
      ÔêÜ should handle known error messages from errorMap (1 ms)
      ÔêÜ should handle INVALID_CREDENTIALS error (1 ms)
      ÔêÜ should handle unknown errors with 500 status (98 ms)
      ÔêÜ should use error statusCode if available (2 ms)
      ÔêÜ should handle Project not found error (1 ms)
      ÔêÜ should handle Organization not found error (1 ms)
      ÔêÜ should log error to console (1 ms)
      ÔêÜ should handle BFI44 validation errors (1 ms)
      ÔêÜ should handle curriculum processing errors (1 ms)
      ÔêÜ should handle TOO_MANY_ATTEMPTS error (1 ms)
    redirect
      ÔêÜ should redirect to specified URL (11 ms)
      ÔêÜ should handle external URLs (1 ms)
    Edge Cases
      ÔêÜ should handle null error (1 ms)
      ÔêÜ should handle error without message (1 ms)
      ÔêÜ should handle empty data in success (1 ms)
      ÔêÜ should handle nested data structures (5 ms)

PASS tests/unit/services/decisionTree.service.test.js
  decisionTree.service - Unit Tests
    ÔêÜ checkConflictEscalationRisk returns null when personality is unavailable (2 ms)
    ÔêÜ checkConflictEscalationRisk returns a risk object for low agreeableness + high variance (4 ms)

PASS tests/unit/utils/cvUtils.test.js
  CVUtils
    extractEmails
      ÔêÜ should extract valid email addresses (4 ms)
      ÔêÜ should return empty array if no emails found (2 ms)
      ÔêÜ should handle multiple occurrences of same email (1 ms)
      ÔêÜ should convert emails to lowercase (1 ms)
    extractPhones
      ÔêÜ should extract phone numbers in various formats (2 ms)
      ÔêÜ should extract international phone numbers (120 ms)
      ÔêÜ should return empty array if no phones found (3 ms)
      ÔêÜ should handle phone numbers with parentheses
    extractUrls
      ÔêÜ should extract HTTP URLs
      ÔêÜ should extract HTTPS URLs (1 ms)
      ÔêÜ should extract multiple URLs (1 ms)
      ÔêÜ should return empty array if no URLs found
    extractLinkedIn
      ÔêÜ should extract LinkedIn URLs (1 ms)
      ÔêÜ should extract LinkedIn URL without protocol (1 ms)
      ÔêÜ should return null if no LinkedIn URL found
    extractGitHub
      ÔêÜ should extract GitHub URLs (2 ms)
      ÔêÜ should extract GitHub URL without protocol
      ÔêÜ should return null if no GitHub URL found
    extractDates
      ÔêÜ should extract year dates (2 ms)
      ÔêÜ should extract MM/YYYY dates (2 ms)
      ÔêÜ should detect "present" keyword
      ÔêÜ should detect "current" keyword (1 ms)
      ÔêÜ should extract month year combinations
    normalizeText
      ÔêÜ should remove extra whitespace
      ÔêÜ should remove tabs (1 ms)
      ÔêÜ should handle null or empty text
      ÔêÜ should preserve line breaks (1 ms)
    splitIntoSections
      ÔêÜ should split text into sections (4 ms)
      ÔêÜ should handle case insensitive keywords (1 ms)
      ÔêÜ should return empty object if no sections found (1 ms)
    extractSkills
      ÔêÜ should extract common programming skills (1 ms)
    cleanText
      ÔêÜ should clean special characters if method exists
    Edge Cases
      ÔêÜ should handle very long text (1 ms)
      ÔêÜ should handle text with special characters (1 ms)
      ÔêÜ should handle mixed language text (1 ms)

PASS tests/unit/services/cvExtractors/contactExtractor.test.js
  ContactExtractor - Unit Tests
    extract
      ÔêÜ deber├¡a extraer email correctamente (4 ms)
      ÔêÜ deber├¡a extraer tel├®fonos correctamente (99 ms)
      ÔêÜ deber├¡a extraer LinkedIn correctamente (1 ms)
      ÔêÜ deber├¡a extraer GitHub correctamente (1 ms)
      ÔêÜ deber├¡a retornar estructura vac├¡a si no hay datos (1 ms)
      ÔêÜ deber├¡a extraer informaci├│n completa de contacto (2 ms)
      ÔêÜ deber├¡a manejar m├║ltiples emails y tomar el primero (1 ms)

PASS tests/unit/utils/notificationValidator.test.js
  NotificationValidator - Unit Tests
    validateCreateNotification
      ÔêÜ should pass validation with valid data (4 ms)
      ÔêÜ should fail when recipientId is missing (7 ms)
      ÔêÜ should fail when type is missing (2 ms)
      ÔêÜ should fail when type is invalid (1 ms)
      ÔêÜ should fail when title is missing (1 ms)
      ÔêÜ should fail when title is empty string (1 ms)
      ÔêÜ should fail when title exceeds 200 characters (6 ms)
      ÔêÜ should fail when message is missing (4 ms)
      ÔêÜ should fail when message exceeds 1000 characters (1 ms)
      ÔêÜ should fail when channels is not an array (1 ms)
      ÔêÜ should fail when channels contains invalid values (1 ms)
      ÔêÜ should fail when priority is invalid (3 ms)
    validateBulkNotification
      ÔêÜ should pass validation with valid data (1 ms)
      ÔêÜ should fail when recipientIds is missing
      ÔêÜ should fail when recipientIds is not an array (1 ms)
      ÔêÜ should fail when recipientIds is empty (1 ms)
      ÔêÜ should fail when recipientIds exceeds 1000 items (1 ms)
    validateSendToRole
      ÔêÜ should pass validation with valid data (4 ms)
      ÔêÜ should fail when role is missing (1 ms)
      ÔêÜ should fail when role is invalid (1 ms)
      ÔêÜ should accept valid roles (1 ms)
    validateGetNotifications
      ÔêÜ should pass validation with valid query params (2 ms)
      ÔêÜ should fail when page is less than 1 (86 ms)
      ÔêÜ should fail when page is not a number
      ÔêÜ should fail when limit is less than 1 (1 ms)
      ÔêÜ should fail when limit exceeds 100 (1 ms)
      ÔêÜ should fail when status is invalid (8 ms)
      ÔêÜ should accept valid statuses (2 ms)
      ÔêÜ should pass with empty query (5 ms)

PASS tests/unit/services/cvExtractors/certificationsExtractor.test.js
  CertificationsExtractor - Unit Tests
    ÔêÜ should return empty array when no sectionText (9 ms)
    ÔêÜ should extract certification entries with dates, credentialId and url (74 ms)

PASS tests/integration/cvInteractiveQuestionnaire.test.js
  Curriculum Interactive Questionnaire Flow
    Questionnaire Flow
      ÔêÜ should start questionnaire with initial questions in English (10 ms)
      ÔêÜ should start questionnaire with initial questions in Spanish (1 ms)
      ÔêÜ should return no questions if curriculum is already complete (1 ms)
      ÔêÜ should process responses and move to next phase (1 ms)
      ÔêÜ should skip empty phases and move to next phase with questions (2 ms)
      ÔêÜ should finalize questionnaire when all phases are complete (1 ms)
      ÔêÜ should handle multilingual questionnaire (English -> Spanish) (2 ms)
      ÔêÜ should handle conditional questions in availability phase (1 ms)
      ÔêÜ should include conditional questions when conditions are met (1 ms)
    Response Validation
      ÔêÜ should validate email responses (2 ms)
      ÔêÜ should validate required fields (1 ms)
      ÔêÜ should validate date responses (44 ms)
      ÔêÜ should validate select responses (3 ms)
      ÔêÜ should validate boolean responses (3 ms)
      ÔêÜ should validate array responses (1 ms)
      ÔêÜ should support multilingual validation messages (5 ms)
    Session Management
      ÔêÜ should create questionnaire session with correct data (2 ms)
      ÔêÜ should default to English if language is not supported (1 ms)
      ÔêÜ should have unique session IDs (1 ms)
    Progress Tracking
      ÔêÜ should track progress through questionnaire phases (1 ms)
      ÔêÜ should update completeness score as responses are provided (1 ms)

PASS tests/unit/services/cvExtractors/skillsExtractor.test.js
  SkillsExtractor - Unit Tests
    extract
      ÔêÜ deber├¡a retornar estructura vac├¡a si no hay texto (9 ms)
      ÔêÜ deber├¡a retornar estructura vac├¡a si texto es null (6 ms)
      ÔêÜ deber├¡a extraer habilidades t├®cnicas del diccionario (3 ms)
      ÔêÜ deber├¡a manejar diccionario vac├¡o (1 ms)
      ÔêÜ deber├¡a extraer habilidades sin diccionario (1 ms)
      ÔêÜ deber├¡a normalizar el texto antes de procesar (2 ms)
      ÔêÜ deber├¡a manejar texto con m├║ltiples l├¡neas (2 ms)

PASS tests/unit/services/seedCases.service.test.js
  seedCases.service - Unit Tests
    ÔêÜ loadSeedCases should return loaded=false when seeds already exist (4 ms)
    ÔêÜ loadSeedCases should insert seeds when missing (2 ms)
    ÔêÜ deleteSeedCases should return deletedCount (1 ms)

PASS tests/unit/services/cvExtractors/projectsExtractor.test.js
  ProjectsExtractor - Unit Tests
    ÔêÜ should return empty array when sectionText is empty (4 ms)
    ÔêÜ should extract project entry with urls, dates and technologies (7 ms)
    ÔêÜ should split multiple projects into multiple entries (2 ms)

PASS tests/unit/services/cvExtractors/languagesExtractor.test.js
  LanguagesExtractor - Unit Tests
    ÔêÜ should return empty array when no text (4 ms)
    ÔêÜ should extract language with normalized level from dictionary (1 ms)
    ÔêÜ should detect CEFR levels from common patterns (1 ms)
    ÔêÜ should default to intermedio when level is not provided (8 ms)

PASS tests/unit/services/i18n.synergy.test.js
  i18n - Synergy Translations
    translateSynergy
      ÔêÜ should return Spanish role name by default (3 ms)
      ÔêÜ should return English role name when lang is en
      ÔêÜ should return Spanish project fit message with params (4 ms)
      ÔêÜ should fall back to default language for unsupported lang
    translateSynergyObject - not available
      ÔêÜ should translate message and recommendation when synergy is not available (es) (1 ms)
      ÔêÜ should keep English messages when lang is en (1 ms)
    translateSynergyObject - full synergy
      ÔêÜ should translate project profile to Spanish (2 ms)
      ÔêÜ should translate role names in assignments to Spanish (1 ms)
      ÔêÜ should translate score levels to Spanish (1 ms)
      ÔêÜ should translate project fit message to Spanish (1 ms)
      ÔêÜ should translate previous collaborations message to Spanish (2 ms)
      ÔêÜ should translate recommendations to Spanish (1 ms)
      ÔêÜ should keep English values when lang is en (58 ms)
      ÔêÜ should return null for null input (5 ms)
      ÔêÜ should translate explanation summary when present (1 ms)
    translateSynergyValidation - addition messages
      ÔêÜ should translate excellent addition message to Spanish (1 ms)
      ÔêÜ should translate good addition message to Spanish (1 ms)
      ÔêÜ should translate neutral addition message to Spanish (3 ms)
      ÔêÜ should translate warning message to Spanish (10 ms)
      ÔêÜ should translate no-data message to Spanish (1 ms)
      ÔêÜ should keep English when lang is en (1 ms)
      ÔêÜ should return null for null input (1 ms)
    translateSynergyValidations - array
      ÔêÜ should translate an array of validations to Spanish (1 ms)
      ÔêÜ should return non-array input as-is (1 ms)
    translateHiringRecommendations
      ÔêÜ should translate not-available message to Spanish (1 ms)
      ÔêÜ should translate role names in ideal profiles to Spanish (1 ms)
      ÔêÜ should return null for null input (1 ms)

PASS tests/unit/cvQuestionsGenerator.test.js
  Curriculum Questions Generator Service
    generateQuestionsForMissingFields
      ÔêÜ should generate questions in English by default (4 ms)
      ÔêÜ should generate questions in Spanish when specified (1 ms)
      ÔêÜ should default to English for unsupported language
      ÔêÜ should sort questions by priority (1 ms)
      ÔêÜ should remove duplicate fields (1 ms)
      ÔêÜ should handle array field references (6 ms)
      ÔêÜ should handle empty missing fields array (2 ms)
    generateConditionalQuestions
      ÔêÜ should skip startDate question if immediate is true (1 ms)
      ÔêÜ should include startDate question if immediate is false (1 ms)
      ÔêÜ should skip travelFrequency if not willing to travel (1 ms)
      ÔêÜ should include travelFrequency if willing to travel (1 ms)
      ÔêÜ should skip overtimeAvailability if not willing to work off-hours
      ÔêÜ should include overtimeAvailability if willing to work off-hours
      ÔêÜ should skip countriesWorkedWith if no cross-cultural experience (45 ms)
      ÔêÜ should include all unconditional questions (1 ms)
    shouldAskQuestion
      ÔêÜ should return false for startDate when immediate is true (2 ms)
      ÔêÜ should return true for startDate when immediate is false (1 ms)
      ÔêÜ should return false for travelFrequency when not willing to travel (1 ms)
      ÔêÜ should return true for travelFrequency when willing to travel
      ÔêÜ should return true for unconditional questions
    getQuestionsByCategory
      ÔêÜ should group questions by category (5 ms)
      ÔêÜ should have arrays of questions for each category (1 ms)
      ÔêÜ should support different languages (1 ms)
      ÔêÜ should return empty object for no missing fields (1 ms)
    QUESTION_TEMPLATES
      ÔêÜ should have both English and Spanish versions for all questions (5 ms)
      ÔêÜ should have required properties in all questions (16 ms)
      ÔêÜ should have proper question types (4 ms)
      ÔêÜ boolean questions should have options (44 ms)
      ÔêÜ select questions should have options (1 ms)
      ÔêÜ should have templates for all availability fields (3 ms)

PASS tests/unit/controllers/legal.controller.test.js
  Legal Controller - Unit Tests
    getTerms
      ÔêÜ should return terms in JSON format by default (10 ms)
      ÔêÜ should return terms in text format when requested (1 ms)
      ÔêÜ should return terms in markdown format when requested (1 ms)
      ÔêÜ should handle different locales (1 ms)
      ÔêÜ should normalize locale to lowercase (1 ms)
      ÔêÜ should handle uppercase format parameter (5 ms)

PASS tests/unit/middleware/authorization.test.js
  Authorization Middleware - Unit Tests
    requireRole
      ÔêÜ deber├¡a permitir acceso con rol correcto (8 ms)
      ÔêÜ deber├¡a denegar acceso con rol incorrecto (3 ms)
      ÔêÜ deber├¡a denegar acceso sin usuario autenticado (2 ms)
      ÔêÜ deber├¡a aceptar m├║ltiples roles (2 ms)
    requireOrgAdmin
      ÔêÜ deber├¡a permitir acceso a org_admin (1 ms)
      ÔêÜ deber├¡a denegar acceso a no org_admin (2 ms)
      ÔêÜ deber├¡a denegar acceso sin autenticaci├│n (5 ms)
    requireEmployee
      ÔêÜ deber├¡a permitir acceso a employee (1 ms)
      ÔêÜ deber├¡a denegar acceso a no employee (2 ms)
      ÔêÜ deber├¡a denegar acceso sin autenticaci├│n (2 ms)
    requireCompleteProfile
      ÔêÜ deber├¡a permitir acceso con perfil completo (4 ms)
      ÔêÜ deber├¡a denegar acceso con perfil incompleto (1 ms)
      ÔêÜ deber├¡a denegar acceso sin autenticaci├│n (1 ms)
    requireOwnerOrOrgAdmin
      ÔêÜ deber├¡a permitir acceso al propio usuario (3 ms)
      ÔêÜ deber├¡a denegar acceso sin autenticaci├│n (5 ms)
    requireOrganizationAdmin
      ÔêÜ deber├¡a denegar acceso sin autenticaci├│n (3 ms)
    requireOrganizationMember
      ÔêÜ deber├¡a denegar acceso sin autenticaci├│n (1 ms)
    requireOrgAdminOrProjectManager
      ÔêÜ deber├¡a permitir acceso a org_admin (1 ms)
      ÔêÜ deber├¡a denegar acceso sin autenticaci├│n (2 ms)
      ÔêÜ deber├¡a denegar acceso a empleado sin rol de project manager (1 ms)

PASS tests/unit/services/cvInteractiveQuestionnaire.service.test.js
  cvInteractiveQuestionnaire.service - Unit Tests
    ÔêÜ generateSessionId returns a non-empty string (3 ms)
    ÔêÜ validateResponse returns errors for required empty string (29 ms)
    ÔêÜ calculateProgress returns percentage in [0,100] (1 ms)

PASS tests/unit/utils/validators.test.js
  Validators - Unit Tests
    validateEmail
      ÔêÜ deber├¡a aceptar email v├ílido (15 ms)
      ÔêÜ deber├¡a rechazar email inv├ílido (6 ms)
    validatePassword
      ÔêÜ deber├¡a aceptar contrase├▒a v├ílida (1 ms)
      ÔêÜ deber├¡a rechazar contrase├▒a inv├ílida (1 ms)
    validateRegistrationData
      ÔêÜ deber├¡a aceptar datos de registro v├ílidos (1 ms)
      ÔêÜ deber├¡a rechazar datos faltantes (35 ms)
      ÔêÜ deber├¡a rechazar email inv├ílido (26 ms)
      ÔêÜ deber├¡a rechazar contrase├▒a corta (2 ms)

PASS tests/unit/utils/dictionaries.test.js
  Dictionaries - Unit Tests
    getAllTechnologies
      ÔêÜ should return all technologies in a flat array (4 ms)
      ÔêÜ should include technologies from all categories (2 ms)
    getAllCities
      ÔêÜ should return all cities in a flat array (12 ms)
      ÔêÜ should include both spanish and international cities (1 ms)
    normalizeTechnology
      ÔêÜ should normalize common technology variations (1 ms)
      ÔêÜ should handle case insensitive input (1 ms)
      ÔêÜ should trim whitespace (1 ms)
      ÔêÜ should return original tech if no normalization exists
      ÔêÜ should normalize database names
      ÔêÜ should normalize cloud providers (1 ms)
    detectTechnologyCategory
      ÔêÜ should detect programming languages (5 ms)
      ÔêÜ should detect frontend frameworks (2 ms)
      ÔêÜ should detect backend frameworks (4 ms)
      ÔêÜ should detect databases (1 ms)
      ÔêÜ should detect cloud technologies (1 ms)
      ÔêÜ should detect tools (1 ms)
      ÔêÜ should handle case insensitive input (1 ms)
      ÔêÜ should normalize before detecting (5 ms)
      ÔêÜ should return "otro" for unknown technologies (1 ms)
    sectionKeywords
      ÔêÜ should have keywords for all common curriculum sections (1 ms)
      ÔêÜ should contain both spanish and english keywords (2 ms)
    languageLevels
      ÔêÜ should have all language proficiency levels (2 ms)
      ÔêÜ should include CEFR levels (1 ms)
    departments
      ÔêÜ should include common software development departments (1 ms)
    workModes
      ÔêÜ should include all work mode types (1 ms)
    commonLanguages
      ÔêÜ should include major world languages (4 ms)

PASS tests/unit/services/cvExtractors/experienceExtractor.test.js
  ExperienceExtractor - Unit Tests
    ÔêÜ should return empty array when sectionText is empty (5 ms)
    ÔêÜ should extract current job (Presente) and technologies (3 ms)
    ÔêÜ should split multiple jobs by blank lines (5 ms)

PASS tests/unit/utils/AppError.test.js
  AppError
    Constructor
      ÔêÜ should create an AppError with all parameters (4 ms)
      ÔêÜ should use code as message when message not provided (1 ms)
      ÔêÜ should work without details parameter (5 ms)
      ÔêÜ should have a stack trace (25 ms)
    badRequest
      ÔêÜ should create a 400 Bad Request error (2 ms)
      ÔêÜ should work with details (1 ms)
    unauthorized
      ÔêÜ should create a 401 Unauthorized error (1 ms)
      ÔêÜ should work without message (1 ms)
    forbidden
      ÔêÜ should create a 403 Forbidden error (1 ms)
      ÔêÜ should include details (2 ms)
    notFound
      ÔêÜ should create a 404 Not Found error (9 ms)
      ÔêÜ should work with entity ID in details (1 ms)
    conflict
      ÔêÜ should create a 409 Conflict error (2 ms)
      ÔêÜ should work with conflict details (1 ms)
    Error Inheritance
      ÔêÜ should be catchable as Error (1 ms)
      ÔêÜ should be distinguishable from generic Error (1 ms)
    Code and Message Combinations
      ÔêÜ should handle same code with different messages (1 ms)
      ÔêÜ should handle empty strings (1 ms)
    Details Parameter
      ÔêÜ should accept complex objects in details (18 ms)
      ÔêÜ should accept arrays in details (1 ms)
    toString and JSON
      ÔêÜ should convert to string properly (1 ms)
      ÔêÜ should serialize to JSON (1 ms)

PASS tests/unit/cvCompletenessValidator.test.js
  Curriculum Completeness Validator Service
    validateCVCompleteness
      ÔêÜ should return complete status for a fully populated curriculum (4 ms)
      ÔêÜ should detect missing contact information (5 ms)
      ÔêÜ should detect missing availability fields (2 ms)
      ÔêÜ should detect incomplete availability information (1 ms)
      ÔêÜ should require startDate when immediate is false (1 ms)
      ÔêÜ should not require travelFrequency when willingToTravel is true (travel details are optional) (1 ms)
      ÔêÜ should return 0% completeness for null curriculum (1 ms)
      ÔêÜ should calculate correct completeness score
    getFieldConfig
      ÔêÜ should return config for top-level field (1 ms)
      ÔêÜ should return config for nested field (1 ms)
      ÔêÜ should return null for unknown field (1 ms)
    isFieldComplete
      ÔêÜ should return true for complete field (1 ms)
      ÔêÜ should return false for missing field (26 ms)
      ÔêÜ should return true for non-tracked field (12 ms)
    getCategoryCompleteness
      ÔêÜ should group completeness by category (4 ms)
    CRITICAL_FIELDS
      ÔêÜ should have validators for all critical fields (2 ms)
      ÔêÜ all validators should be functions (2 ms)
      ÔêÜ all fields should have category and priority (3 ms)

PASS tests/unit/services/cvExtractors/educationExtractor.test.js
  EducationExtractor - Unit Tests
    extract
      ÔêÜ deber├¡a retornar array vac├¡o si no hay texto (11 ms)
      ÔêÜ deber├¡a retornar array vac├¡o si texto es null (1 ms)
      ÔêÜ deber├¡a normalizar el texto antes de procesar (4 ms)
      ÔêÜ deber├¡a procesar m├║ltiples entradas de educaci├│n (2 ms)
      ÔêÜ deber├¡a filtrar entradas inv├ílidas (45 ms)
      ÔêÜ deber├¡a manejar texto con solo espacios (1 ms)
      ÔêÜ deber├¡a procesar entradas de educaci├│n con fechas (2 ms)
    _splitIntoBlocks
      ÔêÜ deber├¡a dividir texto en bloques por l├¡neas vac├¡as (1 ms)

PASS tests/unit/services/cvExtractors/achievementsExtractor.test.js
  AchievementsExtractor - Unit Tests
    ÔêÜ should return empty structure when sectionText is empty (4 ms)
    ÔêÜ should extract publications when publication keywords exist (5 ms)
    ÔêÜ should extract awards and issuer when award keywords exist (8 ms)
    ÔêÜ should extract hackathons with position when hackathon keywords exist (4 ms)
    ÔêÜ should fallback to generic achievements when no specific keywords found (4 ms)

PASS tests/unit/services/personalityOptimizer.service.test.js
  personalityOptimizer.service - Unit Tests
    ÔêÜ optimizeTeamComposition returns optimized=false when no candidates (57 ms)
    ÔêÜ optimizeTeamComposition returns optimized=false when no profiles available (21 ms)
    ÔêÜ optimizeTeamComposition returns optimized=true when profiles exist (7 ms)

PASS tests/unit/services/email.service.test.js
  EmailService
    sendConfirmationEmail
      ÔêÜ deber├¡a enviar email exitosamente (6 ms)
      ÔêÜ deber├¡a lanzar error cuando la API de Brevo falla (23 ms)
    getConfirmationEmailTemplate
      ÔêÜ deber├¡a generar template de email correctamente (3 ms)

PASS tests/unit/controllers/home.controller.test.js
  Home Controller - Unit Tests
    home
      ÔêÜ deber├¡a retornar mensaje de bienvenida (8 ms)
      ÔêÜ deber├¡a llamarse una sola vez (2 ms)

A worker process has failed to exit gracefully and has been force exited. This is likely caused by tests leaking due to improper teardown. Try running with --detectOpenHandles to find leaks. Active timers can also cause this, ensure that .unref() was called on them.
Summary of all failing tests
FAIL tests/integration/protected-routes.integration.test.js (36.878 s)
  ÔùÅ Protected Routes - Integration Tests ÔÇ║ GET /api/profile ÔÇ║ deber├¡a permitir acceso con token v├ílido

    thrown: "Exceeded timeout of 30000 ms for a test.
    Add a timeout value to this test to increase the timeout, if this is a long-running test. See https://jestjs.io/docs/api#testname-fn-timeout."

      20 |
      21 |   describe('GET /api/profile', () => {
    > 22 |     it('deber├¡a permitir acceso con token v├ílido', async () => {
         |     ^
      23 |       const user = await User.create({
      24 |         email: 'test@example.com',
      25 |         name: 'Test User',

      at it (tests/integration/protected-routes.integration.test.js:22:5)
      at describe (tests/integration/protected-routes.integration.test.js:21:3)
      at Object.describe (tests/integration/protected-routes.integration.test.js:8:1)

  ÔùÅ Protected Routes - Integration Tests ÔÇ║ GET /api/profile ÔÇ║ deber├¡a permitir acceso con token v├ílido

    MongooseError: Can't call `openUri()` on an active connection with different connection strings. Make sure you aren't calling `mongoose.connect()` multiple times. See: https://mongoosejs.com/docs/connections.html#multiple_connections

       8 |
       9 |   try {
    > 10 |     await mongoose.connect(uri, {
         |                    ^
      11 |       serverSelectionTimeoutMS: 5000,
      12 |       socketTimeoutMS: 45000,
      13 |       maxPoolSize: 10,

      at NativeConnection.createClient (node_modules/mongoose/lib/drivers/node-mongodb-native/connection.js:251:13)
      at NativeConnection.openUri (node_modules/mongoose/lib/connection.js:1075:34)
      at Mongoose.connect (node_modules/mongoose/lib/mongoose.js:450:15)
      at connect (src/config/db.js:10:20)
      at connectDB (src/app.js:94:11)
      at Layer.handle [as handle_request] (node_modules/express/lib/router/layer.js:95:5)
      at trim_prefix (node_modules/express/lib/router/index.js:328:13)
      at node_modules/express/lib/router/index.js:286:9
      at Function.process_params (node_modules/express/lib/router/index.js:346:12)
      at next (node_modules/express/lib/router/index.js:280:10)
      at urlencodedParser (node_modules/body-parser/lib/types/urlencoded.js:91:7)
      at Layer.handle [as handle_request] (node_modules/express/lib/router/layer.js:95:5)
      at trim_prefix (node_modules/express/lib/router/index.js:328:13)
      at node_modules/express/lib/router/index.js:286:9
      at Function.process_params (node_modules/express/lib/router/index.js:346:12)
      at next (node_modules/express/lib/router/index.js:280:10)
      at jsonParser (node_modules/body-parser/lib/types/json.js:113:7)
      at Layer.handle [as handle_request] (node_modules/express/lib/router/layer.js:95:5)
      at trim_prefix (node_modules/express/lib/router/index.js:328:13)
      at node_modules/express/lib/router/index.js:286:9
      at Function.process_params (node_modules/express/lib/router/index.js:346:12)
      at next (node_modules/express/lib/router/index.js:280:10)
      at next (src/app.js:82:3)
      at Layer.handle [as handle_request] (node_modules/express/lib/router/layer.js:95:5)
      at trim_prefix (node_modules/express/lib/router/index.js:328:13)
      at node_modules/express/lib/router/index.js:286:9
      at Function.process_params (node_modules/express/lib/router/index.js:346:12)
      at next (node_modules/express/lib/router/index.js:280:10)
      at hpp (node_modules/hpp/lib/index.js:146:9)
      at Layer.handle [as handle_request] (node_modules/express/lib/router/layer.js:95:5)
      at trim_prefix (node_modules/express/lib/router/index.js:328:13)
      at node_modules/express/lib/router/index.js:286:9
      at Function.process_params (node_modules/express/lib/router/index.js:346:12)
      at next (node_modules/express/lib/router/index.js:280:10)
      at node_modules/express-mongo-sanitize/index.js:122:5
      at Layer.handle [as handle_request] (node_modules/express/lib/router/layer.js:95:5)
      at trim_prefix (node_modules/express/lib/router/index.js:328:13)
      at node_modules/express/lib/router/index.js:286:9
      at Function.process_params (node_modules/express/lib/router/index.js:346:12)
      at next (node_modules/express/lib/router/index.js:280:10)
      at node_modules/express-rate-limit/dist/index.cjs:942:7
      at node_modules/express-rate-limit/dist/index.cjs:825:5

FAIL tests/unit/utils/jwt.test.js
  ÔùÅ JWT Utils - Unit Tests ÔÇ║ generateToken ÔÇ║ deber├¡a generar token JWT correctamente

    expect(jest.fn()).toHaveBeenCalledWith(...expected)

    - Expected
    + Received

      Object {
        "email": "test@example.com",
        "name": "Test User",
    +   "organization": null,
        "role": "employee",
        "userId": "507f1f77bcf86cd799439011",
      },
      "test-jwt-secret-for-testing-only-32-chars",
      {"expiresIn": "7d"},

    Number of calls: 1

      23 |       jwt.sign.mockReturnValue('fake-jwt-token');
      24 |       const token = generateToken(user);
    > 25 |       expect(jwt.sign).toHaveBeenCalledWith(
         |                        ^
      26 |         {
      27 |           userId: user._id,
      28 |           email: user.email,

      at Object.toHaveBeenCalledWith (tests/unit/utils/jwt.test.js:25:24)

FAIL tests/integration/auth.integration.test.js (38.829 s)
  ÔùÅ Auth - Integration Tests ÔÇ║ POST /auth/register ÔÇ║ deber├¡a registrar un usuario exitosamente

    thrown: "Exceeded timeout of 30000 ms for a test.
    Add a timeout value to this test to increase the timeout, if this is a long-running test. See https://jestjs.io/docs/api#testname-fn-timeout."

      25 |
      26 |   describe('POST /auth/register', () => {
    > 27 |     it('deber├¡a registrar un usuario exitosamente', async () => {
         |     ^
      28 |       const userData = {
      29 |         email: 'test@example.com',
      30 |         name: 'Test User',

      at it (tests/integration/auth.integration.test.js:27:5)
      at describe (tests/integration/auth.integration.test.js:26:3)
      at Object.describe (tests/integration/auth.integration.test.js:12:1)

  ÔùÅ Auth - Integration Tests ÔÇ║ POST /auth/register ÔÇ║ deber├¡a registrar un usuario exitosamente

    MongooseError: Can't call `openUri()` on an active connection with different connection strings. Make sure you aren't calling `mongoose.connect()` multiple times. See: https://mongoosejs.com/docs/connections.html#multiple_connections

       8 |
       9 |   try {
    > 10 |     await mongoose.connect(uri, {
         |                    ^
      11 |       serverSelectionTimeoutMS: 5000,
      12 |       socketTimeoutMS: 45000,
      13 |       maxPoolSize: 10,

      at NativeConnection.createClient (node_modules/mongoose/lib/drivers/node-mongodb-native/connection.js:251:13)
      at NativeConnection.openUri (node_modules/mongoose/lib/connection.js:1075:34)
      at Mongoose.connect (node_modules/mongoose/lib/mongoose.js:450:15)
      at connect (src/config/db.js:10:20)
      at connectDB (src/app.js:94:11)
      at Layer.handle [as handle_request] (node_modules/express/lib/router/layer.js:95:5)
      at trim_prefix (node_modules/express/lib/router/index.js:328:13)
      at node_modules/express/lib/router/index.js:286:9
      at Function.process_params (node_modules/express/lib/router/index.js:346:12)
      at next (node_modules/express/lib/router/index.js:280:10)
      at urlencodedParser (node_modules/body-parser/lib/types/urlencoded.js:82:7)
      at Layer.handle [as handle_request] (node_modules/express/lib/router/layer.js:95:5)
      at trim_prefix (node_modules/express/lib/router/index.js:328:13)
      at node_modules/express/lib/router/index.js:286:9
      at Function.process_params (node_modules/express/lib/router/index.js:346:12)
      at next (node_modules/express/lib/router/index.js:280:10)
      at node_modules/body-parser/lib/read.js:137:5
      at invokeCallback (node_modules/raw-body/index.js:238:16)
      at done (node_modules/raw-body/index.js:227:7)
      at IncomingMessage.onEnd (node_modules/raw-body/index.js:287:7)

  ÔùÅ Auth - Integration Tests ÔÇ║ POST /auth/login ÔÇ║ deber├¡a hacer login exitosamente con usuario confirmado

    MongoServerError: E11000 duplicate key error collection: test.users index: email_1 dup key: { email: "test@example.com" }

      at InsertOneOperation.handleOk (node_modules/mongodb/src/operations/insert.ts:79:13)
      at tryOperation (node_modules/mongodb/src/operations/execute_operation.ts:290:26)
      at executeOperation (node_modules/mongodb/src/operations/execute_operation.ts:119:12)
      at Collection.insertOne (node_modules/mongodb/src/collection.ts:294:12)

  ÔùÅ Auth - Integration Tests ÔÇ║ POST /auth/login ÔÇ║ deber├¡a rechazar login con contrase├▒a incorrecta

    MongoServerError: E11000 duplicate key error collection: test.users index: email_1 dup key: { email: "test@example.com" }

      at InsertOneOperation.handleOk (node_modules/mongodb/src/operations/insert.ts:79:13)
      at tryOperation (node_modules/mongodb/src/operations/execute_operation.ts:290:26)
      at executeOperation (node_modules/mongodb/src/operations/execute_operation.ts:119:12)
      at Collection.insertOne (node_modules/mongodb/src/collection.ts:294:12)

  ÔùÅ Auth - Integration Tests ÔÇ║ GET /auth/confirm ÔÇ║ deber├¡a confirmar cuenta con token v├ílido

    MongoServerError: E11000 duplicate key error collection: test.users index: email_1 dup key: { email: "test@example.com" }

      at InsertOneOperation.handleOk (node_modules/mongodb/src/operations/insert.ts:79:13)
      at tryOperation (node_modules/mongodb/src/operations/execute_operation.ts:290:26)
      at executeOperation (node_modules/mongodb/src/operations/execute_operation.ts:119:12)
      at Collection.insertOne (node_modules/mongodb/src/collection.ts:294:12)

  ÔùÅ Auth - Integration Tests ÔÇ║ POST /auth/send-confirmation ÔÇ║ deber├¡a reenviar email de confirmaci├│n exitosamente

    expected 200 "OK", got 404 "Not Found"

      191 |           name: 'Test User'
      192 |         })
    > 193 |         .expect(200);
          |          ^
      194 |       expect(response.body.success).toBe(true);
      195 |       expect(response.body.message).toContain('Confirmation email sent');
      196 |     });

      at Object.expect (tests/integration/auth.integration.test.js:193:10)
      ----
      at Test._assertStatus (node_modules/supertest/lib/test.js:309:14)
      at node_modules/supertest/lib/test.js:365:13
      at Test._assertFunction (node_modules/supertest/lib/test.js:342:13)
      at Test.assert (node_modules/supertest/lib/test.js:195:23)
      at localAssert (node_modules/supertest/lib/test.js:138:14)
      at Server.<anonymous> (node_modules/supertest/lib/test.js:152:11)

FAIL tests/integration/profile.integration.test.js (39.12 s)
  ÔùÅ Profile API Tests ÔÇ║ GET /api/profile ÔÇ║ should return user profile with valid token

    thrown: "Exceeded timeout of 30000 ms for a test.
    Add a timeout value to this test to increase the timeout, if this is a long-running test. See https://jestjs.io/docs/api#testname-fn-timeout."

      49 |
      50 |   describe('GET /api/profile', () => {
    > 51 |     it('should return user profile with valid token', async () => {
         |     ^
      52 |       const response = await request(app)
      53 |         .get('/api/profile')
      54 |         .set('Authorization', `Bearer ${authToken}`);

      at it (tests/integration/profile.integration.test.js:51:5)
      at describe (tests/integration/profile.integration.test.js:50:3)
      at Object.describe (tests/integration/profile.integration.test.js:8:1)

  ÔùÅ Profile API Tests ÔÇ║ GET /api/profile ÔÇ║ should return user profile with valid token

    MongooseError: Can't call `openUri()` on an active connection with different connection strings. Make sure you aren't calling `mongoose.connect()` multiple times. See: https://mongoosejs.com/docs/connections.html#multiple_connections

       8 |
       9 |   try {
    > 10 |     await mongoose.connect(uri, {
         |                    ^
      11 |       serverSelectionTimeoutMS: 5000,
      12 |       socketTimeoutMS: 45000,
      13 |       maxPoolSize: 10,

      at NativeConnection.createClient (node_modules/mongoose/lib/drivers/node-mongodb-native/connection.js:251:13)
      at NativeConnection.openUri (node_modules/mongoose/lib/connection.js:1075:34)
      at Mongoose.connect (node_modules/mongoose/lib/mongoose.js:450:15)
      at connect (src/config/db.js:10:20)
      at connectDB (src/app.js:94:11)
      at Layer.handle [as handle_request] (node_modules/express/lib/router/layer.js:95:5)
      at trim_prefix (node_modules/express/lib/router/index.js:328:13)
      at node_modules/express/lib/router/index.js:286:9
      at Function.process_params (node_modules/express/lib/router/index.js:346:12)
      at next (node_modules/express/lib/router/index.js:280:10)
      at urlencodedParser (node_modules/body-parser/lib/types/urlencoded.js:91:7)
      at Layer.handle [as handle_request] (node_modules/express/lib/router/layer.js:95:5)
      at trim_prefix (node_modules/express/lib/router/index.js:328:13)
      at node_modules/express/lib/router/index.js:286:9
      at Function.process_params (node_modules/express/lib/router/index.js:346:12)
      at next (node_modules/express/lib/router/index.js:280:10)
      at jsonParser (node_modules/body-parser/lib/types/json.js:113:7)
      at Layer.handle [as handle_request] (node_modules/express/lib/router/layer.js:95:5)
      at trim_prefix (node_modules/express/lib/router/index.js:328:13)
      at node_modules/express/lib/router/index.js:286:9
      at Function.process_params (node_modules/express/lib/router/index.js:346:12)
      at next (node_modules/express/lib/router/index.js:280:10)
      at next (src/app.js:82:3)
      at Layer.handle [as handle_request] (node_modules/express/lib/router/layer.js:95:5)
      at trim_prefix (node_modules/express/lib/router/index.js:328:13)
      at node_modules/express/lib/router/index.js:286:9
      at Function.process_params (node_modules/express/lib/router/index.js:346:12)
      at next (node_modules/express/lib/router/index.js:280:10)
      at hpp (node_modules/hpp/lib/index.js:146:9)
      at Layer.handle [as handle_request] (node_modules/express/lib/router/layer.js:95:5)
      at trim_prefix (node_modules/express/lib/router/index.js:328:13)
      at node_modules/express/lib/router/index.js:286:9
      at Function.process_params (node_modules/express/lib/router/index.js:346:12)
      at next (node_modules/express/lib/router/index.js:280:10)
      at node_modules/express-mongo-sanitize/index.js:122:5
      at Layer.handle [as handle_request] (node_modules/express/lib/router/layer.js:95:5)
      at trim_prefix (node_modules/express/lib/router/index.js:328:13)
      at node_modules/express/lib/router/index.js:286:9
      at Function.process_params (node_modules/express/lib/router/index.js:346:12)
      at next (node_modules/express/lib/router/index.js:280:10)
      at node_modules/express-rate-limit/dist/index.cjs:942:7
      at node_modules/express-rate-limit/dist/index.cjs:825:5

  ÔùÅ Profile API Tests ÔÇ║ PATCH /api/profile ÔÇ║ should not allow updating email

    TypeError: Cannot read properties of null (reading 'email')

      244 |       // Email no debe cambiar
      245 |       const user = await User.findById(testUser._id);
    > 246 |       expect(user.email).toBe('test@example.com');
          |                   ^
      247 |     });
      248 |
      249 |     it('should not allow updating role', async () => {

      at Object.email (tests/integration/profile.integration.test.js:246:19)

  ÔùÅ Profile API Tests ÔÇ║ PATCH /api/profile ÔÇ║ should not allow updating role

    TypeError: Cannot read properties of null (reading 'role')

      257 |       // Role no debe cambiar
      258 |       const user = await User.findById(testUser._id);
    > 259 |       expect(user.role).toBe('employee');
          |                   ^
      260 |     });
      261 |
      262 |     it('should return 401 without token', async () => {

      at Object.role (tests/integration/profile.integration.test.js:259:19)


Test Suites: 4 failed, 61 passed, 65 total
Tests:       10 failed, 887 passed, 897 total
Snapshots:   0 total
Time:        75.829 s, estimated 79 s
Ran all test suites.
[baseline-browser-mapping] The data in this module is over two months old.  To ensure accurate Baseline data, please update: `npm i baseline-browser-mapping@latest -D`
Ô£ô MongoDB test server closed successfully
